../Core/Src/stm32l4xx_it.c:3:6:NMI_Handler	4	static
../Core/Src/stm32l4xx_it.c:10:6:HardFault_Handler	4	static
../Core/Src/stm32l4xx_it.c:18:6:MemManage_Handler	4	static
../Core/Src/stm32l4xx_it.c:25:6:BusFault_Handler	4	static
../Core/Src/stm32l4xx_it.c:32:6:UsageFault_Handler	4	static
../Core/Src/stm32l4xx_it.c:39:6:SVC_Handler	4	static
../Core/Src/stm32l4xx_it.c:45:6:DebugMon_Handler	4	static
../Core/Src/stm32l4xx_it.c:50:6:PendSV_Handler	4	static
../Core/Src/stm32l4xx_it.c:55:6:SysTick_Handler	8	static
../Core/Src/stm32l4xx_it.c:60:6:USART3_IRQHandler	8	static
