../Core/Src/stm32l4xx_it.c:8:6:NMI_Handler	4	static
../Core/Src/stm32l4xx_it.c:15:6:HardFault_Handler	4	static
../Core/Src/stm32l4xx_it.c:24:6:MemManage_Handler	4	static
../Core/Src/stm32l4xx_it.c:33:6:BusFault_Handler	4	static
../Core/Src/stm32l4xx_it.c:42:6:UsageFault_Handler	4	static
../Core/Src/stm32l4xx_it.c:51:6:SVC_Handler	4	static
../Core/Src/stm32l4xx_it.c:57:6:DebugMon_Handler	4	static
../Core/Src/stm32l4xx_it.c:62:6:PendSV_Handler	4	static
../Core/Src/stm32l4xx_it.c:68:6:SysTick_Handler	8	static
../Core/Src/stm32l4xx_it.c:73:6:DMA1_Channel6_IRQHandler	8	static
../Core/Src/stm32l4xx_it.c:77:6:DMA1_Channel7_IRQHandler	8	static
../Core/Src/stm32l4xx_it.c:81:6:I2C1_EV_IRQHandler	8	static
../Core/Src/stm32l4xx_it.c:87:6:I2C1_ER_IRQHandler	8	static
