Archive member included to satisfy reference by file (symbol)

C:/ST/STM32CubeIDE_1.17.0/STM32CubeIDE/plugins/com.st.stm32cube.ide.mcu.externaltools.gnu-tools-for-stm32.12.3.rel1.win32_1.1.0.202410251130/tools/bin/../lib/gcc/arm-none-eabi/12.3.1/../../../../arm-none-eabi/lib/thumb/v7e-m+fp/hard\libm.a(libm_a-w_pow.o)
                              ./Core/Src/bmp180.o (pow)
C:/ST/STM32CubeIDE_1.17.0/STM32CubeIDE/plugins/com.st.stm32cube.ide.mcu.externaltools.gnu-tools-for-stm32.12.3.rel1.win32_1.1.0.202410251130/tools/bin/../lib/gcc/arm-none-eabi/12.3.1/../../../../arm-none-eabi/lib/thumb/v7e-m+fp/hard\libm.a(libm_a-s_finite.o)
                              C:/ST/STM32CubeIDE_1.17.0/STM32CubeIDE/plugins/com.st.stm32cube.ide.mcu.externaltools.gnu-tools-for-stm32.12.3.rel1.win32_1.1.0.202410251130/tools/bin/../lib/gcc/arm-none-eabi/12.3.1/../../../../arm-none-eabi/lib/thumb/v7e-m+fp/hard\libm.a(libm_a-w_pow.o) (finite)
C:/ST/STM32CubeIDE_1.17.0/STM32CubeIDE/plugins/com.st.stm32cube.ide.mcu.externaltools.gnu-tools-for-stm32.12.3.rel1.win32_1.1.0.202410251130/tools/bin/../lib/gcc/arm-none-eabi/12.3.1/../../../../arm-none-eabi/lib/thumb/v7e-m+fp/hard\libm.a(libm_a-e_pow.o)
                              C:/ST/STM32CubeIDE_1.17.0/STM32CubeIDE/plugins/com.st.stm32cube.ide.mcu.externaltools.gnu-tools-for-stm32.12.3.rel1.win32_1.1.0.202410251130/tools/bin/../lib/gcc/arm-none-eabi/12.3.1/../../../../arm-none-eabi/lib/thumb/v7e-m+fp/hard\libm.a(libm_a-w_pow.o) (__ieee754_pow)
C:/ST/STM32CubeIDE_1.17.0/STM32CubeIDE/plugins/com.st.stm32cube.ide.mcu.externaltools.gnu-tools-for-stm32.12.3.rel1.win32_1.1.0.202410251130/tools/bin/../lib/gcc/arm-none-eabi/12.3.1/../../../../arm-none-eabi/lib/thumb/v7e-m+fp/hard\libm.a(libm_a-s_fabs.o)
                              C:/ST/STM32CubeIDE_1.17.0/STM32CubeIDE/plugins/com.st.stm32cube.ide.mcu.externaltools.gnu-tools-for-stm32.12.3.rel1.win32_1.1.0.202410251130/tools/bin/../lib/gcc/arm-none-eabi/12.3.1/../../../../arm-none-eabi/lib/thumb/v7e-m+fp/hard\libm.a(libm_a-e_pow.o) (fabs)
C:/ST/STM32CubeIDE_1.17.0/STM32CubeIDE/plugins/com.st.stm32cube.ide.mcu.externaltools.gnu-tools-for-stm32.12.3.rel1.win32_1.1.0.202410251130/tools/bin/../lib/gcc/arm-none-eabi/12.3.1/../../../../arm-none-eabi/lib/thumb/v7e-m+fp/hard\libm.a(libm_a-s_scalbn.o)
                              C:/ST/STM32CubeIDE_1.17.0/STM32CubeIDE/plugins/com.st.stm32cube.ide.mcu.externaltools.gnu-tools-for-stm32.12.3.rel1.win32_1.1.0.202410251130/tools/bin/../lib/gcc/arm-none-eabi/12.3.1/../../../../arm-none-eabi/lib/thumb/v7e-m+fp/hard\libm.a(libm_a-e_pow.o) (scalbn)
C:/ST/STM32CubeIDE_1.17.0/STM32CubeIDE/plugins/com.st.stm32cube.ide.mcu.externaltools.gnu-tools-for-stm32.12.3.rel1.win32_1.1.0.202410251130/tools/bin/../lib/gcc/arm-none-eabi/12.3.1/../../../../arm-none-eabi/lib/thumb/v7e-m+fp/hard\libm.a(libm_a-math_err.o)
                              C:/ST/STM32CubeIDE_1.17.0/STM32CubeIDE/plugins/com.st.stm32cube.ide.mcu.externaltools.gnu-tools-for-stm32.12.3.rel1.win32_1.1.0.202410251130/tools/bin/../lib/gcc/arm-none-eabi/12.3.1/../../../../arm-none-eabi/lib/thumb/v7e-m+fp/hard\libm.a(libm_a-e_pow.o) (__math_uflow)
C:/ST/STM32CubeIDE_1.17.0/STM32CubeIDE/plugins/com.st.stm32cube.ide.mcu.externaltools.gnu-tools-for-stm32.12.3.rel1.win32_1.1.0.202410251130/tools/bin/../lib/gcc/arm-none-eabi/12.3.1/../../../../arm-none-eabi/lib/thumb/v7e-m+fp/hard\libm.a(libm_a-e_sqrt.o)
                              C:/ST/STM32CubeIDE_1.17.0/STM32CubeIDE/plugins/com.st.stm32cube.ide.mcu.externaltools.gnu-tools-for-stm32.12.3.rel1.win32_1.1.0.202410251130/tools/bin/../lib/gcc/arm-none-eabi/12.3.1/../../../../arm-none-eabi/lib/thumb/v7e-m+fp/hard\libm.a(libm_a-e_pow.o) (__ieee754_sqrt)
C:/ST/STM32CubeIDE_1.17.0/STM32CubeIDE/plugins/com.st.stm32cube.ide.mcu.externaltools.gnu-tools-for-stm32.12.3.rel1.win32_1.1.0.202410251130/tools/bin/../lib/gcc/arm-none-eabi/12.3.1/../../../../arm-none-eabi/lib/thumb/v7e-m+fp/hard\libc_nano.a(libc_a-exit.o)
                              C:/ST/STM32CubeIDE_1.17.0/STM32CubeIDE/plugins/com.st.stm32cube.ide.mcu.externaltools.gnu-tools-for-stm32.12.3.rel1.win32_1.1.0.202410251130/tools/bin/../lib/gcc/arm-none-eabi/12.3.1/../../../../arm-none-eabi/lib/thumb/v7e-m+fp/hard/crt0.o (exit)
C:/ST/STM32CubeIDE_1.17.0/STM32CubeIDE/plugins/com.st.stm32cube.ide.mcu.externaltools.gnu-tools-for-stm32.12.3.rel1.win32_1.1.0.202410251130/tools/bin/../lib/gcc/arm-none-eabi/12.3.1/../../../../arm-none-eabi/lib/thumb/v7e-m+fp/hard\libc_nano.a(libc_a-malloc.o)
                              ./Core/Src/mpu6050.o (malloc)
C:/ST/STM32CubeIDE_1.17.0/STM32CubeIDE/plugins/com.st.stm32cube.ide.mcu.externaltools.gnu-tools-for-stm32.12.3.rel1.win32_1.1.0.202410251130/tools/bin/../lib/gcc/arm-none-eabi/12.3.1/../../../../arm-none-eabi/lib/thumb/v7e-m+fp/hard\libc_nano.a(libc_a-mallocr.o)
[...]
Memory Configuration

Name             Origin             Length             Attributes
RAM              0x20000000         0x00018000         xrw
RAM2             0x10000000         0x00008000         xrw
FLASH            0x08000000         0x00100000         xr
*default*        0x00000000         0xffffffff

Linker script and memory map

LOAD C:/ST/STM32CubeIDE_1.17.0/STM32CubeIDE/plugins/com.st.stm32cube.ide.mcu.externaltools.gnu-tools-for-stm32.12.3.rel1.win32_1.1.0.202410251130/tools/bin/../lib/gcc/arm-none-eabi/12.3.1/thumb/v7e-m+fp/hard/crti.o
LOAD C:/ST/STM32CubeIDE_1.17.0/STM32CubeIDE/plugins/com.st.stm32cube.ide.mcu.externaltools.gnu-tools-for-stm32.12.3.rel1.win32_1.1.0.202410251130/tools/bin/../lib/gcc/arm-none-eabi/12.3.1/thumb/v7e-m+fp/hard/crtbegin.o
LOAD C:/ST/STM32CubeIDE_1.17.0/STM32CubeIDE/plugins/com.st.stm32cube.ide.mcu.externaltools.gnu-tools-for-stm32.12.3.rel1.win32_1.1.0.202410251130/tools/bin/../lib/gcc/arm-none-eabi/12.3.1/../../../../arm-none-eabi/lib/thumb/v7e-m+fp/hard/crt0.o
LOAD ./Core/Src/bmp180.o
LOAD ./Core/Src/ds3231.o
LOAD ./Core/Src/i2c.o
LOAD ./Core/Src/main.o
LOAD ./Core/Src/mpu6050.o
LOAD ./Core/Src/sd.o
LOAD ./Core/Src/spi.o
LOAD ./Core/Src/stm32l4xx_hal_msp.o
LOAD ./Core/Src/stm32l4xx_it.o
LOAD ./Core/Src/syscalls.o
LOAD ./Core/Src/sysmem.o
LOAD ./Core/Src/system_stm32l4xx.o
LOAD ./Core/Startup/startup_stm32l476rgtx.o
LOAD ./Drivers/STM32L4xx_HAL_Driver/Src/stm32l4xx_hal.o
LOAD ./Drivers/STM32L4xx_HAL_Driver/Src/stm32l4xx_hal_cortex.o
LOAD ./Drivers/STM32L4xx_HAL_Driver/Src/stm32l4xx_hal_dma.o
LOAD ./Drivers/STM32L4xx_HAL_Driver/Src/stm32l4xx_hal_dma_ex.o
LOAD ./Drivers/STM32L4xx_HAL_Driver/Src/stm32l4xx_hal_exti.o
LOAD ./Drivers/STM32L4xx_HAL_Driver/Src/stm32l4xx_hal_flash.o
LOAD ./Drivers/STM32L4xx_HAL_Driver/Src/stm32l4xx_hal_flash_ex.o
LOAD ./Drivers/STM32L4xx_HAL_Driver/Src/stm32l4xx_hal_flash_ramfunc.o
LOAD ./Drivers/STM32L4xx_HAL_Driver/Src/stm32l4xx_hal_gpio.o
LOAD ./Drivers/STM32L4xx_HAL_Driver/Src/stm32l4xx_hal_i2c.o
LOAD ./Drivers/STM32L4xx_HAL_Driver/Src/stm32l4xx_hal_i2c_ex.o
LOAD ./Drivers/STM32L4xx_HAL_Driver/Src/stm32l4xx_hal_pwr.o
LOAD ./Drivers/STM32L4xx_HAL_Driver/Src/stm32l4xx_hal_pwr_ex.o
LOAD ./Drivers/STM32L4xx_HAL_Driver/Src/stm32l4xx_hal_rcc.o
LOAD ./Drivers/STM32L4xx_HAL_Driver/Src/stm32l4xx_hal_rcc_ex.o
LOAD ./Drivers/STM32L4xx_HAL_Driver/Src/stm32l4xx_hal_uart.o
LOAD ./Drivers/STM32L4xx_HAL_Driver/Src/stm32l4xx_hal_uart_ex.o
START GROUP
LOAD C:/ST/STM32CubeIDE_1.17.0/STM32CubeIDE/plugins/com.st.stm32cube.ide.mcu.externaltools.gnu-tools-for-stm32.12.3.rel1.win32_1.1.0.202410251130/tools/bin/../lib/gcc/arm-none-eabi/12.3.1/../../../../arm-none-eabi/lib/thumb/v7e-m+fp/hard\libstdc++_nano.a
LOAD C:/ST/STM32CubeIDE_1.17.0/STM32CubeIDE/plugins/com.st.stm32cube.ide.mcu.externaltools.gnu-tools-for-stm32.12.3.rel1.win32_1.1.0.202410251130/tools/bin/../lib/gcc/arm-none-eabi/12.3.1/../../../../arm-none-eabi/lib/thumb/v7e-m+fp/hard\libsupc++_nano.a
END GROUP
LOAD C:/ST/STM32CubeIDE_1.17.0/STM32CubeIDE/plugins/com.st.stm32cube.ide.mcu.externaltools.gnu-tools-for-stm32.12.3.rel1.win32_1.1.0.202410251130/tools/bin/../lib/gcc/arm-none-eabi/12.3.1/../../../../arm-none-eabi/lib/thumb/v7e-m+fp/hard\libstdc++_nano.a
LOAD C:/ST/STM32CubeIDE_1.17.0/STM32CubeIDE/plugins/com.st.stm32cube.ide.mcu.externaltools.gnu-tools-for-stm32.12.3.rel1.win32_1.1.0.202410251130/tools/bin/../lib/gcc/arm-none-eabi/12.3.1/../../../../arm-none-eabi/lib/thumb/v7e-m+fp/hard\libm.a
LOAD C:/ST/STM32CubeIDE_1.17.0/STM32CubeIDE/plugins/com.st.stm32cube.ide.mcu.externaltools.gnu-tools-for-stm32.12.3.rel1.win32_1.1.0.202410251130/tools/bin/../lib/gcc/arm-none-eabi/12.3.1/../../../../arm-none-eabi/lib/thumb/v7e-m+fp/hard\libc_nano.a
START GROUP
LOAD C:/ST/STM32CubeIDE_1.17.0/STM32CubeIDE/plugins/com.st.stm32cube.ide.mcu.externaltools.gnu-tools-for-stm32.12.3.rel1.win32_1.1.0.202410251130/tools/bin/../lib/gcc/arm-none-eabi/12.3.1/thumb/v7e-m+fp/hard\libgcc.a
LOAD C:/ST/STM32CubeIDE_1.17.0/STM32CubeIDE/plugins/com.st.stm32cube.ide.mcu.externaltools.gnu-tools-for-stm32.12.3.rel1.win32_1.1.0.202410251130/tools/bin/../lib/gcc/arm-none-eabi/12.3.1/../../../../arm-none-eabi/lib/thumb/v7e-m+fp/hard\libc_nano.a
END GROUP
START GROUP
LOAD C:/ST/STM32CubeIDE_1.17.0/STM32CubeIDE/plugins/com.st.stm32cube.ide.mcu.externaltools.gnu-tools-for-stm32.12.3.rel1.win32_1.1.0.202410251130/tools/bin/../lib/gcc/arm-none-eabi/12.3.1/thumb/v7e-m+fp/hard\libgcc.a
LOAD C:/ST/STM32CubeIDE_1.17.0/STM32CubeIDE/plugins/com.st.stm32cube.ide.mcu.externaltools.gnu-tools-for-stm32.12.3.rel1.win32_1.1.0.202410251130/tools/bin/../lib/gcc/arm-none-eabi/12.3.1/../../../../arm-none-eabi/lib/thumb/v7e-m+fp/hard\libc_nano.a
LOAD C:/ST/STM32CubeIDE_1.17.0/STM32CubeIDE/plugins/com.st.stm32cube.ide.mcu.externaltools.gnu-tools-for-stm32.12.3.rel1.win32_1.1.0.202410251130/tools/bin/../lib/gcc/arm-none-eabi/12.3.1/../../../../arm-none-eabi/lib/thumb/v7e-m+fp/hard\libnosys.a
END GROUP
START GROUP
LOAD C:/ST/STM32CubeIDE_1.17.0/STM32CubeIDE/plugins/com.st.stm32cube.ide.mcu.externaltools.gnu-tools-for-stm32.12.3.rel1.win32_1.1.0.202410251130/tools/bin/../lib/gcc/arm-none-eabi/12.3.1/thumb/v7e-m+fp/hard\libgcc.a
LOAD C:/ST/STM32CubeIDE_1.17.0/STM32CubeIDE/plugins/com.st.stm32cube.ide.mcu.externaltools.gnu-tools-for-stm32.12.3.rel1.win32_1.1.0.202410251130/tools/bin/../lib/gcc/arm-none-eabi/12.3.1/../../../../arm-none-eabi/lib/thumb/v7e-m+fp/hard\libc_nano.a
LOAD C:/ST/STM32CubeIDE_1.17.0/STM32CubeIDE/plugins/com.st.stm32cube.ide.mcu.externaltools.gnu-tools-for-stm32.12.3.rel1.win32_1.1.0.202410251130/tools/bin/../lib/gcc/arm-none-eabi/12.3.1/../../../../arm-none-eabi/lib/thumb/v7e-m+fp/hard\libnosys.a
END GROUP
LOAD C:/ST/STM32CubeIDE_1.17.0/STM32CubeIDE/plugins/com.st.stm32cube.ide.mcu.externaltools.gnu-tools-for-stm32.12.3.rel1.win32_1.1.0.202410251130/tools/bin/../lib/gcc/arm-none-eabi/12.3.1/thumb/v7e-m+fp/hard/crtend.o
LOAD C:/ST/STM32CubeIDE_1.17.0/STM32CubeIDE/plugins/com.st.stm32cube.ide.mcu.externaltools.gnu-tools-for-stm32.12.3.rel1.win32_1.1.0.202410251130/tools/bin/../lib/gcc/arm-none-eabi/12.3.1/thumb/v7e-m+fp/hard/crtn.o
                0x20018000                        _estack = (ORIGIN (RAM) + LENGTH (RAM))
                0x00000200                        _Min_Heap_Size = 0x200
                0x00000400                        _Min_Stack_Size = 0x400

.isr_vector     0x08000000      0x188
                0x08000000                        . = ALIGN (0x4)
 *(.isr_vector)
 .isr_vector    0x08000000      0x188 ./Core/Startup/startup_stm32l476rgtx.o
                0x08000000                g_pfnVectors
                0x08000188                        . = ALIGN (0x4)

.text           0x08000188     0x512c
                0x08000188                        . = ALIGN (0x4)
 *(.text)
 .text          0x08000188       0x40 C:/ST/STM32CubeIDE_1.17.0/STM32CubeIDE/plugins/com.st.stm32cube.ide.mcu.externaltools.gnu-tools-for-stm32.12.3.rel1.win32_1.1.0.202410251130/tools/bin/../lib/gcc/arm-none-eabi/12.3.1/thumb/v7e-m+fp/hard/crtbegin.o
 .text          0x080001c8       0x10 C:/ST/STM32CubeIDE_1.17.0/STM32CubeIDE/plugins/com.st.stm32cube.ide.mcu.externaltools.gnu-tools-for-stm32.12.3.rel1.win32_1.1.0.202410251130/tools/bin/../lib/gcc/arm-none-eabi/12.3.1/../../../../arm-none-eabi/lib/thumb/v7e-m+fp/hard\libc_nano.a(libc_a-strlen.o)
                0x080001c8                strlen
 *(.text*)
 .text.writeRegister
                0x080001d8       0x54 ./Core/Src/i2c.o
                0x080001d8                writeRegister
 .text.readRegister
                0x0800022c       0x90 ./Core/Src/i2c.o
                0x0800022c                readRegister
 .text.I2C_Init
                0x080002bc       0x84 ./Core/Src/i2c.o
                0x080002bc                I2C_Init
 .text.HAL_I2C_ErrorCallback
                0x08000340       0x14 ./Core/Src/main.o
                0x08000340                HAL_I2C_ErrorCallback
 .text.HAL_I2C_MasterTxCpltCallback
                0x08000354       0x2c ./Core/Src/main.o
                0x08000354                HAL_I2C_MasterTxCpltCallback
 .text.HAL_I2C_MasterRxCpltCallback
                0x08000380       0x2c ./Core/Src/main.o
                0x08000380                HAL_I2C_MasterRxCpltCallback
 .text.main     0x080003ac      0x130 ./Core/Src/main.o
                0x080003ac                main
 .text.SystemClock_Config
                0x080004dc       0x8c ./Core/Src/main.o
                0x080004dc                SystemClock_Config
 .text.DMA_Init
                0x08000568       0x4c ./Core/Src/main.o
                0x08000568                DMA_Init
 .text.Error_Handler
                0x080005b4        0xc ./Core/Src/main.o
                0x080005b4                Error_Handler
 .text.initMPU6050
                0x080005c0      0x170 ./Core/Src/mpu6050.o
                0x080005c0                initMPU6050
 .text.getAccelMPU6050
                0x08000730      0x13c ./Core/Src/mpu6050.o
                0x08000730                getAccelMPU6050
 .text.HAL_MspInit
                0x0800086c       0x48 ./Core/Src/stm32l4xx_hal_msp.o
                0x0800086c                HAL_MspInit
 .text.HAL_I2C_MspInit
                0x080008b4      0x180 ./Core/Src/stm32l4xx_hal_msp.o
                0x080008b4                HAL_I2C_MspInit
 .text.NMI_Handler
                0x08000a34        0x8 ./Core/Src/stm32l4xx_it.o
                0x08000a34                NMI_Handler
 .text.HardFault_Handler
                0x08000a3c        0x8 ./Core/Src/stm32l4xx_it.o
                0x08000a3c                HardFault_Handler
 .text.MemManage_Handler
                0x08000a44        0x8 ./Core/Src/stm32l4xx_it.o
                0x08000a44                MemManage_Handler
 .text.BusFault_Handler
                0x08000a4c        0x8 ./Core/Src/stm32l4xx_it.o
                0x08000a4c                BusFault_Handler
 .text.UsageFault_Handler
                0x08000a54        0x8 ./Core/Src/stm32l4xx_it.o
                0x08000a54                UsageFault_Handler
 .text.SVC_Handler
                0x08000a5c        0xe ./Core/Src/stm32l4xx_it.o
                0x08000a5c                SVC_Handler
 .text.DebugMon_Handler
                0x08000a6a        0xe ./Core/Src/stm32l4xx_it.o
                0x08000a6a                DebugMon_Handler
 .text.PendSV_Handler
                0x08000a78        0xe ./Core/Src/stm32l4xx_it.o
                0x08000a78                PendSV_Handler
 .text.SysTick_Handler
                0x08000a86        0xc ./Core/Src/stm32l4xx_it.o
                0x08000a86                SysTick_Handler
 *fill*         0x08000a92        0x2 
 .text.DMA1_Channel6_IRQHandler
                0x08000a94       0x14 ./Core/Src/stm32l4xx_it.o
                0x08000a94                DMA1_Channel6_IRQHandler
 .text.DMA1_Channel7_IRQHandler
                0x08000aa8       0x14 ./Core/Src/stm32l4xx_it.o
                0x08000aa8                DMA1_Channel7_IRQHandler
 .text.I2C1_EV_IRQHandler
                0x08000abc       0x14 ./Core/Src/stm32l4xx_it.o
                0x08000abc                I2C1_EV_IRQHandler
 .text.I2C1_ER_IRQHandler
                0x08000ad0       0x14 ./Core/Src/stm32l4xx_it.o
                0x08000ad0                I2C1_ER_IRQHandler
 .text._sbrk    0x08000ae4       0x6c ./Core/Src/sysmem.o
                0x08000ae4                _sbrk
 .text.SystemInit
                0x08000b50       0x24 ./Core/Src/system_stm32l4xx.o
                0x08000b50                SystemInit
 .text.Reset_Handler
                0x08000b74       0x50 ./Core/Startup/startup_stm32l476rgtx.o
                0x08000b74                Reset_Handler
 .text.Default_Handler
                0x08000bc4        0x2 ./Core/Startup/startup_stm32l476rgtx.o
                0x08000bc4                RTC_Alarm_IRQHandler
                0x08000bc4                EXTI2_IRQHandler
                0x08000bc4                TIM8_TRG_COM_IRQHandler
                0x08000bc4                TIM8_CC_IRQHandler
                0x08000bc4                TIM1_CC_IRQHandler
                0x08000bc4                TSC_IRQHandler
                0x08000bc4                TAMP_STAMP_IRQHandler
                0x08000bc4                EXTI3_IRQHandler
                0x08000bc4                LPTIM2_IRQHandler
                0x08000bc4                DFSDM1_FLT1_IRQHandler
                0x08000bc4                I2C3_ER_IRQHandler
                0x08000bc4                DFSDM1_FLT2_IRQHandler
                0x08000bc4                EXTI0_IRQHandler
                0x08000bc4                I2C2_EV_IRQHandler
                0x08000bc4                CAN1_RX0_IRQHandler
                0x08000bc4                FPU_IRQHandler
                0x08000bc4                TIM1_UP_TIM16_IRQHandler
                0x08000bc4                ADC1_2_IRQHandler
                0x08000bc4                SPI1_IRQHandler
                0x08000bc4                TIM6_DAC_IRQHandler
                0x08000bc4                TIM8_UP_IRQHandler
                0x08000bc4                DMA2_Channel2_IRQHandler
                0x08000bc4                DMA1_Channel4_IRQHandler
                0x08000bc4                SAI2_IRQHandler
                0x08000bc4                DFSDM1_FLT3_IRQHandler
                0x08000bc4                USART3_IRQHandler
                0x08000bc4                CAN1_RX1_IRQHandler
                0x08000bc4                LCD_IRQHandler
                0x08000bc4                UART5_IRQHandler
                0x08000bc4                ADC3_IRQHandler
                0x08000bc4                TIM4_IRQHandler
                0x08000bc4                DMA2_Channel1_IRQHandler
                0x08000bc4                QUADSPI_IRQHandler
                0x08000bc4                UART4_IRQHandler
                0x08000bc4                DMA2_Channel4_IRQHandler
                0x08000bc4                TIM3_IRQHandler
                0x08000bc4                RCC_IRQHandler
                0x08000bc4                DMA1_Channel1_IRQHandler
                0x08000bc4                Default_Handler
                0x08000bc4                DMA2_Channel7_IRQHandler
                0x08000bc4                EXTI15_10_IRQHandler
                0x08000bc4                TIM7_IRQHandler
                0x08000bc4                SDMMC1_IRQHandler
                0x08000bc4                TIM5_IRQHandler
                0x08000bc4                I2C3_EV_IRQHandler
                0x08000bc4                EXTI9_5_IRQHandler
                0x08000bc4                RTC_WKUP_IRQHandler
                0x08000bc4                PVD_PVM_IRQHandler
                0x08000bc4                SPI2_IRQHandler
                0x08000bc4                CAN1_TX_IRQHandler
                0x08000bc4                DMA2_Channel5_IRQHandler
                0x08000bc4                DMA1_Channel5_IRQHandler
                0x08000bc4                EXTI4_IRQHandler
                0x08000bc4                RNG_IRQHandler
                0x08000bc4                TIM1_TRG_COM_TIM17_IRQHandler
                0x08000bc4                DMA1_Channel3_IRQHandler
                0x08000bc4                COMP_IRQHandler
                0x08000bc4                WWDG_IRQHandler
                0x08000bc4                LPUART1_IRQHandler
                0x08000bc4                DMA2_Channel6_IRQHandler
                0x08000bc4                TIM2_IRQHandler
                0x08000bc4                EXTI1_IRQHandler
                0x08000bc4                USART2_IRQHandler
                0x08000bc4                DFSDM1_FLT0_IRQHandler
                0x08000bc4                I2C2_ER_IRQHandler
                0x08000bc4                DMA1_Channel2_IRQHandler
                0x08000bc4                TIM8_BRK_IRQHandler
                0x08000bc4                CAN1_SCE_IRQHandler
                0x08000bc4                FLASH_IRQHandler
                0x08000bc4                USART1_IRQHandler
                0x08000bc4                OTG_FS_IRQHandler
                0x08000bc4                SPI3_IRQHandler
                0x08000bc4                FMC_IRQHandler
                0x08000bc4                SWPMI1_IRQHandler
                0x08000bc4                LPTIM1_IRQHandler
                0x08000bc4                SAI1_IRQHandler
                0x08000bc4                DMA2_Channel3_IRQHandler
                0x08000bc4                TIM1_BRK_TIM15_IRQHandler
 .text.HAL_Init
                0x08000bc6       0x30 ./Drivers/STM32L4xx_HAL_Driver/Src/stm32l4xx_hal.o
                0x08000bc6                HAL_Init
 *fill*         0x08000bf6        0x2 
 .text.HAL_InitTick
                0x08000bf8       0x78 ./Drivers/STM32L4xx_HAL_Driver/Src/stm32l4xx_hal.o
                0x08000bf8                HAL_InitTick
 .text.HAL_IncTick
                0x08000c70       0x28 ./Drivers/STM32L4xx_HAL_Driver/Src/stm32l4xx_hal.o
                0x08000c70                HAL_IncTick
 .text.HAL_GetTick
                0x08000c98       0x18 ./Drivers/STM32L4xx_HAL_Driver/Src/stm32l4xx_hal.o
                0x08000c98                HAL_GetTick
 .text.__NVIC_SetPriorityGrouping
                0x08000cb0       0x48 ./Drivers/STM32L4xx_HAL_Driver/Src/stm32l4xx_hal_cortex.o
 .text.__NVIC_GetPriorityGrouping
                0x08000cf8       0x1c ./Drivers/STM32L4xx_HAL_Driver/Src/stm32l4xx_hal_cortex.o
 .text.__NVIC_EnableIRQ
                0x08000d14       0x3c ./Drivers/STM32L4xx_HAL_Driver/Src/stm32l4xx_hal_cortex.o
 .text.__NVIC_SetPriority
                0x08000d50       0x54 ./Drivers/STM32L4xx_HAL_Driver/Src/stm32l4xx_hal_cortex.o
 .text.NVIC_EncodePriority
                0x08000da4       0x66 ./Drivers/STM32L4xx_HAL_Driver/Src/stm32l4xx_hal_cortex.o
 *fill*         0x08000e0a        0x2 
 .text.SysTick_Config
                0x08000e0c       0x44 ./Drivers/STM32L4xx_HAL_Driver/Src/stm32l4xx_hal_cortex.o
 .text.HAL_NVIC_SetPriorityGrouping
                0x08000e50       0x16 ./Drivers/STM32L4xx_HAL_Driver/Src/stm32l4xx_hal_cortex.o
                0x08000e50                HAL_NVIC_SetPriorityGrouping
 .text.HAL_NVIC_SetPriority
                0x08000e66       0x38 ./Drivers/STM32L4xx_HAL_Driver/Src/stm32l4xx_hal_cortex.o
                0x08000e66                HAL_NVIC_SetPriority
 .text.HAL_NVIC_EnableIRQ
                0x08000e9e       0x1c ./Drivers/STM32L4xx_HAL_Driver/Src/stm32l4xx_hal_cortex.o
                0x08000e9e                HAL_NVIC_EnableIRQ
 .text.HAL_SYSTICK_Config
                0x08000eba       0x18 ./Drivers/STM32L4xx_HAL_Driver/Src/stm32l4xx_hal_cortex.o
                0x08000eba                HAL_SYSTICK_Config
 *fill*         0x08000ed2        0x2 
 .text.HAL_DMA_Init
                0x08000ed4      0x170 ./Drivers/STM32L4xx_HAL_Driver/Src/stm32l4xx_hal_dma.o
                0x08000ed4                HAL_DMA_Init
 .text.HAL_DMA_Start_IT
                0x08001044       0xc0 ./Drivers/STM32L4xx_HAL_Driver/Src/stm32l4xx_hal_dma.o
                0x08001044                HAL_DMA_Start_IT
 .text.HAL_DMA_Abort_IT
                0x08001104       0x82 ./Drivers/STM32L4xx_HAL_Driver/Src/stm32l4xx_hal_dma.o
                0x08001104                HAL_DMA_Abort_IT
 .text.HAL_DMA_IRQHandler
                0x08001186      0x15e ./Drivers/STM32L4xx_HAL_Driver/Src/stm32l4xx_hal_dma.o
                0x08001186                HAL_DMA_IRQHandler
 .text.HAL_DMA_GetState
                0x080012e4       0x1c ./Drivers/STM32L4xx_HAL_Driver/Src/stm32l4xx_hal_dma.o
                0x080012e4                HAL_DMA_GetState
 .text.DMA_SetConfig
                0x08001300       0x60 ./Drivers/STM32L4xx_HAL_Driver/Src/stm32l4xx_hal_dma.o
 .text.HAL_GPIO_Init
                0x08001360      0x354 ./Drivers/STM32L4xx_HAL_Driver/Src/stm32l4xx_hal_gpio.o
                0x08001360                HAL_GPIO_Init
 .text.HAL_I2C_Init
                0x080016b4      0x136 ./Drivers/STM32L4xx_HAL_Driver/Src/stm32l4xx_hal_i2c.o
                0x080016b4                HAL_I2C_Init
 *fill*         0x080017ea        0x2 
 .text.HAL_I2C_Master_Transmit_DMA
                0x080017ec      0x228 ./Drivers/STM32L4xx_HAL_Driver/Src/stm32l4xx_hal_i2c.o
                0x080017ec                HAL_I2C_Master_Transmit_DMA
 .text.HAL_I2C_Master_Seq_Transmit_DMA
                0x08001a14      0x2a0 ./Drivers/STM32L4xx_HAL_Driver/Src/stm32l4xx_hal_i2c.o
                0x08001a14                HAL_I2C_Master_Seq_Transmit_DMA
 .text.HAL_I2C_Master_Seq_Receive_DMA
                0x08001cb4      0x208 ./Drivers/STM32L4xx_HAL_Driver/Src/stm32l4xx_hal_i2c.o
                0x08001cb4                HAL_I2C_Master_Seq_Receive_DMA
 .text.HAL_I2C_EV_IRQHandler
                0x08001ebc       0x34 ./Drivers/STM32L4xx_HAL_Driver/Src/stm32l4xx_hal_i2c.o
                0x08001ebc                HAL_I2C_EV_IRQHandler
 .text.HAL_I2C_ER_IRQHandler
                0x08001ef0       0xb6 ./Drivers/STM32L4xx_HAL_Driver/Src/stm32l4xx_hal_i2c.o
                0x08001ef0                HAL_I2C_ER_IRQHandler
 .text.HAL_I2C_SlaveTxCpltCallback
                0x08001fa6       0x14 ./Drivers/STM32L4xx_HAL_Driver/Src/stm32l4xx_hal_i2c.o
                0x08001fa6                HAL_I2C_SlaveTxCpltCallback
 .text.HAL_I2C_SlaveRxCpltCallback
                0x08001fba       0x14 ./Drivers/STM32L4xx_HAL_Driver/Src/stm32l4xx_hal_i2c.o
                0x08001fba                HAL_I2C_SlaveRxCpltCallback
 .text.HAL_I2C_AddrCallback
                0x08001fce       0x1c ./Drivers/STM32L4xx_HAL_Driver/Src/stm32l4xx_hal_i2c.o
                0x08001fce                HAL_I2C_AddrCallback
 .text.HAL_I2C_ListenCpltCallback
                0x08001fea       0x14 ./Drivers/STM32L4xx_HAL_Driver/Src/stm32l4xx_hal_i2c.o
                0x08001fea                HAL_I2C_ListenCpltCallback
 .text.HAL_I2C_MemTxCpltCallback
                0x08001ffe       0x14 ./Drivers/STM32L4xx_HAL_Driver/Src/stm32l4xx_hal_i2c.o
                0x08001ffe                HAL_I2C_MemTxCpltCallback
 .text.HAL_I2C_MemRxCpltCallback
                0x08002012       0x14 ./Drivers/STM32L4xx_HAL_Driver/Src/stm32l4xx_hal_i2c.o
                0x08002012                HAL_I2C_MemRxCpltCallback
 .text.HAL_I2C_AbortCpltCallback
                0x08002026       0x14 ./Drivers/STM32L4xx_HAL_Driver/Src/stm32l4xx_hal_i2c.o
                0x08002026                HAL_I2C_AbortCpltCallback
 .text.I2C_Master_ISR_IT
                0x0800203a      0x26a ./Drivers/STM32L4xx_HAL_Driver/Src/stm32l4xx_hal_i2c.o
 .text.I2C_Slave_ISR_IT
                0x080022a4      0x1f2 ./Drivers/STM32L4xx_HAL_Driver/Src/stm32l4xx_hal_i2c.o
 .text.I2C_Master_ISR_DMA
                0x08002496      0x1f2 ./Drivers/STM32L4xx_HAL_Driver/Src/stm32l4xx_hal_i2c.o
 .text.I2C_Mem_ISR_DMA
                0x08002688      0x288 ./Drivers/STM32L4xx_HAL_Driver/Src/stm32l4xx_hal_i2c.o
 .text.I2C_Slave_ISR_DMA
                0x08002910      0x1ae ./Drivers/STM32L4xx_HAL_Driver/Src/stm32l4xx_hal_i2c.o
 .text.I2C_ITAddrCplt
                0x08002abe      0x108 ./Drivers/STM32L4xx_HAL_Driver/Src/stm32l4xx_hal_i2c.o
 .text.I2C_ITMasterSeqCplt
                0x08002bc6       0x7a ./Drivers/STM32L4xx_HAL_Driver/Src/stm32l4xx_hal_i2c.o
 .text.I2C_ITSlaveSeqCplt
                0x08002c40       0xb8 ./Drivers/STM32L4xx_HAL_Driver/Src/stm32l4xx_hal_i2c.o
 .text.I2C_ITMasterCplt
                0x08002cf8      0x190 ./Drivers/STM32L4xx_HAL_Driver/Src/stm32l4xx_hal_i2c.o
 .text.I2C_ITSlaveCplt
                0x08002e88      0x2c8 ./Drivers/STM32L4xx_HAL_Driver/Src/stm32l4xx_hal_i2c.o
 .text.I2C_ITListenCplt
                0x08003150       0xa8 ./Drivers/STM32L4xx_HAL_Driver/Src/stm32l4xx_hal_i2c.o
 .text.I2C_ITError
                0x080031f8      0x1e0 ./Drivers/STM32L4xx_HAL_Driver/Src/stm32l4xx_hal_i2c.o
 .text.I2C_TreatErrorCallback
                0x080033d8       0x4e ./Drivers/STM32L4xx_HAL_Driver/Src/stm32l4xx_hal_i2c.o
 .text.I2C_Flush_TXDR
                0x08003426       0x48 ./Drivers/STM32L4xx_HAL_Driver/Src/stm32l4xx_hal_i2c.o
 .text.I2C_DMAMasterTransmitCplt
                0x0800346e       0x96 ./Drivers/STM32L4xx_HAL_Driver/Src/stm32l4xx_hal_i2c.o
 .text.I2C_DMAMasterReceiveCplt
                0x08003504       0xb2 ./Drivers/STM32L4xx_HAL_Driver/Src/stm32l4xx_hal_i2c.o
 .text.I2C_DMAError
                0x080035b6       0x2e ./Drivers/STM32L4xx_HAL_Driver/Src/stm32l4xx_hal_i2c.o
 .text.I2C_DMAAbort
                0x080035e4       0x3c ./Drivers/STM32L4xx_HAL_Driver/Src/stm32l4xx_hal_i2c.o
 .text.I2C_TransferConfig
                0x08003620       0x64 ./Drivers/STM32L4xx_HAL_Driver/Src/stm32l4xx_hal_i2c.o
 .text.I2C_Enable_IRQ
                0x08003684      0x108 ./Drivers/STM32L4xx_HAL_Driver/Src/stm32l4xx_hal_i2c.o
 .text.I2C_Disable_IRQ
                0x0800378c       0xbc ./Drivers/STM32L4xx_HAL_Driver/Src/stm32l4xx_hal_i2c.o
 .text.I2C_ConvertOtherXferOptions
                0x08003848       0x36 ./Drivers/STM32L4xx_HAL_Driver/Src/stm32l4xx_hal_i2c.o
 .text.HAL_I2CEx_ConfigAnalogFilter
                0x0800387e       0x96 ./Drivers/STM32L4xx_HAL_Driver/Src/stm32l4xx_hal_i2c_ex.o
                0x0800387e                HAL_I2CEx_ConfigAnalogFilter
 .text.HAL_I2CEx_ConfigDigitalFilter
                0x08003914       0x98 ./Drivers/STM32L4xx_HAL_Driver/Src/stm32l4xx_hal_i2c_ex.o
                0x08003914                HAL_I2CEx_ConfigDigitalFilter
 .text.HAL_PWREx_GetVoltageRange
                0x080039ac       0x1c ./Drivers/STM32L4xx_HAL_Driver/Src/stm32l4xx_hal_pwr_ex.o
                0x080039ac                HAL_PWREx_GetVoltageRange
 .text.HAL_PWREx_ControlVoltageScaling
                0x080039c8       0xac ./Drivers/STM32L4xx_HAL_Driver/Src/stm32l4xx_hal_pwr_ex.o
                0x080039c8                HAL_PWREx_ControlVoltageScaling
 .text.HAL_RCC_OscConfig
                0x08003a74      0x7b8 ./Drivers/STM32L4xx_HAL_Driver/Src/stm32l4xx_hal_rcc.o
                0x08003a74                HAL_RCC_OscConfig
 .text.HAL_RCC_ClockConfig
                0x0800422c      0x200 ./Drivers/STM32L4xx_HAL_Driver/Src/stm32l4xx_hal_rcc.o
                0x0800422c                HAL_RCC_ClockConfig
 .text.HAL_RCC_GetSysClockFreq
                0x0800442c      0x118 ./Drivers/STM32L4xx_HAL_Driver/Src/stm32l4xx_hal_rcc.o
                0x0800442c                HAL_RCC_GetSysClockFreq
 .text.RCC_SetFlashLatencyFromMSIRange
                0x08004544       0xc0 ./Drivers/STM32L4xx_HAL_Driver/Src/stm32l4xx_hal_rcc.o
 .text.HAL_RCCEx_PeriphCLKConfig
                0x08004604      0x5d4 ./Drivers/STM32L4xx_HAL_Driver/Src/stm32l4xx_hal_rcc_ex.o
                0x08004604                HAL_RCCEx_PeriphCLKConfig
 .text.RCCEx_PLLSAI1_Config
                0x08004bd8      0x1e8 ./Drivers/STM32L4xx_HAL_Driver/Src/stm32l4xx_hal_rcc_ex.o
 .text.RCCEx_PLLSAI2_Config
                0x08004dc0      0x1bc ./Drivers/STM32L4xx_HAL_Driver/Src/stm32l4xx_hal_rcc_ex.o
 .text.malloc   0x08004f7c       0x10 C:/ST/STM32CubeIDE_1.17.0/STM32CubeIDE/plugins/com.st.stm32cube.ide.mcu.externaltools.gnu-tools-for-stm32.12.3.rel1.win32_1.1.0.202410251130/tools/bin/../lib/gcc/arm-none-eabi/12.3.1/../../../../arm-none-eabi/lib/thumb/v7e-m+fp/hard\libc_nano.a(libc_a-malloc.o)
                0x08004f7c                malloc
 .text.sbrk_aligned
                0x08004f8c       0x44 C:/ST/STM32CubeIDE_1.17.0/STM32CubeIDE/plugins/com.st.stm32cube.ide.mcu.externaltools.gnu-tools-for-stm32.12.3.rel1.win32_1.1.0.202410251130/tools/bin/../lib/gcc/arm-none-eabi/12.3.1/../../../../arm-none-eabi/lib/thumb/v7e-m+fp/hard\libc_nano.a(libc_a-mallocr.o)
 .text._malloc_r
                0x08004fd0      0x100 C:/ST/STM32CubeIDE_1.17.0/STM32CubeIDE/plugins/com.st.stm32cube.ide.mcu.externaltools.gnu-tools-for-stm32.12.3.rel1.win32_1.1.0.202410251130/tools/bin/../lib/gcc/arm-none-eabi/12.3.1/../../../../arm-none-eabi/lib/thumb/v7e-m+fp/hard\libc_nano.a(libc_a-mallocr.o)
                0x08004fd0                _malloc_r
 .text.__malloc_lock
                0x080050d0        0xc C:/ST/STM32CubeIDE_1.17.0/STM32CubeIDE/plugins/com.st.stm32cube.ide.mcu.externaltools.gnu-tools-for-stm32.12.3.rel1.win32_1.1.0.202410251130/tools/bin/../lib/gcc/arm-none-eabi/12.3.1/../../../../arm-none-eabi/lib/thumb/v7e-m+fp/hard\libc_nano.a(libc_a-mlock.o)
                0x080050d0                __malloc_lock
 .text.__malloc_unlock
                0x080050dc        0xc C:/ST/STM32CubeIDE_1.17.0/STM32CubeIDE/plugins/com.st.stm32cube.ide.mcu.externaltools.gnu-tools-for-stm32.12.3.rel1.win32_1.1.0.202410251130/tools/bin/../lib/gcc/arm-none-eabi/12.3.1/../../../../arm-none-eabi/lib/thumb/v7e-m+fp/hard\libc_nano.a(libc_a-mlock.o)
                0x080050dc                __malloc_unlock
 .text.realloc  0x080050e8       0x10 C:/ST/STM32CubeIDE_1.17.0/STM32CubeIDE/plugins/com.st.stm32cube.ide.mcu.externaltools.gnu-tools-for-stm32.12.3.rel1.win32_1.1.0.202410251130/tools/bin/../lib/gcc/arm-none-eabi/12.3.1/../../../../arm-none-eabi/lib/thumb/v7e-m+fp/hard\libc_nano.a(libc_a-realloc.o)
                0x080050e8                realloc
 .text._realloc_r
                0x080050f8       0x5c C:/ST/STM32CubeIDE_1.17.0/STM32CubeIDE/plugins/com.st.stm32cube.ide.mcu.externaltools.gnu-tools-for-stm32.12.3.rel1.win32_1.1.0.202410251130/tools/bin/../lib/gcc/arm-none-eabi/12.3.1/../../../../arm-none-eabi/lib/thumb/v7e-m+fp/hard\libc_nano.a(libc_a-reallocr.o)
                0x080050f8                _realloc_r
 .text.memset   0x08005154       0x10 C:/ST/STM32CubeIDE_1.17.0/STM32CubeIDE/plugins/com.st.stm32cube.ide.mcu.externaltools.gnu-tools-for-stm32.12.3.rel1.win32_1.1.0.202410251130/tools/bin/../lib/gcc/arm-none-eabi/12.3.1/../../../../arm-none-eabi/lib/thumb/v7e-m+fp/hard\libc_nano.a(libc_a-memset.o)
                0x08005154                memset
 .text._sbrk_r  0x08005164       0x20 C:/ST/STM32CubeIDE_1.17.0/STM32CubeIDE/plugins/com.st.stm32cube.ide.mcu.externaltools.gnu-tools-for-stm32.12.3.rel1.win32_1.1.0.202410251130/tools/bin/../lib/gcc/arm-none-eabi/12.3.1/../../../../arm-none-eabi/lib/thumb/v7e-m+fp/hard\libc_nano.a(libc_a-sbrkr.o)
                0x08005164                _sbrk_r
 .text.__errno  0x08005184        0xc C:/ST/STM32CubeIDE_1.17.0/STM32CubeIDE/plugins/com.st.stm32cube.ide.mcu.externaltools.gnu-tools-for-stm32.12.3.rel1.win32_1.1.0.202410251130/tools/bin/../lib/gcc/arm-none-eabi/12.3.1/../../../../arm-none-eabi/lib/thumb/v7e-m+fp/hard\libc_nano.a(libc_a-errno.o)
                0x08005184                __errno
 .text.__libc_init_array
                0x08005190       0x48 C:/ST/STM32CubeIDE_1.17.0/STM32CubeIDE/plugins/com.st.stm32cube.ide.mcu.externaltools.gnu-tools-for-stm32.12.3.rel1.win32_1.1.0.202410251130/tools/bin/../lib/gcc/arm-none-eabi/12.3.1/../../../../arm-none-eabi/lib/thumb/v7e-m+fp/hard\libc_nano.a(libc_a-init.o)
                0x08005190                __libc_init_array
 .text.__retarget_lock_acquire_recursive
                0x080051d8        0x2 C:/ST/STM32CubeIDE_1.17.0/STM32CubeIDE/plugins/com.st.stm32cube.ide.mcu.externaltools.gnu-tools-for-stm32.12.3.rel1.win32_1.1.0.202410251130/tools/bin/../lib/gcc/arm-none-eabi/12.3.1/../../../../arm-none-eabi/lib/thumb/v7e-m+fp/hard\libc_nano.a(libc_a-lock.o)
                0x080051d8                __retarget_lock_acquire_recursive
 .text.__retarget_lock_release_recursive
                0x080051da        0x2 C:/ST/STM32CubeIDE_1.17.0/STM32CubeIDE/plugins/com.st.stm32cube.ide.mcu.externaltools.gnu-tools-for-stm32.12.3.rel1.win32_1.1.0.202410251130/tools/bin/../lib/gcc/arm-none-eabi/12.3.1/../../../../arm-none-eabi/lib/thumb/v7e-m+fp/hard\libc_nano.a(libc_a-lock.o)
                0x080051da                __retarget_lock_release_recursive
 .text.memcpy   0x080051dc       0x1c C:/ST/STM32CubeIDE_1.17.0/STM32CubeIDE/plugins/com.st.stm32cube.ide.mcu.externaltools.gnu-tools-for-stm32.12.3.rel1.win32_1.1.0.202410251130/tools/bin/../lib/gcc/arm-none-eabi/12.3.1/../../../../arm-none-eabi/lib/thumb/v7e-m+fp/hard\libc_nano.a(libc_a-memcpy-stub.o)
                0x080051dc                memcpy
 .text._free_r  0x080051f8       0x94 C:/ST/STM32CubeIDE_1.17.0/STM32CubeIDE/plugins/com.st.stm32cube.ide.mcu.externaltools.gnu-tools-for-stm32.12.3.rel1.win32_1.1.0.202410251130/tools/bin/../lib/gcc/arm-none-eabi/12.3.1/../../../../arm-none-eabi/lib/thumb/v7e-m+fp/hard\libc_nano.a(libc_a-freer.o)
                0x080051f8                _free_r
 .text._malloc_usable_size_r
                0x0800528c       0x10 C:/ST/STM32CubeIDE_1.17.0/STM32CubeIDE/plugins/com.st.stm32cube.ide.mcu.externaltools.gnu-tools-for-stm32.12.3.rel1.win32_1.1.0.202410251130/tools/bin/../lib/gcc/arm-none-eabi/12.3.1/../../../../arm-none-eabi/lib/thumb/v7e-m+fp/hard\libc_nano.a(libc_a-msizer.o)
                0x0800528c                _malloc_usable_size_r
 *(.glue_7)
 .glue_7        0x0800529c        0x0 linker stubs
 *(.glue_7t)
 .glue_7t       0x0800529c        0x0 linker stubs
 *(.eh_frame)
 .eh_frame      0x0800529c        0x0 C:/ST/STM32CubeIDE_1.17.0/STM32CubeIDE/plugins/com.st.stm32cube.ide.mcu.externaltools.gnu-tools-for-stm32.12.3.rel1.win32_1.1.0.202410251130/tools/bin/../lib/gcc/arm-none-eabi/12.3.1/thumb/v7e-m+fp/hard/crtbegin.o
 *(.init)
 .init          0x0800529c        0x4 C:/ST/STM32CubeIDE_1.17.0/STM32CubeIDE/plugins/com.st.stm32cube.ide.mcu.externaltools.gnu-tools-for-stm32.12.3.rel1.win32_1.1.0.202410251130/tools/bin/../lib/gcc/arm-none-eabi/12.3.1/thumb/v7e-m+fp/hard/crti.o
                0x0800529c                _init
 .init          0x080052a0        0x8 C:/ST/STM32CubeIDE_1.17.0/STM32CubeIDE/plugins/com.st.stm32cube.ide.mcu.externaltools.gnu-tools-for-stm32.12.3.rel1.win32_1.1.0.202410251130/tools/bin/../lib/gcc/arm-none-eabi/12.3.1/thumb/v7e-m+fp/hard/crtn.o
 *(.fini)
 .fini          0x080052a8        0x4 C:/ST/STM32CubeIDE_1.17.0/STM32CubeIDE/plugins/com.st.stm32cube.ide.mcu.externaltools.gnu-tools-for-stm32.12.3.rel1.win32_1.1.0.202410251130/tools/bin/../lib/gcc/arm-none-eabi/12.3.1/thumb/v7e-m+fp/hard/crti.o
                0x080052a8                _fini
 .fini          0x080052ac        0x8 C:/ST/STM32CubeIDE_1.17.0/STM32CubeIDE/plugins/com.st.stm32cube.ide.mcu.externaltools.gnu-tools-for-stm32.12.3.rel1.win32_1.1.0.202410251130/tools/bin/../lib/gcc/arm-none-eabi/12.3.1/thumb/v7e-m+fp/hard/crtn.o
                0x080052b4                        . = ALIGN (0x4)
                0x080052b4                        _etext = .

.vfp11_veneer   0x080052b4        0x0
 .vfp11_veneer  0x080052b4        0x0 linker stubs

.v4_bx          0x080052b4        0x0
 .v4_bx         0x080052b4        0x0 linker stubs

.iplt           0x080052b4        0x0
 .iplt          0x080052b4        0x0 C:/ST/STM32CubeIDE_1.17.0/STM32CubeIDE/plugins/com.st.stm32cube.ide.mcu.externaltools.gnu-tools-for-stm32.12.3.rel1.win32_1.1.0.202410251130/tools/bin/../lib/gcc/arm-none-eabi/12.3.1/thumb/v7e-m+fp/hard/crtbegin.o

.rodata         0x080052b4       0x84
                0x080052b4                        . = ALIGN (0x4)
 *(.rodata)
 .rodata        0x080052b4       0x42 ./Core/Src/main.o
 *(.rodata*)
 *fill*         0x080052f6        0x2 
 .rodata.AHBPrescTable
                0x080052f8       0x10 ./Core/Src/system_stm32l4xx.o
                0x080052f8                AHBPrescTable
 .rodata.MSIRangeTable
                0x08005308       0x30 ./Core/Src/system_stm32l4xx.o
                0x08005308                MSIRangeTable
                0x08005338                        . = ALIGN (0x4)

.ARM.extab      0x08005338        0x0
                0x08005338                        . = ALIGN (0x4)
 *(.ARM.extab* .gnu.linkonce.armextab.*)
                0x08005338                        . = ALIGN (0x4)

.ARM            0x08005338        0x8
                0x08005338                        . = ALIGN (0x4)
                0x08005338                        __exidx_start = .
 *(.ARM.exidx*)
 .ARM.exidx     0x08005338        0x8 C:/ST/STM32CubeIDE_1.17.0/STM32CubeIDE/plugins/com.st.stm32cube.ide.mcu.externaltools.gnu-tools-for-stm32.12.3.rel1.win32_1.1.0.202410251130/tools/bin/../lib/gcc/arm-none-eabi/12.3.1/../../../../arm-none-eabi/lib/thumb/v7e-m+fp/hard\libc_nano.a(libc_a-strlen.o)
                0x08005340                        __exidx_end = .
                0x08005340                        . = ALIGN (0x4)

.preinit_array  0x08005340        0x0
                0x08005340                        . = ALIGN (0x4)
                0x08005340                        PROVIDE (__preinit_array_start = .)
 *(.preinit_array*)
                0x08005340                        PROVIDE (__preinit_array_end = .)
                0x08005340                        . = ALIGN (0x4)

.init_array     0x08005340        0x4
                0x08005340                        . = ALIGN (0x4)
                0x08005340                        PROVIDE (__init_array_start = .)
 *(SORT_BY_NAME(.init_array.*))
 *(.init_array*)
 .init_array    0x08005340        0x4 C:/ST/STM32CubeIDE_1.17.0/STM32CubeIDE/plugins/com.st.stm32cube.ide.mcu.externaltools.gnu-tools-for-stm32.12.3.rel1.win32_1.1.0.202410251130/tools/bin/../lib/gcc/arm-none-eabi/12.3.1/thumb/v7e-m+fp/hard/crtbegin.o
                0x08005344                        PROVIDE (__init_array_end = .)
                0x08005344                        . = ALIGN (0x4)

.fini_array     0x08005344        0x4
                0x08005344                        . = ALIGN (0x4)
                [!provide]                        PROVIDE (__fini_array_start = .)
 *(SORT_BY_NAME(.fini_array.*))
 *(.fini_array*)
 .fini_array    0x08005344        0x4 C:/ST/STM32CubeIDE_1.17.0/STM32CubeIDE/plugins/com.st.stm32cube.ide.mcu.externaltools.gnu-tools-for-stm32.12.3.rel1.win32_1.1.0.202410251130/tools/bin/../lib/gcc/arm-none-eabi/12.3.1/thumb/v7e-m+fp/hard/crtbegin.o
                [!provide]                        PROVIDE (__fini_array_end = .)
                0x08005348                        . = ALIGN (0x4)
                0x08005348                        _sidata = LOADADDR (.data)

.rel.dyn        0x08005348        0x0
 .rel.iplt      0x08005348        0x0 C:/ST/STM32CubeIDE_1.17.0/STM32CubeIDE/plugins/com.st.stm32cube.ide.mcu.externaltools.gnu-tools-for-stm32.12.3.rel1.win32_1.1.0.202410251130/tools/bin/../lib/gcc/arm-none-eabi/12.3.1/thumb/v7e-m+fp/hard/crtbegin.o

.data           0x20000000       0x5c load address 0x08005348
                0x20000000                        . = ALIGN (0x4)
                0x20000000                        _sdata = .
 *(.data)
 *(.data*)
 .data.SystemCoreClock
                0x20000000        0x4 ./Core/Src/system_stm32l4xx.o
                0x20000000                SystemCoreClock
 .data.uwTickPrio
                0x20000004        0x4 ./Drivers/STM32L4xx_HAL_Driver/Src/stm32l4xx_hal.o
                0x20000004                uwTickPrio
 .data.uwTickFreq
                0x20000008        0x1 ./Drivers/STM32L4xx_HAL_Driver/Src/stm32l4xx_hal.o
                0x20000008                uwTickFreq
 *fill*         0x20000009        0x3 
 .data._impure_ptr
                0x2000000c        0x4 C:/ST/STM32CubeIDE_1.17.0/STM32CubeIDE/plugins/com.st.stm32cube.ide.mcu.externaltools.gnu-tools-for-stm32.12.3.rel1.win32_1.1.0.202410251130/tools/bin/../lib/gcc/arm-none-eabi/12.3.1/../../../../arm-none-eabi/lib/thumb/v7e-m+fp/hard\libc_nano.a(libc_a-impure.o)
                0x2000000c                _impure_ptr
 .data._impure_data
                0x20000010       0x4c C:/ST/STM32CubeIDE_1.17.0/STM32CubeIDE/plugins/com.st.stm32cube.ide.mcu.externaltools.gnu-tools-for-stm32.12.3.rel1.win32_1.1.0.202410251130/tools/bin/../lib/gcc/arm-none-eabi/12.3.1/../../../../arm-none-eabi/lib/thumb/v7e-m+fp/hard\libc_nano.a(libc_a-impure.o)
                0x20000010                _impure_data
 *(.RamFunc)
 *(.RamFunc*)
                0x2000005c                        . = ALIGN (0x4)
                0x2000005c                        _edata = .

.igot.plt       0x2000005c        0x0 load address 0x080053a4
 .igot.plt      0x2000005c        0x0 C:/ST/STM32CubeIDE_1.17.0/STM32CubeIDE/plugins/com.st.stm32cube.ide.mcu.externaltools.gnu-tools-for-stm32.12.3.rel1.win32_1.1.0.202410251130/tools/bin/../lib/gcc/arm-none-eabi/12.3.1/thumb/v7e-m+fp/hard/crtbegin.o
                0x2000005c                        . = ALIGN (0x4)

.bss            0x2000005c      0x4a4 load address 0x080053a4
                0x2000005c                        _sbss = .
                0x2000005c                        __bss_start__ = _sbss
 *(.bss)
 .bss           0x2000005c       0x1c C:/ST/STM32CubeIDE_1.17.0/STM32CubeIDE/plugins/com.st.stm32cube.ide.mcu.externaltools.gnu-tools-for-stm32.12.3.rel1.win32_1.1.0.202410251130/tools/bin/../lib/gcc/arm-none-eabi/12.3.1/thumb/v7e-m+fp/hard/crtbegin.o
 *(.bss*)
 .bss.second    0x20000078        0x1 ./Core/Src/ds3231.o
                0x20000078                second
 .bss.sensorReady
                0x20000079        0x1 ./Core/Src/i2c.o
                0x20000079                sensorReady
 .bss.transmitterReady
                0x2000007a        0x1 ./Core/Src/i2c.o
                0x2000007a                transmitterReady
 *fill*         0x2000007b        0x1 
 .bss.hI2C      0x2000007c       0x54 ./Core/Src/i2c.o
                0x2000007c                hI2C
 .bss.hdma_i2c1_tx
                0x200000d0       0x48 ./Core/Src/main.o
                0x200000d0                hdma_i2c1_tx
 .bss.hdma_i2c1_rx
                0x20000118       0x48 ./Core/Src/main.o
                0x20000118                hdma_i2c1_rx
 .bss.file      0x20000160      0x228 ./Core/Src/main.o
                0x20000160                file
 .bss.res       0x20000388        0x1 ./Core/Src/main.o
                0x20000388                res
 *fill*         0x20000389        0x3 
 .bss.step      0x2000038c        0x4 ./Core/Src/mpu6050.o
                0x2000038c                step
 .bss.accel_buffer_MPU6050
                0x20000390        0x4 ./Core/Src/mpu6050.o
                0x20000390                accel_buffer_MPU6050
 .bss.velocity_buffer_MPU6050
                0x20000394        0x4 ./Core/Src/mpu6050.o
                0x20000394                velocity_buffer_MPU6050
 .bss.altitude_buffer_MPU6050
                0x20000398        0x4 ./Core/Src/mpu6050.o
                0x20000398                altitude_buffer_MPU6050
 .bss.total_buffer_size
                0x2000039c        0x4 ./Core/Src/mpu6050.o
                0x2000039c                total_buffer_size
 .bss.curr_buffer_size
                0x200003a0        0x4 ./Core/Src/mpu6050.o
                0x200003a0                curr_buffer_size
 .bss.accel_idx
                0x200003a4        0x4 ./Core/Src/mpu6050.o
                0x200003a4                accel_idx
 .bss.velocity_idx
                0x200003a8        0x4 ./Core/Src/mpu6050.o
                0x200003a8                velocity_idx
 .bss.altitude_idx
                0x200003ac        0x4 ./Core/Src/mpu6050.o
                0x200003ac                altitude_idx
 .bss.__sbrk_heap_end
                0x200003b0        0x4 ./Core/Src/sysmem.o
 .bss.uwTick    0x200003b4        0x4 ./Drivers/STM32L4xx_HAL_Driver/Src/stm32l4xx_hal.o
                0x200003b4                uwTick
 .bss.__malloc_sbrk_start
                0x200003b8        0x4 C:/ST/STM32CubeIDE_1.17.0/STM32CubeIDE/plugins/com.st.stm32cube.ide.mcu.externaltools.gnu-tools-for-stm32.12.3.rel1.win32_1.1.0.202410251130/tools/bin/../lib/gcc/arm-none-eabi/12.3.1/../../../../arm-none-eabi/lib/thumb/v7e-m+fp/hard\libc_nano.a(libc_a-mallocr.o)
                0x200003b8                __malloc_sbrk_start
 .bss.__malloc_free_list
                0x200003bc        0x4 C:/ST/STM32CubeIDE_1.17.0/STM32CubeIDE/plugins/com.st.stm32cube.ide.mcu.externaltools.gnu-tools-for-stm32.12.3.rel1.win32_1.1.0.202410251130/tools/bin/../lib/gcc/arm-none-eabi/12.3.1/../../../../arm-none-eabi/lib/thumb/v7e-m+fp/hard\libc_nano.a(libc_a-mallocr.o)
                0x200003bc                __malloc_free_list
 .bss.__sf      0x200003c0      0x138 C:/ST/STM32CubeIDE_1.17.0/STM32CubeIDE/plugins/com.st.stm32cube.ide.mcu.externaltools.gnu-tools-for-stm32.12.3.rel1.win32_1.1.0.202410251130/tools/bin/../lib/gcc/arm-none-eabi/12.3.1/../../../../arm-none-eabi/lib/thumb/v7e-m+fp/hard\libc_nano.a(libc_a-findfp.o)
                0x200003c0                __sf
 .bss.errno     0x200004f8        0x4 C:/ST/STM32CubeIDE_1.17.0/STM32CubeIDE/plugins/com.st.stm32cube.ide.mcu.externaltools.gnu-tools-for-stm32.12.3.rel1.win32_1.1.0.202410251130/tools/bin/../lib/gcc/arm-none-eabi/12.3.1/../../../../arm-none-eabi/lib/thumb/v7e-m+fp/hard\libc_nano.a(libc_a-reent.o)
                0x200004f8                errno
 .bss.__lock___malloc_recursive_mutex
                0x200004fc        0x1 C:/ST/STM32CubeIDE_1.17.0/STM32CubeIDE/plugins/com.st.stm32cube.ide.mcu.externaltools.gnu-tools-for-stm32.12.3.rel1.win32_1.1.0.202410251130/tools/bin/../lib/gcc/arm-none-eabi/12.3.1/../../../../arm-none-eabi/lib/thumb/v7e-m+fp/hard\libc_nano.a(libc_a-lock.o)
                0x200004fc                __lock___malloc_recursive_mutex
 *(COMMON)
                0x20000500                        . = ALIGN (0x4)
 *fill*         0x200004fd        0x3 
                0x20000500                        _ebss = .
                0x20000500                        __bss_end__ = _ebss

._user_heap_stack
                0x20000500      0x600 load address 0x080053a4
                0x20000500                        . = ALIGN (0x8)
                [!provide]                        PROVIDE (end = .)
                0x20000500                        PROVIDE (_end = .)
                0x20000700                        . = (. + _Min_Heap_Size)
 *fill*         0x20000500      0x200 
                0x20000b00                        . = (. + _Min_Stack_Size)
 *fill*         0x20000700      0x400 
                0x20000b00                        . = ALIGN (0x8)

/DISCARD/
 libc.a(*)
 libm.a(*)
 libgcc.a(*)

.ARM.attributes
                0x00000000       0x30
 *(.ARM.attributes)
 .ARM.attributes
                0x00000000       0x22 C:/ST/STM32CubeIDE_1.17.0/STM32CubeIDE/plugins/com.st.stm32cube.ide.mcu.externaltools.gnu-tools-for-stm32.12.3.rel1.win32_1.1.0.202410251130/tools/bin/../lib/gcc/arm-none-eabi/12.3.1/thumb/v7e-m+fp/hard/crti.o
 .ARM.attributes
                0x00000022       0x34 C:/ST/STM32CubeIDE_1.17.0/STM32CubeIDE/plugins/com.st.stm32cube.ide.mcu.externaltools.gnu-tools-for-stm32.12.3.rel1.win32_1.1.0.202410251130/tools/bin/../lib/gcc/arm-none-eabi/12.3.1/thumb/v7e-m+fp/hard/crtbegin.o
 .ARM.attributes
                0x00000056       0x34 ./Core/Src/ds3231.o
 .ARM.attributes
                0x0000008a       0x34 ./Core/Src/i2c.o
 .ARM.attributes
                0x000000be       0x34 ./Core/Src/main.o
 .ARM.attributes
                0x000000f2       0x34 ./Core/Src/mpu6050.o
 .ARM.attributes
                0x00000126       0x34 ./Core/Src/stm32l4xx_hal_msp.o
 .ARM.attributes
                0x0000015a       0x34 ./Core/Src/stm32l4xx_it.o
 .ARM.attributes
                0x0000018e       0x34 ./Core/Src/sysmem.o
 .ARM.attributes
                0x000001c2       0x34 ./Core/Src/system_stm32l4xx.o
 .ARM.attributes
                0x000001f6       0x21 ./Core/Startup/startup_stm32l476rgtx.o
 .ARM.attributes
                0x00000217       0x34 ./Drivers/STM32L4xx_HAL_Driver/Src/stm32l4xx_hal.o
 .ARM.attributes
                0x0000024b       0x34 ./Drivers/STM32L4xx_HAL_Driver/Src/stm32l4xx_hal_cortex.o
 .ARM.attributes
                0x0000027f       0x34 ./Drivers/STM32L4xx_HAL_Driver/Src/stm32l4xx_hal_dma.o
 .ARM.attributes
                0x000002b3       0x34 ./Drivers/STM32L4xx_HAL_Driver/Src/stm32l4xx_hal_gpio.o
 .ARM.attributes
                0x000002e7       0x34 ./Drivers/STM32L4xx_HAL_Driver/Src/stm32l4xx_hal_i2c.o
 .ARM.attributes
                0x0000031b       0x34 ./Drivers/STM32L4xx_HAL_Driver/Src/stm32l4xx_hal_i2c_ex.o
 .ARM.attributes
                0x0000034f       0x34 ./Drivers/STM32L4xx_HAL_Driver/Src/stm32l4xx_hal_pwr_ex.o
 .ARM.attributes
                0x00000383       0x34 ./Drivers/STM32L4xx_HAL_Driver/Src/stm32l4xx_hal_rcc.o
 .ARM.attributes
                0x000003b7       0x34 ./Drivers/STM32L4xx_HAL_Driver/Src/stm32l4xx_hal_rcc_ex.o
 .ARM.attributes
                0x000003eb       0x34 C:/ST/STM32CubeIDE_1.17.0/STM32CubeIDE/plugins/com.st.stm32cube.ide.mcu.externaltools.gnu-tools-for-stm32.12.3.rel1.win32_1.1.0.202410251130/tools/bin/../lib/gcc/arm-none-eabi/12.3.1/../../../../arm-none-eabi/lib/thumb/v7e-m+fp/hard\libc_nano.a(libc_a-malloc.o)
 .ARM.attributes
                0x0000041f       0x34 C:/ST/STM32CubeIDE_1.17.0/STM32CubeIDE/plugins/com.st.stm32cube.ide.mcu.externaltools.gnu-tools-for-stm32.12.3.rel1.win32_1.1.0.202410251130/tools/bin/../lib/gcc/arm-none-eabi/12.3.1/../../../../arm-none-eabi/lib/thumb/v7e-m+fp/hard\libc_nano.a(libc_a-mallocr.o)
 .ARM.attributes
                0x00000453       0x34 C:/ST/STM32CubeIDE_1.17.0/STM32CubeIDE/plugins/com.st.stm32cube.ide.mcu.externaltools.gnu-tools-for-stm32.12.3.rel1.win32_1.1.0.202410251130/tools/bin/../lib/gcc/arm-none-eabi/12.3.1/../../../../arm-none-eabi/lib/thumb/v7e-m+fp/hard\libc_nano.a(libc_a-mlock.o)
 .ARM.attributes
                0x00000487       0x34 C:/ST/STM32CubeIDE_1.17.0/STM32CubeIDE/plugins/com.st.stm32cube.ide.mcu.externaltools.gnu-tools-for-stm32.12.3.rel1.win32_1.1.0.202410251130/tools/bin/../lib/gcc/arm-none-eabi/12.3.1/../../../../arm-none-eabi/lib/thumb/v7e-m+fp/hard\libc_nano.a(libc_a-realloc.o)
 .ARM.attributes
                0x000004bb       0x34 C:/ST/STM32CubeIDE_1.17.0/STM32CubeIDE/plugins/com.st.stm32cube.ide.mcu.externaltools.gnu-tools-for-stm32.12.3.rel1.win32_1.1.0.202410251130/tools/bin/../lib/gcc/arm-none-eabi/12.3.1/../../../../arm-none-eabi/lib/thumb/v7e-m+fp/hard\libc_nano.a(libc_a-reallocr.o)
 .ARM.attributes
                0x000004ef       0x34 C:/ST/STM32CubeIDE_1.17.0/STM32CubeIDE/plugins/com.st.stm32cube.ide.mcu.externaltools.gnu-tools-for-stm32.12.3.rel1.win32_1.1.0.202410251130/tools/bin/../lib/gcc/arm-none-eabi/12.3.1/../../../../arm-none-eabi/lib/thumb/v7e-m+fp/hard\libc_nano.a(libc_a-findfp.o)
 .ARM.attributes
                0x00000523       0x34 C:/ST/STM32CubeIDE_1.17.0/STM32CubeIDE/plugins/com.st.stm32cube.ide.mcu.externaltools.gnu-tools-for-stm32.12.3.rel1.win32_1.1.0.202410251130/tools/bin/../lib/gcc/arm-none-eabi/12.3.1/../../../../arm-none-eabi/lib/thumb/v7e-m+fp/hard\libc_nano.a(libc_a-memset.o)
 .ARM.attributes
                0x00000557       0x34 C:/ST/STM32CubeIDE_1.17.0/STM32CubeIDE/plugins/com.st.stm32cube.ide.mcu.externaltools.gnu-tools-for-stm32.12.3.rel1.win32_1.1.0.202410251130/tools/bin/../lib/gcc/arm-none-eabi/12.3.1/../../../../arm-none-eabi/lib/thumb/v7e-m+fp/hard\libc_nano.a(libc_a-reent.o)
 .ARM.attributes
                0x0000058b       0x34 C:/ST/STM32CubeIDE_1.17.0/STM32CubeIDE/plugins/com.st.stm32cube.ide.mcu.externaltools.gnu-tools-for-stm32.12.3.rel1.win32_1.1.0.202410251130/tools/bin/../lib/gcc/arm-none-eabi/12.3.1/../../../../arm-none-eabi/lib/thumb/v7e-m+fp/hard\libc_nano.a(libc_a-impure.o)
 .ARM.attributes
                0x000005bf       0x34 C:/ST/STM32CubeIDE_1.17.0/STM32CubeIDE/plugins/com.st.stm32cube.ide.mcu.externaltools.gnu-tools-for-stm32.12.3.rel1.win32_1.1.0.202410251130/tools/bin/../lib/gcc/arm-none-eabi/12.3.1/../../../../arm-none-eabi/lib/thumb/v7e-m+fp/hard\libc_nano.a(libc_a-sbrkr.o)
 .ARM.attributes
                0x000005f3       0x34 C:/ST/STM32CubeIDE_1.17.0/STM32CubeIDE/plugins/com.st.stm32cube.ide.mcu.externaltools.gnu-tools-for-stm32.12.3.rel1.win32_1.1.0.202410251130/tools/bin/../lib/gcc/arm-none-eabi/12.3.1/../../../../arm-none-eabi/lib/thumb/v7e-m+fp/hard\libc_nano.a(libc_a-errno.o)
 .ARM.attributes
                0x00000627       0x34 C:/ST/STM32CubeIDE_1.17.0/STM32CubeIDE/plugins/com.st.stm32cube.ide.mcu.externaltools.gnu-tools-for-stm32.12.3.rel1.win32_1.1.0.202410251130/tools/bin/../lib/gcc/arm-none-eabi/12.3.1/../../../../arm-none-eabi/lib/thumb/v7e-m+fp/hard\libc_nano.a(libc_a-init.o)
 .ARM.attributes
                0x0000065b       0x34 C:/ST/STM32CubeIDE_1.17.0/STM32CubeIDE/plugins/com.st.stm32cube.ide.mcu.externaltools.gnu-tools-for-stm32.12.3.rel1.win32_1.1.0.202410251130/tools/bin/../lib/gcc/arm-none-eabi/12.3.1/../../../../arm-none-eabi/lib/thumb/v7e-m+fp/hard\libc_nano.a(libc_a-lock.o)
 .ARM.attributes
                0x0000068f       0x34 C:/ST/STM32CubeIDE_1.17.0/STM32CubeIDE/plugins/com.st.stm32cube.ide.mcu.externaltools.gnu-tools-for-stm32.12.3.rel1.win32_1.1.0.202410251130/tools/bin/../lib/gcc/arm-none-eabi/12.3.1/../../../../arm-none-eabi/lib/thumb/v7e-m+fp/hard\libc_nano.a(libc_a-memcpy-stub.o)
 .ARM.attributes
                0x000006c3       0x17 C:/ST/STM32CubeIDE_1.17.0/STM32CubeIDE/plugins/com.st.stm32cube.ide.mcu.externaltools.gnu-tools-for-stm32.12.3.rel1.win32_1.1.0.202410251130/tools/bin/../lib/gcc/arm-none-eabi/12.3.1/../../../../arm-none-eabi/lib/thumb/v7e-m+fp/hard\libc_nano.a(libc_a-strlen.o)
 .ARM.attributes
                0x000006da       0x34 C:/ST/STM32CubeIDE_1.17.0/STM32CubeIDE/plugins/com.st.stm32cube.ide.mcu.externaltools.gnu-tools-for-stm32.12.3.rel1.win32_1.1.0.202410251130/tools/bin/../lib/gcc/arm-none-eabi/12.3.1/../../../../arm-none-eabi/lib/thumb/v7e-m+fp/hard\libc_nano.a(libc_a-freer.o)
 .ARM.attributes
                0x0000070e       0x34 C:/ST/STM32CubeIDE_1.17.0/STM32CubeIDE/plugins/com.st.stm32cube.ide.mcu.externaltools.gnu-tools-for-stm32.12.3.rel1.win32_1.1.0.202410251130/tools/bin/../lib/gcc/arm-none-eabi/12.3.1/../../../../arm-none-eabi/lib/thumb/v7e-m+fp/hard\libc_nano.a(libc_a-msizer.o)
 .ARM.attributes
                0x00000742       0x22 C:/ST/STM32CubeIDE_1.17.0/STM32CubeIDE/plugins/com.st.stm32cube.ide.mcu.externaltools.gnu-tools-for-stm32.12.3.rel1.win32_1.1.0.202410251130/tools/bin/../lib/gcc/arm-none-eabi/12.3.1/thumb/v7e-m+fp/hard/crtn.o
OUTPUT(firmware.elf elf32-littlearm)
LOAD linker stubs
LOAD C:/ST/STM32CubeIDE_1.17.0/STM32CubeIDE/plugins/com.st.stm32cube.ide.mcu.externaltools.gnu-tools-for-stm32.12.3.rel1.win32_1.1.0.202410251130/tools/bin/../lib/gcc/arm-none-eabi/12.3.1/../../../../arm-none-eabi/lib/thumb/v7e-m+fp/hard\libc.a
LOAD C:/ST/STM32CubeIDE_1.17.0/STM32CubeIDE/plugins/com.st.stm32cube.ide.mcu.externaltools.gnu-tools-for-stm32.12.3.rel1.win32_1.1.0.202410251130/tools/bin/../lib/gcc/arm-none-eabi/12.3.1/../../../../arm-none-eabi/lib/thumb/v7e-m+fp/hard\libm.a
LOAD C:/ST/STM32CubeIDE_1.17.0/STM32CubeIDE/plugins/com.st.stm32cube.ide.mcu.externaltools.gnu-tools-for-stm32.12.3.rel1.win32_1.1.0.202410251130/tools/bin/../lib/gcc/arm-none-eabi/12.3.1/thumb/v7e-m+fp/hard\libgcc.a

.debug_info     0x00000000     0xb4aa
 .debug_info    0x00000000      0x2a2 ./Core/Src/ds3231.o
 .debug_info    0x000002a2      0x87e ./Core/Src/i2c.o
 .debug_info    0x00000b20     0x1248 ./Core/Src/main.o
 .debug_info    0x00001d68      0x490 ./Core/Src/mpu6050.o
 .debug_info    0x000021f8      0xf7e ./Core/Src/stm32l4xx_hal_msp.o
 .debug_info    0x00003176      0x72a ./Core/Src/stm32l4xx_it.o
 .debug_info    0x000038a0      0x168 ./Core/Src/sysmem.o
 .debug_info    0x00003a08      0x5b1 ./Core/Src/system_stm32l4xx.o
 .debug_info    0x00003fb9       0x30 ./Core/Startup/startup_stm32l476rgtx.o
 .debug_info    0x00003fe9      0xaeb ./Drivers/STM32L4xx_HAL_Driver/Src/stm32l4xx_hal.o
 .debug_info    0x00004ad4      0xd81 ./Drivers/STM32L4xx_HAL_Driver/Src/stm32l4xx_hal_cortex.o
 .debug_info    0x00005855      0x6f4 ./Drivers/STM32L4xx_HAL_Driver/Src/stm32l4xx_hal_dma.o
 .debug_info    0x00005f49      0x757 ./Drivers/STM32L4xx_HAL_Driver/Src/stm32l4xx_hal_gpio.o
 .debug_info    0x000066a0     0x20d2 ./Drivers/STM32L4xx_HAL_Driver/Src/stm32l4xx_hal_i2c.o
 .debug_info    0x00008772      0x975 ./Drivers/STM32L4xx_HAL_Driver/Src/stm32l4xx_hal_i2c_ex.o
 .debug_info    0x000090e7      0x99e ./Drivers/STM32L4xx_HAL_Driver/Src/stm32l4xx_hal_pwr_ex.o
 .debug_info    0x00009a85      0xc14 ./Drivers/STM32L4xx_HAL_Driver/Src/stm32l4xx_hal_rcc.o
 .debug_info    0x0000a699      0xe11 ./Drivers/STM32L4xx_HAL_Driver/Src/stm32l4xx_hal_rcc_ex.o

.debug_abbrev   0x00000000     0x2205
 .debug_abbrev  0x00000000      0x14c ./Core/Src/ds3231.o
 .debug_abbrev  0x0000014c      0x20f ./Core/Src/i2c.o
 .debug_abbrev  0x0000035b      0x30f ./Core/Src/main.o
 .debug_abbrev  0x0000066a      0x198 ./Core/Src/mpu6050.o
 .debug_abbrev  0x00000802      0x1f2 ./Core/Src/stm32l4xx_hal_msp.o
 .debug_abbrev  0x000009f4      0x17c ./Core/Src/stm32l4xx_it.o
 .debug_abbrev  0x00000b70       0xbc ./Core/Src/sysmem.o
 .debug_abbrev  0x00000c2c      0x11a ./Core/Src/system_stm32l4xx.o
 .debug_abbrev  0x00000d46       0x24 ./Core/Startup/startup_stm32l476rgtx.o
 .debug_abbrev  0x00000d6a      0x242 ./Drivers/STM32L4xx_HAL_Driver/Src/stm32l4xx_hal.o
 .debug_abbrev  0x00000fac      0x31c ./Drivers/STM32L4xx_HAL_Driver/Src/stm32l4xx_hal_cortex.o
 .debug_abbrev  0x000012c8      0x1e4 ./Drivers/STM32L4xx_HAL_Driver/Src/stm32l4xx_hal_dma.o
 .debug_abbrev  0x000014ac      0x1cb ./Drivers/STM32L4xx_HAL_Driver/Src/stm32l4xx_hal_gpio.o
 .debug_abbrev  0x00001677      0x261 ./Drivers/STM32L4xx_HAL_Driver/Src/stm32l4xx_hal_i2c.o
 .debug_abbrev  0x000018d8      0x1c3 ./Drivers/STM32L4xx_HAL_Driver/Src/stm32l4xx_hal_i2c_ex.o
 .debug_abbrev  0x00001a9b      0x1f9 ./Drivers/STM32L4xx_HAL_Driver/Src/stm32l4xx_hal_pwr_ex.o
 .debug_abbrev  0x00001c94      0x2cb ./Drivers/STM32L4xx_HAL_Driver/Src/stm32l4xx_hal_rcc.o
 .debug_abbrev  0x00001f5f      0x2a6 ./Drivers/STM32L4xx_HAL_Driver/Src/stm32l4xx_hal_rcc_ex.o

.debug_aranges  0x00000000      0xae8
 .debug_aranges
                0x00000000       0x38 ./Core/Src/ds3231.o
 .debug_aranges
                0x00000038       0x38 ./Core/Src/i2c.o
 .debug_aranges
                0x00000070       0x58 ./Core/Src/main.o
 .debug_aranges
                0x000000c8       0x38 ./Core/Src/mpu6050.o
 .debug_aranges
                0x00000100       0x30 ./Core/Src/stm32l4xx_hal_msp.o
 .debug_aranges
                0x00000130       0x80 ./Core/Src/stm32l4xx_it.o
 .debug_aranges
                0x000001b0       0x20 ./Core/Src/sysmem.o
 .debug_aranges
                0x000001d0       0x28 ./Core/Src/system_stm32l4xx.o
 .debug_aranges
                0x000001f8       0x28 ./Core/Startup/startup_stm32l476rgtx.o
 .debug_aranges
                0x00000220      0x130 ./Drivers/STM32L4xx_HAL_Driver/Src/stm32l4xx_hal.o
 .debug_aranges
                0x00000350      0x128 ./Drivers/STM32L4xx_HAL_Driver/Src/stm32l4xx_hal_cortex.o
 .debug_aranges
                0x00000478       0x80 ./Drivers/STM32L4xx_HAL_Driver/Src/stm32l4xx_hal_dma.o
 .debug_aranges
                0x000004f8       0x58 ./Drivers/STM32L4xx_HAL_Driver/Src/stm32l4xx_hal_gpio.o
 .debug_aranges
                0x00000550      0x2a0 ./Drivers/STM32L4xx_HAL_Driver/Src/stm32l4xx_hal_i2c.o
 .debug_aranges
                0x000007f0       0x48 ./Drivers/STM32L4xx_HAL_Driver/Src/stm32l4xx_hal_i2c_ex.o
 .debug_aranges
                0x00000838      0x160 ./Drivers/STM32L4xx_HAL_Driver/Src/stm32l4xx_hal_pwr_ex.o
 .debug_aranges
                0x00000998       0x90 ./Drivers/STM32L4xx_HAL_Driver/Src/stm32l4xx_hal_rcc.o
 .debug_aranges
                0x00000a28       0xc0 ./Drivers/STM32L4xx_HAL_Driver/Src/stm32l4xx_hal_rcc_ex.o

.debug_rnglists
                0x00000000      0x83b
 .debug_rnglists
                0x00000000       0x27 ./Core/Src/ds3231.o
 .debug_rnglists
                0x00000027       0x27 ./Core/Src/i2c.o
 .debug_rnglists
                0x0000004e       0x3f ./Core/Src/main.o
 .debug_rnglists
                0x0000008d       0x29 ./Core/Src/mpu6050.o
 .debug_rnglists
                0x000000b6       0x20 ./Core/Src/stm32l4xx_hal_msp.o
 .debug_rnglists
                0x000000d6       0x5b ./Core/Src/stm32l4xx_it.o
 .debug_rnglists
                0x00000131       0x13 ./Core/Src/sysmem.o
 .debug_rnglists
                0x00000144       0x1a ./Core/Src/system_stm32l4xx.o
 .debug_rnglists
                0x0000015e       0x19 ./Core/Startup/startup_stm32l476rgtx.o
 .debug_rnglists
                0x00000177       0xdf ./Drivers/STM32L4xx_HAL_Driver/Src/stm32l4xx_hal.o
 .debug_rnglists
                0x00000256       0xda ./Drivers/STM32L4xx_HAL_Driver/Src/stm32l4xx_hal_cortex.o
 .debug_rnglists
                0x00000330       0x64 ./Drivers/STM32L4xx_HAL_Driver/Src/stm32l4xx_hal_dma.o
 .debug_rnglists
                0x00000394       0x3f ./Drivers/STM32L4xx_HAL_Driver/Src/stm32l4xx_hal_gpio.o
 .debug_rnglists
                0x000003d3      0x228 ./Drivers/STM32L4xx_HAL_Driver/Src/stm32l4xx_hal_i2c.o
 .debug_rnglists
                0x000005fb       0x35 ./Drivers/STM32L4xx_HAL_Driver/Src/stm32l4xx_hal_i2c_ex.o
 .debug_rnglists
                0x00000630      0x109 ./Drivers/STM32L4xx_HAL_Driver/Src/stm32l4xx_hal_pwr_ex.o
 .debug_rnglists
                0x00000739       0x6d ./Drivers/STM32L4xx_HAL_Driver/Src/stm32l4xx_hal_rcc.o
 .debug_rnglists
                0x000007a6       0x95 ./Drivers/STM32L4xx_HAL_Driver/Src/stm32l4xx_hal_rcc_ex.o

.debug_macro    0x00000000     0x26f9
 .debug_macro   0x00000000      0x1e3 ./Core/Src/ds3231.o
 .debug_macro   0x000001e3      0x1d9 ./Core/Src/i2c.o
 .debug_macro   0x000003bc      0x2ce ./Core/Src/main.o
 .debug_macro   0x0000068a       0x58 ./Core/Src/main.o
 .debug_macro   0x000006e2      0x10b ./Core/Src/main.o
 .debug_macro   0x000007ed       0xe8 ./Core/Src/main.o
 .debug_macro   0x000008d5      0x1e2 ./Core/Src/mpu6050.o
 .debug_macro   0x00000ab7      0x2c2 ./Core/Src/stm32l4xx_hal_msp.o
 .debug_macro   0x00000d79      0x2cc ./Core/Src/stm32l4xx_it.o
 .debug_macro   0x00001045       0xff ./Core/Src/sysmem.o
 .debug_macro   0x00001144      0x23c ./Core/Src/sysmem.o
 .debug_macro   0x00001380      0x1c6 ./Core/Src/system_stm32l4xx.o
 .debug_macro   0x00001546      0x214 ./Drivers/STM32L4xx_HAL_Driver/Src/stm32l4xx_hal.o
 .debug_macro   0x0000175a      0x1c6 ./Drivers/STM32L4xx_HAL_Driver/Src/stm32l4xx_hal_cortex.o
 .debug_macro   0x00001920      0x1c6 ./Drivers/STM32L4xx_HAL_Driver/Src/stm32l4xx_hal_dma.o
 .debug_macro   0x00001ae6      0x1cd ./Drivers/STM32L4xx_HAL_Driver/Src/stm32l4xx_hal_gpio.o
 .debug_macro   0x00001cb3      0x292 ./Drivers/STM32L4xx_HAL_Driver/Src/stm32l4xx_hal_i2c.o
 .debug_macro   0x00001f45      0x1c6 ./Drivers/STM32L4xx_HAL_Driver/Src/stm32l4xx_hal_i2c_ex.o
 .debug_macro   0x0000210b      0x1ea ./Drivers/STM32L4xx_HAL_Driver/Src/stm32l4xx_hal_pwr_ex.o
 .debug_macro   0x000022f5      0x208 ./Drivers/STM32L4xx_HAL_Driver/Src/stm32l4xx_hal_rcc.o
 .debug_macro   0x000024fd      0x1fc ./Drivers/STM32L4xx_HAL_Driver/Src/stm32l4xx_hal_rcc_ex.o

.debug_line     0x00000000     0xee10
 .debug_line    0x00000000      0x82a ./Core/Src/ds3231.o
 .debug_line    0x0000082a      0x817 ./Core/Src/i2c.o
 .debug_line    0x00001041      0xa73 ./Core/Src/main.o
 .debug_line    0x00001ab4      0xac6 ./Core/Src/mpu6050.o
 .debug_line    0x0000257a      0x99a ./Core/Src/stm32l4xx_hal_msp.o
 .debug_line    0x00002f14      0xa0b ./Core/Src/stm32l4xx_it.o
 .debug_line    0x0000391f      0x579 ./Core/Src/sysmem.o
 .debug_line    0x00003e98      0x7e0 ./Core/Src/system_stm32l4xx.o
 .debug_line    0x00004678       0x7a ./Core/Startup/startup_stm32l476rgtx.o
 .debug_line    0x000046f2      0xb3b ./Drivers/STM32L4xx_HAL_Driver/Src/stm32l4xx_hal.o
 .debug_line    0x0000522d      0xd04 ./Drivers/STM32L4xx_HAL_Driver/Src/stm32l4xx_hal_cortex.o
 .debug_line    0x00005f31      0xd40 ./Drivers/STM32L4xx_HAL_Driver/Src/stm32l4xx_hal_dma.o
 .debug_line    0x00006c71      0xbc7 ./Drivers/STM32L4xx_HAL_Driver/Src/stm32l4xx_hal_gpio.o
 .debug_line    0x00007838     0x3a6e ./Drivers/STM32L4xx_HAL_Driver/Src/stm32l4xx_hal_i2c.o
 .debug_line    0x0000b2a6      0x963 ./Drivers/STM32L4xx_HAL_Driver/Src/stm32l4xx_hal_i2c_ex.o
 .debug_line    0x0000bc09      0xd2d ./Drivers/STM32L4xx_HAL_Driver/Src/stm32l4xx_hal_pwr_ex.o
 .debug_line    0x0000c936      0xfb4 ./Drivers/STM32L4xx_HAL_Driver/Src/stm32l4xx_hal_rcc.o
 .debug_line    0x0000d8ea     0x1526 ./Drivers/STM32L4xx_HAL_Driver/Src/stm32l4xx_hal_rcc_ex.o

.debug_str      0x00000000    0xe7e1d
 .debug_str     0x00000000    0xdfb4e ./Core/Src/ds3231.o
                              0xdfdfc (size before relaxing)
 .debug_str     0x000dfb4e      0x49b ./Core/Src/i2c.o
                              0xe0349 (size before relaxing)
 .debug_str     0x000dffe9     0x4a3b ./Core/Src/main.o
                              0xe4d77 (size before relaxing)
 .debug_str     0x000e4a24      0x1b9 ./Core/Src/mpu6050.o
                              0xe004f (size before relaxing)
 .debug_str     0x000e4bdd      0x37d ./Core/Src/stm32l4xx_hal_msp.o
                              0xe4bfd (size before relaxing)
 .debug_str     0x000e4f5a      0x160 ./Core/Src/stm32l4xx_it.o
                              0xe4335 (size before relaxing)
 .debug_str     0x000e50ba      0x4dc ./Core/Src/sysmem.o
                               0x60eb (size before relaxing)
 .debug_str     0x000e5596       0xf2 ./Core/Src/system_stm32l4xx.o
                              0xdff3a (size before relaxing)
 .debug_str     0x000e5688       0x44 ./Core/Startup/startup_stm32l476rgtx.o
                                 0x9e (size before relaxing)
 .debug_str     0x000e56cc      0x64a ./Drivers/STM32L4xx_HAL_Driver/Src/stm32l4xx_hal.o
                              0xe0acd (size before relaxing)
 .debug_str     0x000e5d16      0x355 ./Drivers/STM32L4xx_HAL_Driver/Src/stm32l4xx_hal_cortex.o
                              0xe07b3 (size before relaxing)
 .debug_str     0x000e606b      0x229 ./Drivers/STM32L4xx_HAL_Driver/Src/stm32l4xx_hal_dma.o
                              0xe01a4 (size before relaxing)
 .debug_str     0x000e6294      0x15f ./Drivers/STM32L4xx_HAL_Driver/Src/stm32l4xx_hal_gpio.o
                              0xe00b3 (size before relaxing)
 .debug_str     0x000e63f3      0xd35 ./Drivers/STM32L4xx_HAL_Driver/Src/stm32l4xx_hal_i2c.o
                              0xe113b (size before relaxing)
 .debug_str     0x000e7128       0xb8 ./Drivers/STM32L4xx_HAL_Driver/Src/stm32l4xx_hal_i2c_ex.o
                              0xe0447 (size before relaxing)
 .debug_str     0x000e71e0      0x4e3 ./Drivers/STM32L4xx_HAL_Driver/Src/stm32l4xx_hal_pwr_ex.o
                              0xe0495 (size before relaxing)
 .debug_str     0x000e76c3      0x39b ./Drivers/STM32L4xx_HAL_Driver/Src/stm32l4xx_hal_rcc.o
                              0xe0580 (size before relaxing)
 .debug_str     0x000e7a5e      0x3bf ./Drivers/STM32L4xx_HAL_Driver/Src/stm32l4xx_hal_rcc_ex.o
                              0xe06f9 (size before relaxing)

.comment        0x00000000       0x43
 .comment       0x00000000       0x43 ./Core/Src/ds3231.o
                                 0x44 (size before relaxing)
 .comment       0x00000043       0x44 ./Core/Src/i2c.o
 .comment       0x00000043       0x44 ./Core/Src/main.o
 .comment       0x00000043       0x44 ./Core/Src/mpu6050.o
 .comment       0x00000043       0x44 ./Core/Src/stm32l4xx_hal_msp.o
 .comment       0x00000043       0x44 ./Core/Src/stm32l4xx_it.o
 .comment       0x00000043       0x44 ./Core/Src/sysmem.o
 .comment       0x00000043       0x44 ./Core/Src/system_stm32l4xx.o
 .comment       0x00000043       0x44 ./Drivers/STM32L4xx_HAL_Driver/Src/stm32l4xx_hal.o
 .comment       0x00000043       0x44 ./Drivers/STM32L4xx_HAL_Driver/Src/stm32l4xx_hal_cortex.o
 .comment       0x00000043       0x44 ./Drivers/STM32L4xx_HAL_Driver/Src/stm32l4xx_hal_dma.o
 .comment       0x00000043       0x44 ./Drivers/STM32L4xx_HAL_Driver/Src/stm32l4xx_hal_gpio.o
 .comment       0x00000043       0x44 ./Drivers/STM32L4xx_HAL_Driver/Src/stm32l4xx_hal_i2c.o
 .comment       0x00000043       0x44 ./Drivers/STM32L4xx_HAL_Driver/Src/stm32l4xx_hal_i2c_ex.o
 .comment       0x00000043       0x44 ./Drivers/STM32L4xx_HAL_Driver/Src/stm32l4xx_hal_pwr_ex.o
 .comment       0x00000043       0x44 ./Drivers/STM32L4xx_HAL_Driver/Src/stm32l4xx_hal_rcc.o
 .comment       0x00000043       0x44 ./Drivers/STM32L4xx_HAL_Driver/Src/stm32l4xx_hal_rcc_ex.o

.debug_frame    0x00000000     0x2e90
 .debug_frame   0x00000000       0xa8 ./Core/Src/ds3231.o
 .debug_frame   0x000000a8       0x98 ./Core/Src/i2c.o
 .debug_frame   0x00000140      0x12c ./Core/Src/main.o
 .debug_frame   0x0000026c       0xac ./Core/Src/mpu6050.o
 .debug_frame   0x00000318       0x84 ./Core/Src/stm32l4xx_hal_msp.o
 .debug_frame   0x0000039c      0x174 ./Core/Src/stm32l4xx_it.o
 .debug_frame   0x00000510       0x34 ./Core/Src/sysmem.o
 .debug_frame   0x00000544       0x58 ./Core/Src/system_stm32l4xx.o
 .debug_frame   0x0000059c      0x498 ./Drivers/STM32L4xx_HAL_Driver/Src/stm32l4xx_hal.o
 .debug_frame   0x00000a34      0x4e8 ./Drivers/STM32L4xx_HAL_Driver/Src/stm32l4xx_hal_cortex.o
 .debug_frame   0x00000f1c      0x204 ./Drivers/STM32L4xx_HAL_Driver/Src/stm32l4xx_hal_dma.o
 .debug_frame   0x00001120      0x14c ./Drivers/STM32L4xx_HAL_Driver/Src/stm32l4xx_hal_gpio.o
 .debug_frame   0x0000126c      0xc38 ./Drivers/STM32L4xx_HAL_Driver/Src/stm32l4xx_hal_i2c.o
 .debug_frame   0x00001ea4      0x100 ./Drivers/STM32L4xx_HAL_Driver/Src/stm32l4xx_hal_i2c_ex.o
 .debug_frame   0x00001fa4      0x584 ./Drivers/STM32L4xx_HAL_Driver/Src/stm32l4xx_hal_pwr_ex.o
 .debug_frame   0x00002528      0x21c ./Drivers/STM32L4xx_HAL_Driver/Src/stm32l4xx_hal_rcc.o
 .debug_frame   0x00002744      0x2fc ./Drivers/STM32L4xx_HAL_Driver/Src/stm32l4xx_hal_rcc_ex.o
 .debug_frame   0x00002a40       0x30 C:/ST/STM32CubeIDE_1.17.0/STM32CubeIDE/plugins/com.st.stm32cube.ide.mcu.externaltools.gnu-tools-for-stm32.12.3.rel1.win32_1.1.0.202410251130/tools/bin/../lib/gcc/arm-none-eabi/12.3.1/../../../../arm-none-eabi/lib/thumb/v7e-m+fp/hard\libc_nano.a(libc_a-malloc.o)
 .debug_frame   0x00002a70       0x50 C:/ST/STM32CubeIDE_1.17.0/STM32CubeIDE/plugins/com.st.stm32cube.ide.mcu.externaltools.gnu-tools-for-stm32.12.3.rel1.win32_1.1.0.202410251130/tools/bin/../lib/gcc/arm-none-eabi/12.3.1/../../../../arm-none-eabi/lib/thumb/v7e-m+fp/hard\libc_nano.a(libc_a-mallocr.o)
 .debug_frame   0x00002ac0       0x30 C:/ST/STM32CubeIDE_1.17.0/STM32CubeIDE/plugins/com.st.stm32cube.ide.mcu.externaltools.gnu-tools-for-stm32.12.3.rel1.win32_1.1.0.202410251130/tools/bin/../lib/gcc/arm-none-eabi/12.3.1/../../../../arm-none-eabi/lib/thumb/v7e-m+fp/hard\libc_nano.a(libc_a-mlock.o)
 .debug_frame   0x00002af0       0x20 C:/ST/STM32CubeIDE_1.17.0/STM32CubeIDE/plugins/com.st.stm32cube.ide.mcu.externaltools.gnu-tools-for-stm32.12.3.rel1.win32_1.1.0.202410251130/tools/bin/../lib/gcc/arm-none-eabi/12.3.1/../../../../arm-none-eabi/lib/thumb/v7e-m+fp/hard\libc_nano.a(libc_a-realloc.o)
 .debug_frame   0x00002b10       0x3c C:/ST/STM32CubeIDE_1.17.0/STM32CubeIDE/plugins/com.st.stm32cube.ide.mcu.externaltools.gnu-tools-for-stm32.12.3.rel1.win32_1.1.0.202410251130/tools/bin/../lib/gcc/arm-none-eabi/12.3.1/../../../../arm-none-eabi/lib/thumb/v7e-m+fp/hard\libc_nano.a(libc_a-reallocr.o)
 .debug_frame   0x00002b4c      0x144 C:/ST/STM32CubeIDE_1.17.0/STM32CubeIDE/plugins/com.st.stm32cube.ide.mcu.externaltools.gnu-tools-for-stm32.12.3.rel1.win32_1.1.0.202410251130/tools/bin/../lib/gcc/arm-none-eabi/12.3.1/../../../../arm-none-eabi/lib/thumb/v7e-m+fp/hard\libc_nano.a(libc_a-findfp.o)
 .debug_frame   0x00002c90       0x20 C:/ST/STM32CubeIDE_1.17.0/STM32CubeIDE/plugins/com.st.stm32cube.ide.mcu.externaltools.gnu-tools-for-stm32.12.3.rel1.win32_1.1.0.202410251130/tools/bin/../lib/gcc/arm-none-eabi/12.3.1/../../../../arm-none-eabi/lib/thumb/v7e-m+fp/hard\libc_nano.a(libc_a-memset.o)
 .debug_frame   0x00002cb0       0x38 C:/ST/STM32CubeIDE_1.17.0/STM32CubeIDE/plugins/com.st.stm32cube.ide.mcu.externaltools.gnu-tools-for-stm32.12.3.rel1.win32_1.1.0.202410251130/tools/bin/../lib/gcc/arm-none-eabi/12.3.1/../../../../arm-none-eabi/lib/thumb/v7e-m+fp/hard\libc_nano.a(libc_a-reent.o)
 .debug_frame   0x00002ce8       0x2c C:/ST/STM32CubeIDE_1.17.0/STM32CubeIDE/plugins/com.st.stm32cube.ide.mcu.externaltools.gnu-tools-for-stm32.12.3.rel1.win32_1.1.0.202410251130/tools/bin/../lib/gcc/arm-none-eabi/12.3.1/../../../../arm-none-eabi/lib/thumb/v7e-m+fp/hard\libc_nano.a(libc_a-sbrkr.o)
 .debug_frame   0x00002d14       0x20 C:/ST/STM32CubeIDE_1.17.0/STM32CubeIDE/plugins/com.st.stm32cube.ide.mcu.externaltools.gnu-tools-for-stm32.12.3.rel1.win32_1.1.0.202410251130/tools/bin/../lib/gcc/arm-none-eabi/12.3.1/../../../../arm-none-eabi/lib/thumb/v7e-m+fp/hard\libc_nano.a(libc_a-errno.o)
 .debug_frame   0x00002d34       0x2c C:/ST/STM32CubeIDE_1.17.0/STM32CubeIDE/plugins/com.st.stm32cube.ide.mcu.externaltools.gnu-tools-for-stm32.12.3.rel1.win32_1.1.0.202410251130/tools/bin/../lib/gcc/arm-none-eabi/12.3.1/../../../../arm-none-eabi/lib/thumb/v7e-m+fp/hard\libc_nano.a(libc_a-init.o)
 .debug_frame   0x00002d60       0xb0 C:/ST/STM32CubeIDE_1.17.0/STM32CubeIDE/plugins/com.st.stm32cube.ide.mcu.externaltools.gnu-tools-for-stm32.12.3.rel1.win32_1.1.0.202410251130/tools/bin/../lib/gcc/arm-none-eabi/12.3.1/../../../../arm-none-eabi/lib/thumb/v7e-m+fp/hard\libc_nano.a(libc_a-lock.o)
 .debug_frame   0x00002e10       0x28 C:/ST/STM32CubeIDE_1.17.0/STM32CubeIDE/plugins/com.st.stm32cube.ide.mcu.externaltools.gnu-tools-for-stm32.12.3.rel1.win32_1.1.0.202410251130/tools/bin/../lib/gcc/arm-none-eabi/12.3.1/../../../../arm-none-eabi/lib/thumb/v7e-m+fp/hard\libc_nano.a(libc_a-memcpy-stub.o)
 .debug_frame   0x00002e38       0x38 C:/ST/STM32CubeIDE_1.17.0/STM32CubeIDE/plugins/com.st.stm32cube.ide.mcu.externaltools.gnu-tools-for-stm32.12.3.rel1.win32_1.1.0.202410251130/tools/bin/../lib/gcc/arm-none-eabi/12.3.1/../../../../arm-none-eabi/lib/thumb/v7e-m+fp/hard\libc_nano.a(libc_a-freer.o)
 .debug_frame   0x00002e70       0x20 C:/ST/STM32CubeIDE_1.17.0/STM32CubeIDE/plugins/com.st.stm32cube.ide.mcu.externaltools.gnu-tools-for-stm32.12.3.rel1.win32_1.1.0.202410251130/tools/bin/../lib/gcc/arm-none-eabi/12.3.1/../../../../arm-none-eabi/lib/thumb/v7e-m+fp/hard\libc_nano.a(libc_a-msizer.o)

.debug_line_str
                0x00000000       0x82
 .debug_line_str
                0x00000000       0x82 ./Core/Startup/startup_stm32l476rgtx.o
