Archive member included to satisfy reference by file (symbol)

C:/ST/STM32CubeIDE_1.17.0/STM32CubeIDE/plugins/com.st.stm32cube.ide.mcu.externaltools.gnu-tools-for-stm32.12.3.rel1.win32_1.1.0.202410251130/tools/bin/../lib/gcc/arm-none-eabi/12.3.1/../../../../arm-none-eabi/lib/thumb/v7e-m+fp/hard\libm.a(libm_a-w_pow.o)
                              ./Core/Src/bmp180.o (pow)
C:/ST/STM32CubeIDE_1.17.0/STM32CubeIDE/plugins/com.st.stm32cube.ide.mcu.externaltools.gnu-tools-for-stm32.12.3.rel1.win32_1.1.0.202410251130/tools/bin/../lib/gcc/arm-none-eabi/12.3.1/../../../../arm-none-eabi/lib/thumb/v7e-m+fp/hard\libm.a(libm_a-s_finite.o)
                              C:/ST/STM32CubeIDE_1.17.0/STM32CubeIDE/plugins/com.st.stm32cube.ide.mcu.externaltools.gnu-tools-for-stm32.12.3.rel1.win32_1.1.0.202410251130/tools/bin/../lib/gcc/arm-none-eabi/12.3.1/../../../../arm-none-eabi/lib/thumb/v7e-m+fp/hard\libm.a(libm_a-w_pow.o) (finite)
C:/ST/STM32CubeIDE_1.17.0/STM32CubeIDE/plugins/com.st.stm32cube.ide.mcu.externaltools.gnu-tools-for-stm32.12.3.rel1.win32_1.1.0.202410251130/tools/bin/../lib/gcc/arm-none-eabi/12.3.1/../../../../arm-none-eabi/lib/thumb/v7e-m+fp/hard\libm.a(libm_a-e_pow.o)
                              C:/ST/STM32CubeIDE_1.17.0/STM32CubeIDE/plugins/com.st.stm32cube.ide.mcu.externaltools.gnu-tools-for-stm32.12.3.rel1.win32_1.1.0.202410251130/tools/bin/../lib/gcc/arm-none-eabi/12.3.1/../../../../arm-none-eabi/lib/thumb/v7e-m+fp/hard\libm.a(libm_a-w_pow.o) (__ieee754_pow)
C:/ST/STM32CubeIDE_1.17.0/STM32CubeIDE/plugins/com.st.stm32cube.ide.mcu.externaltools.gnu-tools-for-stm32.12.3.rel1.win32_1.1.0.202410251130/tools/bin/../lib/gcc/arm-none-eabi/12.3.1/../../../../arm-none-eabi/lib/thumb/v7e-m+fp/hard\libm.a(libm_a-s_fabs.o)
                              C:/ST/STM32CubeIDE_1.17.0/STM32CubeIDE/plugins/com.st.stm32cube.ide.mcu.externaltools.gnu-tools-for-stm32.12.3.rel1.win32_1.1.0.202410251130/tools/bin/../lib/gcc/arm-none-eabi/12.3.1/../../../../arm-none-eabi/lib/thumb/v7e-m+fp/hard\libm.a(libm_a-e_pow.o) (fabs)
C:/ST/STM32CubeIDE_1.17.0/STM32CubeIDE/plugins/com.st.stm32cube.ide.mcu.externaltools.gnu-tools-for-stm32.12.3.rel1.win32_1.1.0.202410251130/tools/bin/../lib/gcc/arm-none-eabi/12.3.1/../../../../arm-none-eabi/lib/thumb/v7e-m+fp/hard\libm.a(libm_a-s_scalbn.o)
                              C:/ST/STM32CubeIDE_1.17.0/STM32CubeIDE/plugins/com.st.stm32cube.ide.mcu.externaltools.gnu-tools-for-stm32.12.3.rel1.win32_1.1.0.202410251130/tools/bin/../lib/gcc/arm-none-eabi/12.3.1/../../../../arm-none-eabi/lib/thumb/v7e-m+fp/hard\libm.a(libm_a-e_pow.o) (scalbn)
C:/ST/STM32CubeIDE_1.17.0/STM32CubeIDE/plugins/com.st.stm32cube.ide.mcu.externaltools.gnu-tools-for-stm32.12.3.rel1.win32_1.1.0.202410251130/tools/bin/../lib/gcc/arm-none-eabi/12.3.1/../../../../arm-none-eabi/lib/thumb/v7e-m+fp/hard\libm.a(libm_a-math_err.o)
                              C:/ST/STM32CubeIDE_1.17.0/STM32CubeIDE/plugins/com.st.stm32cube.ide.mcu.externaltools.gnu-tools-for-stm32.12.3.rel1.win32_1.1.0.202410251130/tools/bin/../lib/gcc/arm-none-eabi/12.3.1/../../../../arm-none-eabi/lib/thumb/v7e-m+fp/hard\libm.a(libm_a-e_pow.o) (__math_uflow)
C:/ST/STM32CubeIDE_1.17.0/STM32CubeIDE/plugins/com.st.stm32cube.ide.mcu.externaltools.gnu-tools-for-stm32.12.3.rel1.win32_1.1.0.202410251130/tools/bin/../lib/gcc/arm-none-eabi/12.3.1/../../../../arm-none-eabi/lib/thumb/v7e-m+fp/hard\libm.a(libm_a-e_sqrt.o)
                              C:/ST/STM32CubeIDE_1.17.0/STM32CubeIDE/plugins/com.st.stm32cube.ide.mcu.externaltools.gnu-tools-for-stm32.12.3.rel1.win32_1.1.0.202410251130/tools/bin/../lib/gcc/arm-none-eabi/12.3.1/../../../../arm-none-eabi/lib/thumb/v7e-m+fp/hard\libm.a(libm_a-e_pow.o) (__ieee754_sqrt)
C:/ST/STM32CubeIDE_1.17.0/STM32CubeIDE/plugins/com.st.stm32cube.ide.mcu.externaltools.gnu-tools-for-stm32.12.3.rel1.win32_1.1.0.202410251130/tools/bin/../lib/gcc/arm-none-eabi/12.3.1/../../../../arm-none-eabi/lib/thumb/v7e-m+fp/hard\libc_nano.a(libc_a-exit.o)
                              C:/ST/STM32CubeIDE_1.17.0/STM32CubeIDE/plugins/com.st.stm32cube.ide.mcu.externaltools.gnu-tools-for-stm32.12.3.rel1.win32_1.1.0.202410251130/tools/bin/../lib/gcc/arm-none-eabi/12.3.1/../../../../arm-none-eabi/lib/thumb/v7e-m+fp/hard/crt0.o (exit)
C:/ST/STM32CubeIDE_1.17.0/STM32CubeIDE/plugins/com.st.stm32cube.ide.mcu.externaltools.gnu-tools-for-stm32.12.3.rel1.win32_1.1.0.202410251130/tools/bin/../lib/gcc/arm-none-eabi/12.3.1/../../../../arm-none-eabi/lib/thumb/v7e-m+fp/hard\libc_nano.a(libc_a-malloc.o)
                              ./Core/Src/mpu6050.o (malloc)
C:/ST/STM32CubeIDE_1.17.0/STM32CubeIDE/plugins/com.st.stm32cube.ide.mcu.externaltools.gnu-tools-for-stm32.12.3.rel1.win32_1.1.0.202410251130/tools/bin/../lib/gcc/arm-none-eabi/12.3.1/../../../../arm-none-eabi/lib/thumb/v7e-m+fp/hard\libc_nano.a(libc_a-mallocr.o)
[...]
Memory Configuration

Name             Origin             Length             Attributes
RAM              0x20000000         0x00018000         xrw
RAM2             0x10000000         0x00008000         xrw
FLASH            0x08000000         0x00100000         xr
*default*        0x00000000         0xffffffff

Linker script and memory map

LOAD C:/ST/STM32CubeIDE_1.17.0/STM32CubeIDE/plugins/com.st.stm32cube.ide.mcu.externaltools.gnu-tools-for-stm32.12.3.rel1.win32_1.1.0.202410251130/tools/bin/../lib/gcc/arm-none-eabi/12.3.1/thumb/v7e-m+fp/hard/crti.o
LOAD C:/ST/STM32CubeIDE_1.17.0/STM32CubeIDE/plugins/com.st.stm32cube.ide.mcu.externaltools.gnu-tools-for-stm32.12.3.rel1.win32_1.1.0.202410251130/tools/bin/../lib/gcc/arm-none-eabi/12.3.1/thumb/v7e-m+fp/hard/crtbegin.o
LOAD C:/ST/STM32CubeIDE_1.17.0/STM32CubeIDE/plugins/com.st.stm32cube.ide.mcu.externaltools.gnu-tools-for-stm32.12.3.rel1.win32_1.1.0.202410251130/tools/bin/../lib/gcc/arm-none-eabi/12.3.1/../../../../arm-none-eabi/lib/thumb/v7e-m+fp/hard/crt0.o
LOAD ./Core/Src/adc.o
LOAD ./Core/Src/bmp180.o
LOAD ./Core/Src/ds3231.o
LOAD ./Core/Src/i2c.o
LOAD ./Core/Src/main.o
LOAD ./Core/Src/mpu6050.o
LOAD ./Core/Src/neom9n.o
LOAD ./Core/Src/sd.o
LOAD ./Core/Src/spi.o
LOAD ./Core/Src/stm32l4xx_hal_msp.o
LOAD ./Core/Src/stm32l4xx_it.o
LOAD ./Core/Src/syscalls.o
LOAD ./Core/Src/sysmem.o
LOAD ./Core/Src/system_stm32l4xx.o
LOAD ./Core/Startup/startup_stm32l476rgtx.o
LOAD ./Drivers/STM32L4xx_HAL_Driver/Src/stm32l4xx_hal.o
LOAD ./Drivers/STM32L4xx_HAL_Driver/Src/stm32l4xx_hal_cortex.o
LOAD ./Drivers/STM32L4xx_HAL_Driver/Src/stm32l4xx_hal_dma.o
LOAD ./Drivers/STM32L4xx_HAL_Driver/Src/stm32l4xx_hal_dma_ex.o
LOAD ./Drivers/STM32L4xx_HAL_Driver/Src/stm32l4xx_hal_exti.o
LOAD ./Drivers/STM32L4xx_HAL_Driver/Src/stm32l4xx_hal_flash.o
LOAD ./Drivers/STM32L4xx_HAL_Driver/Src/stm32l4xx_hal_flash_ex.o
LOAD ./Drivers/STM32L4xx_HAL_Driver/Src/stm32l4xx_hal_flash_ramfunc.o
LOAD ./Drivers/STM32L4xx_HAL_Driver/Src/stm32l4xx_hal_gpio.o
LOAD ./Drivers/STM32L4xx_HAL_Driver/Src/stm32l4xx_hal_i2c.o
LOAD ./Drivers/STM32L4xx_HAL_Driver/Src/stm32l4xx_hal_i2c_ex.o
LOAD ./Drivers/STM32L4xx_HAL_Driver/Src/stm32l4xx_hal_pwr.o
LOAD ./Drivers/STM32L4xx_HAL_Driver/Src/stm32l4xx_hal_pwr_ex.o
LOAD ./Drivers/STM32L4xx_HAL_Driver/Src/stm32l4xx_hal_rcc.o
LOAD ./Drivers/STM32L4xx_HAL_Driver/Src/stm32l4xx_hal_rcc_ex.o
LOAD ./Drivers/STM32L4xx_HAL_Driver/Src/stm32l4xx_hal_spi.o
LOAD ./Drivers/STM32L4xx_HAL_Driver/Src/stm32l4xx_hal_spi_ex.o
LOAD ./Drivers/STM32L4xx_HAL_Driver/Src/stm32l4xx_hal_uart.o
LOAD ./Drivers/STM32L4xx_HAL_Driver/Src/stm32l4xx_hal_uart_ex.o
LOAD ./FATFS/App/fatfs.o
LOAD ./FATFS/Target/user_diskio.o
LOAD ./Middlewares/FatFs/ff.o
LOAD ./Middlewares/Third_Party/FatFs/src/diskio.o
LOAD ./Middlewares/Third_Party/FatFs/src/ff.o
LOAD ./Middlewares/Third_Party/FatFs/src/ff_gen_drv.o
LOAD ./Middlewares/Third_Party/FatFs/src/option/syscall.o
START GROUP
LOAD C:/ST/STM32CubeIDE_1.17.0/STM32CubeIDE/plugins/com.st.stm32cube.ide.mcu.externaltools.gnu-tools-for-stm32.12.3.rel1.win32_1.1.0.202410251130/tools/bin/../lib/gcc/arm-none-eabi/12.3.1/../../../../arm-none-eabi/lib/thumb/v7e-m+fp/hard\libstdc++_nano.a
LOAD C:/ST/STM32CubeIDE_1.17.0/STM32CubeIDE/plugins/com.st.stm32cube.ide.mcu.externaltools.gnu-tools-for-stm32.12.3.rel1.win32_1.1.0.202410251130/tools/bin/../lib/gcc/arm-none-eabi/12.3.1/../../../../arm-none-eabi/lib/thumb/v7e-m+fp/hard\libsupc++_nano.a
END GROUP
LOAD C:/ST/STM32CubeIDE_1.17.0/STM32CubeIDE/plugins/com.st.stm32cube.ide.mcu.externaltools.gnu-tools-for-stm32.12.3.rel1.win32_1.1.0.202410251130/tools/bin/../lib/gcc/arm-none-eabi/12.3.1/../../../../arm-none-eabi/lib/thumb/v7e-m+fp/hard\libstdc++_nano.a
LOAD C:/ST/STM32CubeIDE_1.17.0/STM32CubeIDE/plugins/com.st.stm32cube.ide.mcu.externaltools.gnu-tools-for-stm32.12.3.rel1.win32_1.1.0.202410251130/tools/bin/../lib/gcc/arm-none-eabi/12.3.1/../../../../arm-none-eabi/lib/thumb/v7e-m+fp/hard\libm.a
LOAD C:/ST/STM32CubeIDE_1.17.0/STM32CubeIDE/plugins/com.st.stm32cube.ide.mcu.externaltools.gnu-tools-for-stm32.12.3.rel1.win32_1.1.0.202410251130/tools/bin/../lib/gcc/arm-none-eabi/12.3.1/../../../../arm-none-eabi/lib/thumb/v7e-m+fp/hard\libc_nano.a
START GROUP
LOAD C:/ST/STM32CubeIDE_1.17.0/STM32CubeIDE/plugins/com.st.stm32cube.ide.mcu.externaltools.gnu-tools-for-stm32.12.3.rel1.win32_1.1.0.202410251130/tools/bin/../lib/gcc/arm-none-eabi/12.3.1/thumb/v7e-m+fp/hard\libgcc.a
LOAD C:/ST/STM32CubeIDE_1.17.0/STM32CubeIDE/plugins/com.st.stm32cube.ide.mcu.externaltools.gnu-tools-for-stm32.12.3.rel1.win32_1.1.0.202410251130/tools/bin/../lib/gcc/arm-none-eabi/12.3.1/../../../../arm-none-eabi/lib/thumb/v7e-m+fp/hard\libc_nano.a
END GROUP
START GROUP
LOAD C:/ST/STM32CubeIDE_1.17.0/STM32CubeIDE/plugins/com.st.stm32cube.ide.mcu.externaltools.gnu-tools-for-stm32.12.3.rel1.win32_1.1.0.202410251130/tools/bin/../lib/gcc/arm-none-eabi/12.3.1/thumb/v7e-m+fp/hard\libgcc.a
LOAD C:/ST/STM32CubeIDE_1.17.0/STM32CubeIDE/plugins/com.st.stm32cube.ide.mcu.externaltools.gnu-tools-for-stm32.12.3.rel1.win32_1.1.0.202410251130/tools/bin/../lib/gcc/arm-none-eabi/12.3.1/../../../../arm-none-eabi/lib/thumb/v7e-m+fp/hard\libc_nano.a
LOAD C:/ST/STM32CubeIDE_1.17.0/STM32CubeIDE/plugins/com.st.stm32cube.ide.mcu.externaltools.gnu-tools-for-stm32.12.3.rel1.win32_1.1.0.202410251130/tools/bin/../lib/gcc/arm-none-eabi/12.3.1/../../../../arm-none-eabi/lib/thumb/v7e-m+fp/hard\libnosys.a
END GROUP
START GROUP
LOAD C:/ST/STM32CubeIDE_1.17.0/STM32CubeIDE/plugins/com.st.stm32cube.ide.mcu.externaltools.gnu-tools-for-stm32.12.3.rel1.win32_1.1.0.202410251130/tools/bin/../lib/gcc/arm-none-eabi/12.3.1/thumb/v7e-m+fp/hard\libgcc.a
LOAD C:/ST/STM32CubeIDE_1.17.0/STM32CubeIDE/plugins/com.st.stm32cube.ide.mcu.externaltools.gnu-tools-for-stm32.12.3.rel1.win32_1.1.0.202410251130/tools/bin/../lib/gcc/arm-none-eabi/12.3.1/../../../../arm-none-eabi/lib/thumb/v7e-m+fp/hard\libc_nano.a
LOAD C:/ST/STM32CubeIDE_1.17.0/STM32CubeIDE/plugins/com.st.stm32cube.ide.mcu.externaltools.gnu-tools-for-stm32.12.3.rel1.win32_1.1.0.202410251130/tools/bin/../lib/gcc/arm-none-eabi/12.3.1/../../../../arm-none-eabi/lib/thumb/v7e-m+fp/hard\libnosys.a
END GROUP
LOAD C:/ST/STM32CubeIDE_1.17.0/STM32CubeIDE/plugins/com.st.stm32cube.ide.mcu.externaltools.gnu-tools-for-stm32.12.3.rel1.win32_1.1.0.202410251130/tools/bin/../lib/gcc/arm-none-eabi/12.3.1/thumb/v7e-m+fp/hard/crtend.o
LOAD C:/ST/STM32CubeIDE_1.17.0/STM32CubeIDE/plugins/com.st.stm32cube.ide.mcu.externaltools.gnu-tools-for-stm32.12.3.rel1.win32_1.1.0.202410251130/tools/bin/../lib/gcc/arm-none-eabi/12.3.1/thumb/v7e-m+fp/hard/crtn.o
                0x20018000                        _estack = (ORIGIN (RAM) + LENGTH (RAM))
                0x00000200                        _Min_Heap_Size = 0x200
                0x00000400                        _Min_Stack_Size = 0x400

.isr_vector     0x08000000      0x188
                0x08000000                        . = ALIGN (0x4)
 *(.isr_vector)
 .isr_vector    0x08000000      0x188 ./Core/Startup/startup_stm32l476rgtx.o
                0x08000000                g_pfnVectors
                0x08000188                        . = ALIGN (0x4)

.text           0x08000188     0x73fc
                0x08000188                        . = ALIGN (0x4)
 *(.text)
 .text          0x08000188       0x40 C:/ST/STM32CubeIDE_1.17.0/STM32CubeIDE/plugins/com.st.stm32cube.ide.mcu.externaltools.gnu-tools-for-stm32.12.3.rel1.win32_1.1.0.202410251130/tools/bin/../lib/gcc/arm-none-eabi/12.3.1/thumb/v7e-m+fp/hard/crtbegin.o
 .text          0x080001c8       0x10 C:/ST/STM32CubeIDE_1.17.0/STM32CubeIDE/plugins/com.st.stm32cube.ide.mcu.externaltools.gnu-tools-for-stm32.12.3.rel1.win32_1.1.0.202410251130/tools/bin/../lib/gcc/arm-none-eabi/12.3.1/../../../../arm-none-eabi/lib/thumb/v7e-m+fp/hard\libc_nano.a(libc_a-strlen.o)
                0x080001c8                strlen
 .text          0x080001d8       0x30 C:/ST/STM32CubeIDE_1.17.0/STM32CubeIDE/plugins/com.st.stm32cube.ide.mcu.externaltools.gnu-tools-for-stm32.12.3.rel1.win32_1.1.0.202410251130/tools/bin/../lib/gcc/arm-none-eabi/12.3.1/thumb/v7e-m+fp/hard\libgcc.a(_aeabi_uldivmod.o)
                0x080001d8                __aeabi_uldivmod
 .text          0x08000208      0x2bc C:/ST/STM32CubeIDE_1.17.0/STM32CubeIDE/plugins/com.st.stm32cube.ide.mcu.externaltools.gnu-tools-for-stm32.12.3.rel1.win32_1.1.0.202410251130/tools/bin/../lib/gcc/arm-none-eabi/12.3.1/thumb/v7e-m+fp/hard\libgcc.a(_udivmoddi4.o)
                0x08000208                __udivmoddi4
 .text          0x080004c4        0x4 C:/ST/STM32CubeIDE_1.17.0/STM32CubeIDE/plugins/com.st.stm32cube.ide.mcu.externaltools.gnu-tools-for-stm32.12.3.rel1.win32_1.1.0.202410251130/tools/bin/../lib/gcc/arm-none-eabi/12.3.1/thumb/v7e-m+fp/hard\libgcc.a(_dvmd_tls.o)
                0x080004c4                __aeabi_idiv0
                0x080004c4                __aeabi_ldiv0
 *(.text*)
 .text.I2C_Init
                0x080004c8       0x84 ./Core/Src/i2c.o
                0x080004c8                I2C_Init
 .text.main     0x0800054c      0x130 ./Core/Src/main.o
                0x0800054c                main
 .text.SystemClock_Config
                0x0800067c       0x8c ./Core/Src/main.o
                0x0800067c                SystemClock_Config
 .text.GPIO_Init
                0x08000708       0x64 ./Core/Src/main.o
                0x08000708                GPIO_Init
 .text.Error_Handler
                0x0800076c        0xc ./Core/Src/main.o
                0x0800076c                Error_Handler
 .text.UART_Init
                0x08000778       0x60 ./Core/Src/neom9n.o
                0x08000778                UART_Init
 .text.send_command
                0x080007d8      0x108 ./Core/Src/sd.o
                0x080007d8                send_command
 .text.initialize_SPI_mode
                0x080008e0       0x3c ./Core/Src/sd.o
                0x080008e0                initialize_SPI_mode
 .text.read_block
                0x0800091c      0x1a8 ./Core/Src/sd.o
                0x0800091c                read_block
 .text.write_block
                0x08000ac4      0x1a8 ./Core/Src/sd.o
                0x08000ac4                write_block
 .text.initialize_SD_card
                0x08000c6c      0x148 ./Core/Src/sd.o
                0x08000c6c                initialize_SD_card
 .text.is_SD_card_initialized
                0x08000db4       0x18 ./Core/Src/sd.o
                0x08000db4                is_SD_card_initialized
 .text.SPI_Init
                0x08000dcc       0x7c ./Core/Src/spi.o
                0x08000dcc                SPI_Init
 .text.HAL_MspInit
                0x08000e48       0x48 ./Core/Src/stm32l4xx_hal_msp.o
                0x08000e48                HAL_MspInit
 .text.HAL_I2C_MspInit
                0x08000e90      0x180 ./Core/Src/stm32l4xx_hal_msp.o
                0x08000e90                HAL_I2C_MspInit
 .text.HAL_SPI_MspInit
                0x08001010       0x84 ./Core/Src/stm32l4xx_hal_msp.o
                0x08001010                HAL_SPI_MspInit
 .text.HAL_UART_MspInit
                0x08001094       0xcc ./Core/Src/stm32l4xx_hal_msp.o
                0x08001094                HAL_UART_MspInit
 .text.NMI_Handler
                0x08001160        0x8 ./Core/Src/stm32l4xx_it.o
                0x08001160                NMI_Handler
 .text.HardFault_Handler
                0x08001168        0x8 ./Core/Src/stm32l4xx_it.o
                0x08001168                HardFault_Handler
 .text.MemManage_Handler
                0x08001170        0x8 ./Core/Src/stm32l4xx_it.o
                0x08001170                MemManage_Handler
 .text.BusFault_Handler
                0x08001178        0x8 ./Core/Src/stm32l4xx_it.o
                0x08001178                BusFault_Handler
 .text.UsageFault_Handler
                0x08001180        0x8 ./Core/Src/stm32l4xx_it.o
                0x08001180                UsageFault_Handler
 .text.SVC_Handler
                0x08001188        0xe ./Core/Src/stm32l4xx_it.o
                0x08001188                SVC_Handler
 .text.DebugMon_Handler
                0x08001196        0xe ./Core/Src/stm32l4xx_it.o
                0x08001196                DebugMon_Handler
 .text.PendSV_Handler
                0x080011a4        0xe ./Core/Src/stm32l4xx_it.o
                0x080011a4                PendSV_Handler
 .text.SysTick_Handler
                0x080011b2        0xc ./Core/Src/stm32l4xx_it.o
                0x080011b2                SysTick_Handler
 *fill*         0x080011be        0x2 
 .text.USART3_IRQHandler
                0x080011c0       0x14 ./Core/Src/stm32l4xx_it.o
                0x080011c0                USART3_IRQHandler
 .text.SystemInit
                0x080011d4       0x24 ./Core/Src/system_stm32l4xx.o
                0x080011d4                SystemInit
 .text.Reset_Handler
                0x080011f8       0x50 ./Core/Startup/startup_stm32l476rgtx.o
                0x080011f8                Reset_Handler
 .text.Default_Handler
                0x08001248        0x2 ./Core/Startup/startup_stm32l476rgtx.o
                0x08001248                RTC_Alarm_IRQHandler
                0x08001248                EXTI2_IRQHandler
                0x08001248                TIM8_TRG_COM_IRQHandler
                0x08001248                TIM8_CC_IRQHandler
                0x08001248                TIM1_CC_IRQHandler
                0x08001248                TSC_IRQHandler
                0x08001248                TAMP_STAMP_IRQHandler
                0x08001248                EXTI3_IRQHandler
                0x08001248                LPTIM2_IRQHandler
                0x08001248                DFSDM1_FLT1_IRQHandler
                0x08001248                I2C3_ER_IRQHandler
                0x08001248                DFSDM1_FLT2_IRQHandler
                0x08001248                EXTI0_IRQHandler
                0x08001248                I2C2_EV_IRQHandler
                0x08001248                CAN1_RX0_IRQHandler
                0x08001248                FPU_IRQHandler
                0x08001248                TIM1_UP_TIM16_IRQHandler
                0x08001248                ADC1_2_IRQHandler
                0x08001248                SPI1_IRQHandler
                0x08001248                TIM6_DAC_IRQHandler
                0x08001248                TIM8_UP_IRQHandler
                0x08001248                DMA2_Channel2_IRQHandler
                0x08001248                DMA1_Channel4_IRQHandler
                0x08001248                SAI2_IRQHandler
                0x08001248                DFSDM1_FLT3_IRQHandler
                0x08001248                DMA1_Channel7_IRQHandler
                0x08001248                CAN1_RX1_IRQHandler
                0x08001248                LCD_IRQHandler
                0x08001248                UART5_IRQHandler
                0x08001248                ADC3_IRQHandler
                0x08001248                TIM4_IRQHandler
                0x08001248                DMA2_Channel1_IRQHandler
                0x08001248                QUADSPI_IRQHandler
                0x08001248                I2C1_EV_IRQHandler
                0x08001248                DMA1_Channel6_IRQHandler
                0x08001248                UART4_IRQHandler
                0x08001248                DMA2_Channel4_IRQHandler
                0x08001248                TIM3_IRQHandler
                0x08001248                RCC_IRQHandler
                0x08001248                DMA1_Channel1_IRQHandler
                0x08001248                Default_Handler
                0x08001248                DMA2_Channel7_IRQHandler
                0x08001248                EXTI15_10_IRQHandler
                0x08001248                TIM7_IRQHandler
                0x08001248                SDMMC1_IRQHandler
                0x08001248                TIM5_IRQHandler
                0x08001248                I2C3_EV_IRQHandler
                0x08001248                EXTI9_5_IRQHandler
                0x08001248                RTC_WKUP_IRQHandler
                0x08001248                PVD_PVM_IRQHandler
                0x08001248                SPI2_IRQHandler
                0x08001248                CAN1_TX_IRQHandler
                0x08001248                DMA2_Channel5_IRQHandler
                0x08001248                DMA1_Channel5_IRQHandler
                0x08001248                EXTI4_IRQHandler
                0x08001248                RNG_IRQHandler
                0x08001248                TIM1_TRG_COM_TIM17_IRQHandler
                0x08001248                DMA1_Channel3_IRQHandler
                0x08001248                COMP_IRQHandler
                0x08001248                WWDG_IRQHandler
                0x08001248                LPUART1_IRQHandler
                0x08001248                DMA2_Channel6_IRQHandler
                0x08001248                TIM2_IRQHandler
                0x08001248                EXTI1_IRQHandler
                0x08001248                USART2_IRQHandler
                0x08001248                DFSDM1_FLT0_IRQHandler
                0x08001248                I2C2_ER_IRQHandler
                0x08001248                DMA1_Channel2_IRQHandler
                0x08001248                TIM8_BRK_IRQHandler
                0x08001248                CAN1_SCE_IRQHandler
                0x08001248                FLASH_IRQHandler
                0x08001248                USART1_IRQHandler
                0x08001248                OTG_FS_IRQHandler
                0x08001248                SPI3_IRQHandler
                0x08001248                I2C1_ER_IRQHandler
                0x08001248                FMC_IRQHandler
                0x08001248                SWPMI1_IRQHandler
                0x08001248                LPTIM1_IRQHandler
                0x08001248                SAI1_IRQHandler
                0x08001248                DMA2_Channel3_IRQHandler
                0x08001248                TIM1_BRK_TIM15_IRQHandler
 .text.HAL_Init
                0x0800124a       0x30 ./Drivers/STM32L4xx_HAL_Driver/Src/stm32l4xx_hal.o
                0x0800124a                HAL_Init
 *fill*         0x0800127a        0x2 
 .text.HAL_InitTick
                0x0800127c       0x78 ./Drivers/STM32L4xx_HAL_Driver/Src/stm32l4xx_hal.o
                0x0800127c                HAL_InitTick
 .text.HAL_IncTick
                0x080012f4       0x28 ./Drivers/STM32L4xx_HAL_Driver/Src/stm32l4xx_hal.o
                0x080012f4                HAL_IncTick
 .text.HAL_GetTick
                0x0800131c       0x18 ./Drivers/STM32L4xx_HAL_Driver/Src/stm32l4xx_hal.o
                0x0800131c                HAL_GetTick
 .text.HAL_Delay
                0x08001334       0x48 ./Drivers/STM32L4xx_HAL_Driver/Src/stm32l4xx_hal.o
                0x08001334                HAL_Delay
 .text.__NVIC_SetPriorityGrouping
                0x0800137c       0x48 ./Drivers/STM32L4xx_HAL_Driver/Src/stm32l4xx_hal_cortex.o
 .text.__NVIC_GetPriorityGrouping
                0x080013c4       0x1c ./Drivers/STM32L4xx_HAL_Driver/Src/stm32l4xx_hal_cortex.o
 .text.__NVIC_EnableIRQ
                0x080013e0       0x3c ./Drivers/STM32L4xx_HAL_Driver/Src/stm32l4xx_hal_cortex.o
 .text.__NVIC_SetPriority
                0x0800141c       0x54 ./Drivers/STM32L4xx_HAL_Driver/Src/stm32l4xx_hal_cortex.o
 .text.NVIC_EncodePriority
                0x08001470       0x66 ./Drivers/STM32L4xx_HAL_Driver/Src/stm32l4xx_hal_cortex.o
 *fill*         0x080014d6        0x2 
 .text.SysTick_Config
                0x080014d8       0x44 ./Drivers/STM32L4xx_HAL_Driver/Src/stm32l4xx_hal_cortex.o
 .text.HAL_NVIC_SetPriorityGrouping
                0x0800151c       0x16 ./Drivers/STM32L4xx_HAL_Driver/Src/stm32l4xx_hal_cortex.o
                0x0800151c                HAL_NVIC_SetPriorityGrouping
 .text.HAL_NVIC_SetPriority
                0x08001532       0x38 ./Drivers/STM32L4xx_HAL_Driver/Src/stm32l4xx_hal_cortex.o
                0x08001532                HAL_NVIC_SetPriority
 .text.HAL_NVIC_EnableIRQ
                0x0800156a       0x1c ./Drivers/STM32L4xx_HAL_Driver/Src/stm32l4xx_hal_cortex.o
                0x0800156a                HAL_NVIC_EnableIRQ
 .text.HAL_SYSTICK_Config
                0x08001586       0x18 ./Drivers/STM32L4xx_HAL_Driver/Src/stm32l4xx_hal_cortex.o
                0x08001586                HAL_SYSTICK_Config
 *fill*         0x0800159e        0x2 
 .text.HAL_DMA_Init
                0x080015a0      0x170 ./Drivers/STM32L4xx_HAL_Driver/Src/stm32l4xx_hal_dma.o
                0x080015a0                HAL_DMA_Init
 .text.HAL_DMA_Abort
                0x08001710       0x7c ./Drivers/STM32L4xx_HAL_Driver/Src/stm32l4xx_hal_dma.o
                0x08001710                HAL_DMA_Abort
 .text.HAL_DMA_Abort_IT
                0x0800178c       0x82 ./Drivers/STM32L4xx_HAL_Driver/Src/stm32l4xx_hal_dma.o
                0x0800178c                HAL_DMA_Abort_IT
 *fill*         0x0800180e        0x2 
 .text.HAL_GPIO_Init
                0x08001810      0x354 ./Drivers/STM32L4xx_HAL_Driver/Src/stm32l4xx_hal_gpio.o
                0x08001810                HAL_GPIO_Init
 .text.HAL_GPIO_WritePin
                0x08001b64       0x30 ./Drivers/STM32L4xx_HAL_Driver/Src/stm32l4xx_hal_gpio.o
                0x08001b64                HAL_GPIO_WritePin
 .text.HAL_I2C_Init
                0x08001b94      0x136 ./Drivers/STM32L4xx_HAL_Driver/Src/stm32l4xx_hal_i2c.o
                0x08001b94                HAL_I2C_Init
 .text.HAL_I2CEx_ConfigAnalogFilter
                0x08001cca       0x96 ./Drivers/STM32L4xx_HAL_Driver/Src/stm32l4xx_hal_i2c_ex.o
                0x08001cca                HAL_I2CEx_ConfigAnalogFilter
 .text.HAL_I2CEx_ConfigDigitalFilter
                0x08001d60       0x98 ./Drivers/STM32L4xx_HAL_Driver/Src/stm32l4xx_hal_i2c_ex.o
                0x08001d60                HAL_I2CEx_ConfigDigitalFilter
 .text.HAL_PWREx_GetVoltageRange
                0x08001df8       0x1c ./Drivers/STM32L4xx_HAL_Driver/Src/stm32l4xx_hal_pwr_ex.o
                0x08001df8                HAL_PWREx_GetVoltageRange
 .text.HAL_PWREx_ControlVoltageScaling
                0x08001e14       0xac ./Drivers/STM32L4xx_HAL_Driver/Src/stm32l4xx_hal_pwr_ex.o
                0x08001e14                HAL_PWREx_ControlVoltageScaling
 .text.HAL_RCC_OscConfig
                0x08001ec0      0x7b8 ./Drivers/STM32L4xx_HAL_Driver/Src/stm32l4xx_hal_rcc.o
                0x08001ec0                HAL_RCC_OscConfig
 .text.HAL_RCC_ClockConfig
                0x08002678      0x200 ./Drivers/STM32L4xx_HAL_Driver/Src/stm32l4xx_hal_rcc.o
                0x08002678                HAL_RCC_ClockConfig
 .text.HAL_RCC_GetSysClockFreq
                0x08002878      0x118 ./Drivers/STM32L4xx_HAL_Driver/Src/stm32l4xx_hal_rcc.o
                0x08002878                HAL_RCC_GetSysClockFreq
 .text.HAL_RCC_GetHCLKFreq
                0x08002990       0x18 ./Drivers/STM32L4xx_HAL_Driver/Src/stm32l4xx_hal_rcc.o
                0x08002990                HAL_RCC_GetHCLKFreq
 .text.HAL_RCC_GetPCLK1Freq
                0x080029a8       0x2c ./Drivers/STM32L4xx_HAL_Driver/Src/stm32l4xx_hal_rcc.o
                0x080029a8                HAL_RCC_GetPCLK1Freq
 .text.HAL_RCC_GetPCLK2Freq
                0x080029d4       0x2c ./Drivers/STM32L4xx_HAL_Driver/Src/stm32l4xx_hal_rcc.o
                0x080029d4                HAL_RCC_GetPCLK2Freq
 .text.RCC_SetFlashLatencyFromMSIRange
                0x08002a00       0xc0 ./Drivers/STM32L4xx_HAL_Driver/Src/stm32l4xx_hal_rcc.o
 .text.HAL_RCCEx_PeriphCLKConfig
                0x08002ac0      0x5d4 ./Drivers/STM32L4xx_HAL_Driver/Src/stm32l4xx_hal_rcc_ex.o
                0x08002ac0                HAL_RCCEx_PeriphCLKConfig
 .text.RCCEx_PLLSAI1_Config
                0x08003094      0x1e8 ./Drivers/STM32L4xx_HAL_Driver/Src/stm32l4xx_hal_rcc_ex.o
 .text.RCCEx_PLLSAI2_Config
                0x0800327c      0x1bc ./Drivers/STM32L4xx_HAL_Driver/Src/stm32l4xx_hal_rcc_ex.o
 .text.HAL_SPI_Init
                0x08003438      0x114 ./Drivers/STM32L4xx_HAL_Driver/Src/stm32l4xx_hal_spi.o
                0x08003438                HAL_SPI_Init
 .text.HAL_SPI_Transmit
                0x0800354c      0x2ac ./Drivers/STM32L4xx_HAL_Driver/Src/stm32l4xx_hal_spi.o
                0x0800354c                HAL_SPI_Transmit
 .text.HAL_SPI_TransmitReceive
                0x080037f8      0x400 ./Drivers/STM32L4xx_HAL_Driver/Src/stm32l4xx_hal_spi.o
                0x080037f8                HAL_SPI_TransmitReceive
 .text.SPI_WaitFlagStateUntilTimeout
                0x08003bf8       0xd0 ./Drivers/STM32L4xx_HAL_Driver/Src/stm32l4xx_hal_spi.o
 .text.SPI_WaitFifoStateUntilTimeout
                0x08003cc8       0xe0 ./Drivers/STM32L4xx_HAL_Driver/Src/stm32l4xx_hal_spi.o
 .text.SPI_EndRxTxTransaction
                0x08003da8       0x8c ./Drivers/STM32L4xx_HAL_Driver/Src/stm32l4xx_hal_spi.o
 .text.HAL_UART_Init
                0x08003e34       0x9c ./Drivers/STM32L4xx_HAL_Driver/Src/stm32l4xx_hal_uart.o
                0x08003e34                HAL_UART_Init
 .text.HAL_UART_IRQHandler
                0x08003ed0      0x60c ./Drivers/STM32L4xx_HAL_Driver/Src/stm32l4xx_hal_uart.o
                0x08003ed0                HAL_UART_IRQHandler
 .text.HAL_UART_TxCpltCallback
                0x080044dc       0x14 ./Drivers/STM32L4xx_HAL_Driver/Src/stm32l4xx_hal_uart.o
                0x080044dc                HAL_UART_TxCpltCallback
 .text.HAL_UART_ErrorCallback
                0x080044f0       0x14 ./Drivers/STM32L4xx_HAL_Driver/Src/stm32l4xx_hal_uart.o
                0x080044f0                HAL_UART_ErrorCallback
 .text.HAL_UARTEx_RxEventCallback
                0x08004504       0x18 ./Drivers/STM32L4xx_HAL_Driver/Src/stm32l4xx_hal_uart.o
                0x08004504                HAL_UARTEx_RxEventCallback
 .text.UART_SetConfig
                0x0800451c      0x570 ./Drivers/STM32L4xx_HAL_Driver/Src/stm32l4xx_hal_uart.o
                0x0800451c                UART_SetConfig
 .text.UART_AdvFeatureConfig
                0x08004a8c      0x144 ./Drivers/STM32L4xx_HAL_Driver/Src/stm32l4xx_hal_uart.o
                0x08004a8c                UART_AdvFeatureConfig
 .text.UART_CheckIdleState
                0x08004bd0      0x150 ./Drivers/STM32L4xx_HAL_Driver/Src/stm32l4xx_hal_uart.o
                0x08004bd0                UART_CheckIdleState
 .text.UART_WaitOnFlagUntilTimeout
                0x08004d20       0xda ./Drivers/STM32L4xx_HAL_Driver/Src/stm32l4xx_hal_uart.o
                0x08004d20                UART_WaitOnFlagUntilTimeout
 .text.UART_EndRxTransfer
                0x08004dfa       0xc8 ./Drivers/STM32L4xx_HAL_Driver/Src/stm32l4xx_hal_uart.o
 .text.UART_DMAAbortOnError
                0x08004ec2       0x2c ./Drivers/STM32L4xx_HAL_Driver/Src/stm32l4xx_hal_uart.o
 .text.UART_EndTransmit_IT
                0x08004eee       0x54 ./Drivers/STM32L4xx_HAL_Driver/Src/stm32l4xx_hal_uart.o
 .text.HAL_UARTEx_WakeupCallback
                0x08004f42       0x14 ./Drivers/STM32L4xx_HAL_Driver/Src/stm32l4xx_hal_uart_ex.o
                0x08004f42                HAL_UARTEx_WakeupCallback
 .text.get_fattime
                0x08004f56       0x10 ./FATFS/App/fatfs.o
                0x08004f56                get_fattime
 .text.disk_status
                0x08004f66       0x2c ./Middlewares/Third_Party/FatFs/src/diskio.o
                0x08004f66                disk_status
 .text.disk_initialize
                0x08004f92       0x34 ./Middlewares/Third_Party/FatFs/src/diskio.o
                0x08004f92                disk_initialize
 .text.disk_read
                0x08004fc6       0x70 ./Middlewares/Third_Party/FatFs/src/diskio.o
                0x08004fc6                disk_read
 .text.disk_write
                0x08005036       0x70 ./Middlewares/Third_Party/FatFs/src/diskio.o
                0x08005036                disk_write
 *fill*         0x080050a6        0x2 
 .text.disk_ioctl
                0x080050a8       0x7c ./Middlewares/Third_Party/FatFs/src/diskio.o
                0x080050a8                disk_ioctl
 .text.ld_word  0x08005124       0x30 ./Middlewares/Third_Party/FatFs/src/ff.o
 .text.ld_dword
                0x08005154       0x46 ./Middlewares/Third_Party/FatFs/src/ff.o
 .text.st_word  0x0800519a       0x36 ./Middlewares/Third_Party/FatFs/src/ff.o
 .text.st_dword
                0x080051d0       0x58 ./Middlewares/Third_Party/FatFs/src/ff.o
 .text.mem_cpy  0x08005228       0x42 ./Middlewares/Third_Party/FatFs/src/ff.o
 .text.mem_set  0x0800526a       0x36 ./Middlewares/Third_Party/FatFs/src/ff.o
 .text.mem_cmp  0x080052a0       0x4e ./Middlewares/Third_Party/FatFs/src/ff.o
 .text.chk_chr  0x080052ee       0x36 ./Middlewares/Third_Party/FatFs/src/ff.o
 .text.chk_lock
                0x08005324       0xb8 ./Middlewares/Third_Party/FatFs/src/ff.o
 .text.enq_lock
                0x080053dc       0x44 ./Middlewares/Third_Party/FatFs/src/ff.o
 .text.inc_lock
                0x08005420      0x11c ./Middlewares/Third_Party/FatFs/src/ff.o
 .text.dec_lock
                0x0800553c       0x78 ./Middlewares/Third_Party/FatFs/src/ff.o
 .text.clear_lock
                0x080055b4       0x48 ./Middlewares/Third_Party/FatFs/src/ff.o
 .text.sync_window
                0x080055fc       0x88 ./Middlewares/Third_Party/FatFs/src/ff.o
 .text.move_window
                0x08005684       0x5a ./Middlewares/Third_Party/FatFs/src/ff.o
 *fill*         0x080056de        0x2 
 .text.sync_fs  0x080056e0       0xdc ./Middlewares/Third_Party/FatFs/src/ff.o
 .text.clust2sect
                0x080057bc       0x3e ./Middlewares/Third_Party/FatFs/src/ff.o
 .text.get_fat  0x080057fa      0x14e ./Middlewares/Third_Party/FatFs/src/ff.o
 .text.put_fat  0x08005948      0x1d4 ./Middlewares/Third_Party/FatFs/src/ff.o
 .text.remove_chain
                0x08005b1c       0xca ./Middlewares/Third_Party/FatFs/src/ff.o
 .text.create_chain
                0x08005be6      0x130 ./Middlewares/Third_Party/FatFs/src/ff.o
 .text.clmt_clust
                0x08005d16       0x68 ./Middlewares/Third_Party/FatFs/src/ff.o
 .text.dir_sdi  0x08005d7e       0xf6 ./Middlewares/Third_Party/FatFs/src/ff.o
 .text.dir_next
                0x08005e74      0x18a ./Middlewares/Third_Party/FatFs/src/ff.o
 .text.dir_alloc
                0x08005ffe       0x8e ./Middlewares/Third_Party/FatFs/src/ff.o
 .text.ld_clust
                0x0800608c       0x3e ./Middlewares/Third_Party/FatFs/src/ff.o
 .text.st_clust
                0x080060ca       0x40 ./Middlewares/Third_Party/FatFs/src/ff.o
 .text.dir_find
                0x0800610a       0xaa ./Middlewares/Third_Party/FatFs/src/ff.o
 .text.dir_register
                0x080061b4       0x64 ./Middlewares/Third_Party/FatFs/src/ff.o
 .text.create_name
                0x08006218      0x128 ./Middlewares/Third_Party/FatFs/src/ff.o
 .text.follow_path
                0x08006340       0xe2 ./Middlewares/Third_Party/FatFs/src/ff.o
 .text.get_ldnumber
                0x08006422       0x88 ./Middlewares/Third_Party/FatFs/src/ff.o
 *fill*         0x080064aa        0x2 
 .text.check_fs
                0x080064ac       0xac ./Middlewares/Third_Party/FatFs/src/ff.o
 .text.find_volume
                0x08006558      0x498 ./Middlewares/Third_Party/FatFs/src/ff.o
 .text.validate
                0x080069f0       0x6a ./Middlewares/Third_Party/FatFs/src/ff.o
 *fill*         0x08006a5a        0x2 
 .text.f_mount  0x08006a5c       0x8c ./Middlewares/Third_Party/FatFs/src/ff.o
                0x08006a5c                f_mount
 .text.f_open   0x08006ae8      0x374 ./Middlewares/Third_Party/FatFs/src/ff.o
                0x08006ae8                f_open
 .text.f_read   0x08006e5c      0x27e ./Middlewares/Third_Party/FatFs/src/ff.o
                0x08006e5c                f_read
 .text.f_write  0x080070da      0x2ea ./Middlewares/Third_Party/FatFs/src/ff.o
                0x080070da                f_write
 .text.f_sync   0x080073c4       0xfc ./Middlewares/Third_Party/FatFs/src/ff.o
                0x080073c4                f_sync
 .text.f_close  0x080074c0       0x54 ./Middlewares/Third_Party/FatFs/src/ff.o
                0x080074c0                f_close
 .text.memset   0x08007514       0x10 C:/ST/STM32CubeIDE_1.17.0/STM32CubeIDE/plugins/com.st.stm32cube.ide.mcu.externaltools.gnu-tools-for-stm32.12.3.rel1.win32_1.1.0.202410251130/tools/bin/../lib/gcc/arm-none-eabi/12.3.1/../../../../arm-none-eabi/lib/thumb/v7e-m+fp/hard\libc_nano.a(libc_a-memset.o)
                0x08007514                memset
 .text.__libc_init_array
                0x08007524       0x48 C:/ST/STM32CubeIDE_1.17.0/STM32CubeIDE/plugins/com.st.stm32cube.ide.mcu.externaltools.gnu-tools-for-stm32.12.3.rel1.win32_1.1.0.202410251130/tools/bin/../lib/gcc/arm-none-eabi/12.3.1/../../../../arm-none-eabi/lib/thumb/v7e-m+fp/hard\libc_nano.a(libc_a-init.o)
                0x08007524                __libc_init_array
 *(.glue_7)
 .glue_7        0x0800756c        0x0 linker stubs
 *(.glue_7t)
 .glue_7t       0x0800756c        0x0 linker stubs
 *(.eh_frame)
 .eh_frame      0x0800756c        0x0 C:/ST/STM32CubeIDE_1.17.0/STM32CubeIDE/plugins/com.st.stm32cube.ide.mcu.externaltools.gnu-tools-for-stm32.12.3.rel1.win32_1.1.0.202410251130/tools/bin/../lib/gcc/arm-none-eabi/12.3.1/thumb/v7e-m+fp/hard/crtbegin.o
 *(.init)
 .init          0x0800756c        0x4 C:/ST/STM32CubeIDE_1.17.0/STM32CubeIDE/plugins/com.st.stm32cube.ide.mcu.externaltools.gnu-tools-for-stm32.12.3.rel1.win32_1.1.0.202410251130/tools/bin/../lib/gcc/arm-none-eabi/12.3.1/thumb/v7e-m+fp/hard/crti.o
                0x0800756c                _init
 .init          0x08007570        0x8 C:/ST/STM32CubeIDE_1.17.0/STM32CubeIDE/plugins/com.st.stm32cube.ide.mcu.externaltools.gnu-tools-for-stm32.12.3.rel1.win32_1.1.0.202410251130/tools/bin/../lib/gcc/arm-none-eabi/12.3.1/thumb/v7e-m+fp/hard/crtn.o
 *(.fini)
 .fini          0x08007578        0x4 C:/ST/STM32CubeIDE_1.17.0/STM32CubeIDE/plugins/com.st.stm32cube.ide.mcu.externaltools.gnu-tools-for-stm32.12.3.rel1.win32_1.1.0.202410251130/tools/bin/../lib/gcc/arm-none-eabi/12.3.1/thumb/v7e-m+fp/hard/crti.o
                0x08007578                _fini
 .fini          0x0800757c        0x8 C:/ST/STM32CubeIDE_1.17.0/STM32CubeIDE/plugins/com.st.stm32cube.ide.mcu.externaltools.gnu-tools-for-stm32.12.3.rel1.win32_1.1.0.202410251130/tools/bin/../lib/gcc/arm-none-eabi/12.3.1/thumb/v7e-m+fp/hard/crtn.o
                0x08007584                        . = ALIGN (0x4)
                0x08007584                        _etext = .

.vfp11_veneer   0x08007584        0x0
 .vfp11_veneer  0x08007584        0x0 linker stubs

.v4_bx          0x08007584        0x0
 .v4_bx         0x08007584        0x0 linker stubs

.iplt           0x08007584        0x0
 .iplt          0x08007584        0x0 C:/ST/STM32CubeIDE_1.17.0/STM32CubeIDE/plugins/com.st.stm32cube.ide.mcu.externaltools.gnu-tools-for-stm32.12.3.rel1.win32_1.1.0.202410251130/tools/bin/../lib/gcc/arm-none-eabi/12.3.1/thumb/v7e-m+fp/hard/crtbegin.o

.rodata         0x08007584      0x178
                0x08007584                        . = ALIGN (0x4)
 *(.rodata)
 .rodata        0x08007584       0x21 ./Core/Src/main.o
 *fill*         0x080075a5        0x3 
 .rodata        0x080075a8       0x45 ./Core/Src/sd.o
 *fill*         0x080075ed        0x3 
 .rodata        0x080075f0       0x44 ./Middlewares/Third_Party/FatFs/src/ff.o
 *(.rodata*)
 .rodata.AHBPrescTable
                0x08007634       0x10 ./Core/Src/system_stm32l4xx.o
                0x08007634                AHBPrescTable
 .rodata.APBPrescTable
                0x08007644        0x8 ./Core/Src/system_stm32l4xx.o
                0x08007644                APBPrescTable
 .rodata.MSIRangeTable
                0x0800764c       0x30 ./Core/Src/system_stm32l4xx.o
                0x0800764c                MSIRangeTable
 .rodata.ExCvt  0x0800767c       0x80 ./Middlewares/Third_Party/FatFs/src/ff.o
                0x080076fc                        . = ALIGN (0x4)

.ARM.extab      0x080076fc        0x0
                0x080076fc                        . = ALIGN (0x4)
 *(.ARM.extab* .gnu.linkonce.armextab.*)
                0x080076fc                        . = ALIGN (0x4)

.ARM            0x080076fc        0x8
                0x080076fc                        . = ALIGN (0x4)
                0x080076fc                        __exidx_start = .
 *(.ARM.exidx*)
 .ARM.exidx     0x080076fc        0x8 C:/ST/STM32CubeIDE_1.17.0/STM32CubeIDE/plugins/com.st.stm32cube.ide.mcu.externaltools.gnu-tools-for-stm32.12.3.rel1.win32_1.1.0.202410251130/tools/bin/../lib/gcc/arm-none-eabi/12.3.1/../../../../arm-none-eabi/lib/thumb/v7e-m+fp/hard\libc_nano.a(libc_a-strlen.o)
 .ARM.exidx     0x08007704        0x0 C:/ST/STM32CubeIDE_1.17.0/STM32CubeIDE/plugins/com.st.stm32cube.ide.mcu.externaltools.gnu-tools-for-stm32.12.3.rel1.win32_1.1.0.202410251130/tools/bin/../lib/gcc/arm-none-eabi/12.3.1/thumb/v7e-m+fp/hard\libgcc.a(_udivmoddi4.o)
                                  0x8 (size before relaxing)
                0x08007704                        __exidx_end = .
                0x08007704                        . = ALIGN (0x4)

.preinit_array  0x08007704        0x0
                0x08007704                        . = ALIGN (0x4)
                0x08007704                        PROVIDE (__preinit_array_start = .)
 *(.preinit_array*)
                0x08007704                        PROVIDE (__preinit_array_end = .)
                0x08007704                        . = ALIGN (0x4)

.init_array     0x08007704        0x4
                0x08007704                        . = ALIGN (0x4)
                0x08007704                        PROVIDE (__init_array_start = .)
 *(SORT_BY_NAME(.init_array.*))
 *(.init_array*)
 .init_array    0x08007704        0x4 C:/ST/STM32CubeIDE_1.17.0/STM32CubeIDE/plugins/com.st.stm32cube.ide.mcu.externaltools.gnu-tools-for-stm32.12.3.rel1.win32_1.1.0.202410251130/tools/bin/../lib/gcc/arm-none-eabi/12.3.1/thumb/v7e-m+fp/hard/crtbegin.o
                0x08007708                        PROVIDE (__init_array_end = .)
                0x08007708                        . = ALIGN (0x4)

.fini_array     0x08007708        0x4
                0x08007708                        . = ALIGN (0x4)
                [!provide]                        PROVIDE (__fini_array_start = .)
 *(SORT_BY_NAME(.fini_array.*))
 *(.fini_array*)
 .fini_array    0x08007708        0x4 C:/ST/STM32CubeIDE_1.17.0/STM32CubeIDE/plugins/com.st.stm32cube.ide.mcu.externaltools.gnu-tools-for-stm32.12.3.rel1.win32_1.1.0.202410251130/tools/bin/../lib/gcc/arm-none-eabi/12.3.1/thumb/v7e-m+fp/hard/crtbegin.o
                [!provide]                        PROVIDE (__fini_array_end = .)
                0x0800770c                        . = ALIGN (0x4)
                0x0800770c                        _sidata = LOADADDR (.data)

.rel.dyn        0x0800770c        0x0
 .rel.iplt      0x0800770c        0x0 C:/ST/STM32CubeIDE_1.17.0/STM32CubeIDE/plugins/com.st.stm32cube.ide.mcu.externaltools.gnu-tools-for-stm32.12.3.rel1.win32_1.1.0.202410251130/tools/bin/../lib/gcc/arm-none-eabi/12.3.1/thumb/v7e-m+fp/hard/crtbegin.o

.data           0x20000000        0xc load address 0x0800770c
                0x20000000                        . = ALIGN (0x4)
                0x20000000                        _sdata = .
 *(.data)
 *(.data*)
 .data.SystemCoreClock
                0x20000000        0x4 ./Core/Src/system_stm32l4xx.o
                0x20000000                SystemCoreClock
 .data.uwTickPrio
                0x20000004        0x4 ./Drivers/STM32L4xx_HAL_Driver/Src/stm32l4xx_hal.o
                0x20000004                uwTickPrio
 .data.uwTickFreq
                0x20000008        0x1 ./Drivers/STM32L4xx_HAL_Driver/Src/stm32l4xx_hal.o
                0x20000008                uwTickFreq
 *(.RamFunc)
 *(.RamFunc*)
                0x2000000c                        . = ALIGN (0x4)
 *fill*         0x20000009        0x3 
                0x2000000c                        _edata = .

.igot.plt       0x2000000c        0x0 load address 0x08007718
 .igot.plt      0x2000000c        0x0 C:/ST/STM32CubeIDE_1.17.0/STM32CubeIDE/plugins/com.st.stm32cube.ide.mcu.externaltools.gnu-tools-for-stm32.12.3.rel1.win32_1.1.0.202410251130/tools/bin/../lib/gcc/arm-none-eabi/12.3.1/thumb/v7e-m+fp/hard/crtbegin.o
                0x2000000c                        . = ALIGN (0x4)

.bss            0x2000000c      0x680 load address 0x08007718
                0x2000000c                        _sbss = .
                0x2000000c                        __bss_start__ = _sbss
 *(.bss)
 .bss           0x2000000c       0x1c C:/ST/STM32CubeIDE_1.17.0/STM32CubeIDE/plugins/com.st.stm32cube.ide.mcu.externaltools.gnu-tools-for-stm32.12.3.rel1.win32_1.1.0.202410251130/tools/bin/../lib/gcc/arm-none-eabi/12.3.1/thumb/v7e-m+fp/hard/crtbegin.o
 *(.bss*)
 .bss.hI2C      0x20000028       0x54 ./Core/Src/i2c.o
                0x20000028                hI2C
 .bss.hdma_i2c1_tx
                0x2000007c       0x48 ./Core/Src/main.o
                0x2000007c                hdma_i2c1_tx
 .bss.hdma_i2c1_rx
                0x200000c4       0x48 ./Core/Src/main.o
                0x200000c4                hdma_i2c1_rx
 .bss.fs        0x2000010c      0x230 ./Core/Src/main.o
                0x2000010c                fs
 .bss.file      0x2000033c      0x230 ./Core/Src/main.o
                0x2000033c                file
 .bss.res       0x2000056c        0x1 ./Core/Src/main.o
                0x2000056c                res
 *fill*         0x2000056d        0x3 
 .bss.huart3    0x20000570       0x88 ./Core/Src/neom9n.o
                0x20000570                huart3
 .bss.is_initialized
                0x200005f8        0x1 ./Core/Src/sd.o
 *fill*         0x200005f9        0x3 
 .bss.hspi1     0x200005fc       0x64 ./Core/Src/spi.o
                0x200005fc                hspi1
 .bss.uwTick    0x20000660        0x4 ./Drivers/STM32L4xx_HAL_Driver/Src/stm32l4xx_hal.o
                0x20000660                uwTick
 .bss.FatFs     0x20000664        0x4 ./Middlewares/Third_Party/FatFs/src/ff.o
 .bss.Fsid      0x20000668        0x2 ./Middlewares/Third_Party/FatFs/src/ff.o
 *fill*         0x2000066a        0x2 
 .bss.Files     0x2000066c       0x20 ./Middlewares/Third_Party/FatFs/src/ff.o
 *(COMMON)
                0x2000068c                        . = ALIGN (0x4)
                0x2000068c                        _ebss = .
                0x2000068c                        __bss_end__ = _ebss

._user_heap_stack
                0x2000068c      0x604 load address 0x08007718
                0x20000690                        . = ALIGN (0x8)
 *fill*         0x2000068c        0x4 
                [!provide]                        PROVIDE (end = .)
                0x20000690                        PROVIDE (_end = .)
                0x20000890                        . = (. + _Min_Heap_Size)
 *fill*         0x20000690      0x200 
                0x20000c90                        . = (. + _Min_Stack_Size)
 *fill*         0x20000890      0x400 
                0x20000c90                        . = ALIGN (0x8)

/DISCARD/
 libc.a(*)
 libm.a(*)
 libgcc.a(*)

.ARM.attributes
                0x00000000       0x30
 *(.ARM.attributes)
 .ARM.attributes
                0x00000000       0x22 C:/ST/STM32CubeIDE_1.17.0/STM32CubeIDE/plugins/com.st.stm32cube.ide.mcu.externaltools.gnu-tools-for-stm32.12.3.rel1.win32_1.1.0.202410251130/tools/bin/../lib/gcc/arm-none-eabi/12.3.1/thumb/v7e-m+fp/hard/crti.o
 .ARM.attributes
                0x00000022       0x34 C:/ST/STM32CubeIDE_1.17.0/STM32CubeIDE/plugins/com.st.stm32cube.ide.mcu.externaltools.gnu-tools-for-stm32.12.3.rel1.win32_1.1.0.202410251130/tools/bin/../lib/gcc/arm-none-eabi/12.3.1/thumb/v7e-m+fp/hard/crtbegin.o
 .ARM.attributes
                0x00000056       0x34 ./Core/Src/i2c.o
 .ARM.attributes
                0x0000008a       0x34 ./Core/Src/main.o
 .ARM.attributes
                0x000000be       0x34 ./Core/Src/neom9n.o
 .ARM.attributes
                0x000000f2       0x34 ./Core/Src/sd.o
 .ARM.attributes
                0x00000126       0x34 ./Core/Src/spi.o
 .ARM.attributes
                0x0000015a       0x34 ./Core/Src/stm32l4xx_hal_msp.o
 .ARM.attributes
                0x0000018e       0x34 ./Core/Src/stm32l4xx_it.o
 .ARM.attributes
                0x000001c2       0x34 ./Core/Src/system_stm32l4xx.o
 .ARM.attributes
                0x000001f6       0x21 ./Core/Startup/startup_stm32l476rgtx.o
 .ARM.attributes
                0x00000217       0x34 ./Drivers/STM32L4xx_HAL_Driver/Src/stm32l4xx_hal.o
 .ARM.attributes
                0x0000024b       0x34 ./Drivers/STM32L4xx_HAL_Driver/Src/stm32l4xx_hal_cortex.o
 .ARM.attributes
                0x0000027f       0x34 ./Drivers/STM32L4xx_HAL_Driver/Src/stm32l4xx_hal_dma.o
 .ARM.attributes
                0x000002b3       0x34 ./Drivers/STM32L4xx_HAL_Driver/Src/stm32l4xx_hal_gpio.o
 .ARM.attributes
                0x000002e7       0x34 ./Drivers/STM32L4xx_HAL_Driver/Src/stm32l4xx_hal_i2c.o
 .ARM.attributes
                0x0000031b       0x34 ./Drivers/STM32L4xx_HAL_Driver/Src/stm32l4xx_hal_i2c_ex.o
 .ARM.attributes
                0x0000034f       0x34 ./Drivers/STM32L4xx_HAL_Driver/Src/stm32l4xx_hal_pwr_ex.o
 .ARM.attributes
                0x00000383       0x34 ./Drivers/STM32L4xx_HAL_Driver/Src/stm32l4xx_hal_rcc.o
 .ARM.attributes
                0x000003b7       0x34 ./Drivers/STM32L4xx_HAL_Driver/Src/stm32l4xx_hal_rcc_ex.o
 .ARM.attributes
                0x000003eb       0x34 ./Drivers/STM32L4xx_HAL_Driver/Src/stm32l4xx_hal_spi.o
 .ARM.attributes
                0x0000041f       0x34 ./Drivers/STM32L4xx_HAL_Driver/Src/stm32l4xx_hal_uart.o
 .ARM.attributes
                0x00000453       0x34 ./Drivers/STM32L4xx_HAL_Driver/Src/stm32l4xx_hal_uart_ex.o
 .ARM.attributes
                0x00000487       0x34 ./FATFS/App/fatfs.o
 .ARM.attributes
                0x000004bb       0x34 ./Middlewares/Third_Party/FatFs/src/diskio.o
 .ARM.attributes
                0x000004ef       0x34 ./Middlewares/Third_Party/FatFs/src/ff.o
 .ARM.attributes
                0x00000523       0x34 C:/ST/STM32CubeIDE_1.17.0/STM32CubeIDE/plugins/com.st.stm32cube.ide.mcu.externaltools.gnu-tools-for-stm32.12.3.rel1.win32_1.1.0.202410251130/tools/bin/../lib/gcc/arm-none-eabi/12.3.1/../../../../arm-none-eabi/lib/thumb/v7e-m+fp/hard\libc_nano.a(libc_a-memset.o)
 .ARM.attributes
                0x00000557       0x34 C:/ST/STM32CubeIDE_1.17.0/STM32CubeIDE/plugins/com.st.stm32cube.ide.mcu.externaltools.gnu-tools-for-stm32.12.3.rel1.win32_1.1.0.202410251130/tools/bin/../lib/gcc/arm-none-eabi/12.3.1/../../../../arm-none-eabi/lib/thumb/v7e-m+fp/hard\libc_nano.a(libc_a-init.o)
 .ARM.attributes
                0x0000058b       0x17 C:/ST/STM32CubeIDE_1.17.0/STM32CubeIDE/plugins/com.st.stm32cube.ide.mcu.externaltools.gnu-tools-for-stm32.12.3.rel1.win32_1.1.0.202410251130/tools/bin/../lib/gcc/arm-none-eabi/12.3.1/../../../../arm-none-eabi/lib/thumb/v7e-m+fp/hard\libc_nano.a(libc_a-strlen.o)
 .ARM.attributes
                0x000005a2       0x22 C:/ST/STM32CubeIDE_1.17.0/STM32CubeIDE/plugins/com.st.stm32cube.ide.mcu.externaltools.gnu-tools-for-stm32.12.3.rel1.win32_1.1.0.202410251130/tools/bin/../lib/gcc/arm-none-eabi/12.3.1/thumb/v7e-m+fp/hard\libgcc.a(_aeabi_uldivmod.o)
 .ARM.attributes
                0x000005c4       0x34 C:/ST/STM32CubeIDE_1.17.0/STM32CubeIDE/plugins/com.st.stm32cube.ide.mcu.externaltools.gnu-tools-for-stm32.12.3.rel1.win32_1.1.0.202410251130/tools/bin/../lib/gcc/arm-none-eabi/12.3.1/thumb/v7e-m+fp/hard\libgcc.a(_udivmoddi4.o)
 .ARM.attributes
                0x000005f8       0x22 C:/ST/STM32CubeIDE_1.17.0/STM32CubeIDE/plugins/com.st.stm32cube.ide.mcu.externaltools.gnu-tools-for-stm32.12.3.rel1.win32_1.1.0.202410251130/tools/bin/../lib/gcc/arm-none-eabi/12.3.1/thumb/v7e-m+fp/hard\libgcc.a(_dvmd_tls.o)
 .ARM.attributes
                0x0000061a       0x22 C:/ST/STM32CubeIDE_1.17.0/STM32CubeIDE/plugins/com.st.stm32cube.ide.mcu.externaltools.gnu-tools-for-stm32.12.3.rel1.win32_1.1.0.202410251130/tools/bin/../lib/gcc/arm-none-eabi/12.3.1/thumb/v7e-m+fp/hard/crtn.o
OUTPUT(firmware.elf elf32-littlearm)
LOAD linker stubs
LOAD C:/ST/STM32CubeIDE_1.17.0/STM32CubeIDE/plugins/com.st.stm32cube.ide.mcu.externaltools.gnu-tools-for-stm32.12.3.rel1.win32_1.1.0.202410251130/tools/bin/../lib/gcc/arm-none-eabi/12.3.1/../../../../arm-none-eabi/lib/thumb/v7e-m+fp/hard\libc.a
LOAD C:/ST/STM32CubeIDE_1.17.0/STM32CubeIDE/plugins/com.st.stm32cube.ide.mcu.externaltools.gnu-tools-for-stm32.12.3.rel1.win32_1.1.0.202410251130/tools/bin/../lib/gcc/arm-none-eabi/12.3.1/../../../../arm-none-eabi/lib/thumb/v7e-m+fp/hard\libm.a
LOAD C:/ST/STM32CubeIDE_1.17.0/STM32CubeIDE/plugins/com.st.stm32cube.ide.mcu.externaltools.gnu-tools-for-stm32.12.3.rel1.win32_1.1.0.202410251130/tools/bin/../lib/gcc/arm-none-eabi/12.3.1/thumb/v7e-m+fp/hard\libgcc.a

.debug_info     0x00000000    0x1665e
 .debug_info    0x00000000      0x87e ./Core/Src/i2c.o
 .debug_info    0x0000087e     0x1868 ./Core/Src/main.o
 .debug_info    0x000020e6      0xa5e ./Core/Src/neom9n.o
 .debug_info    0x00002b44     0x10bc ./Core/Src/sd.o
 .debug_info    0x00003c00      0x7b5 ./Core/Src/spi.o
 .debug_info    0x000043b5     0x16d4 ./Core/Src/stm32l4xx_hal_msp.o
 .debug_info    0x00005a89      0x782 ./Core/Src/stm32l4xx_it.o
 .debug_info    0x0000620b      0x5b1 ./Core/Src/system_stm32l4xx.o
 .debug_info    0x000067bc       0x30 ./Core/Startup/startup_stm32l476rgtx.o
 .debug_info    0x000067ec      0xaeb ./Drivers/STM32L4xx_HAL_Driver/Src/stm32l4xx_hal.o
 .debug_info    0x000072d7      0xd81 ./Drivers/STM32L4xx_HAL_Driver/Src/stm32l4xx_hal_cortex.o
 .debug_info    0x00008058      0x6f4 ./Drivers/STM32L4xx_HAL_Driver/Src/stm32l4xx_hal_dma.o
 .debug_info    0x0000874c      0x757 ./Drivers/STM32L4xx_HAL_Driver/Src/stm32l4xx_hal_gpio.o
 .debug_info    0x00008ea3     0x20d2 ./Drivers/STM32L4xx_HAL_Driver/Src/stm32l4xx_hal_i2c.o
 .debug_info    0x0000af75      0x975 ./Drivers/STM32L4xx_HAL_Driver/Src/stm32l4xx_hal_i2c_ex.o
 .debug_info    0x0000b8ea      0x99e ./Drivers/STM32L4xx_HAL_Driver/Src/stm32l4xx_hal_pwr_ex.o
 .debug_info    0x0000c288      0xc14 ./Drivers/STM32L4xx_HAL_Driver/Src/stm32l4xx_hal_rcc.o
 .debug_info    0x0000ce9c      0xe11 ./Drivers/STM32L4xx_HAL_Driver/Src/stm32l4xx_hal_rcc_ex.o
 .debug_info    0x0000dcad     0x1563 ./Drivers/STM32L4xx_HAL_Driver/Src/stm32l4xx_hal_spi.o
 .debug_info    0x0000f210     0x3b69 ./Drivers/STM32L4xx_HAL_Driver/Src/stm32l4xx_hal_uart.o
 .debug_info    0x00012d79      0xdff ./Drivers/STM32L4xx_HAL_Driver/Src/stm32l4xx_hal_uart_ex.o
 .debug_info    0x00013b78      0x52c ./FATFS/App/fatfs.o
 .debug_info    0x000140a4      0x372 ./Middlewares/Third_Party/FatFs/src/diskio.o
 .debug_info    0x00014416     0x2248 ./Middlewares/Third_Party/FatFs/src/ff.o

.debug_abbrev   0x00000000     0x3359
 .debug_abbrev  0x00000000      0x20f ./Core/Src/i2c.o
 .debug_abbrev  0x0000020f      0x303 ./Core/Src/main.o
 .debug_abbrev  0x00000512      0x224 ./Core/Src/neom9n.o
 .debug_abbrev  0x00000736      0x330 ./Core/Src/sd.o
 .debug_abbrev  0x00000a66      0x200 ./Core/Src/spi.o
 .debug_abbrev  0x00000c66      0x1f9 ./Core/Src/stm32l4xx_hal_msp.o
 .debug_abbrev  0x00000e5f      0x195 ./Core/Src/stm32l4xx_it.o
 .debug_abbrev  0x00000ff4      0x11a ./Core/Src/system_stm32l4xx.o
 .debug_abbrev  0x0000110e       0x24 ./Core/Startup/startup_stm32l476rgtx.o
 .debug_abbrev  0x00001132      0x242 ./Drivers/STM32L4xx_HAL_Driver/Src/stm32l4xx_hal.o
 .debug_abbrev  0x00001374      0x31c ./Drivers/STM32L4xx_HAL_Driver/Src/stm32l4xx_hal_cortex.o
 .debug_abbrev  0x00001690      0x1e4 ./Drivers/STM32L4xx_HAL_Driver/Src/stm32l4xx_hal_dma.o
 .debug_abbrev  0x00001874      0x1cb ./Drivers/STM32L4xx_HAL_Driver/Src/stm32l4xx_hal_gpio.o
 .debug_abbrev  0x00001a3f      0x261 ./Drivers/STM32L4xx_HAL_Driver/Src/stm32l4xx_hal_i2c.o
 .debug_abbrev  0x00001ca0      0x1c3 ./Drivers/STM32L4xx_HAL_Driver/Src/stm32l4xx_hal_i2c_ex.o
 .debug_abbrev  0x00001e63      0x1f9 ./Drivers/STM32L4xx_HAL_Driver/Src/stm32l4xx_hal_pwr_ex.o
 .debug_abbrev  0x0000205c      0x2cb ./Drivers/STM32L4xx_HAL_Driver/Src/stm32l4xx_hal_rcc.o
 .debug_abbrev  0x00002327      0x2a6 ./Drivers/STM32L4xx_HAL_Driver/Src/stm32l4xx_hal_rcc_ex.o
 .debug_abbrev  0x000025cd      0x27c ./Drivers/STM32L4xx_HAL_Driver/Src/stm32l4xx_hal_spi.o
 .debug_abbrev  0x00002849      0x2d0 ./Drivers/STM32L4xx_HAL_Driver/Src/stm32l4xx_hal_uart.o
 .debug_abbrev  0x00002b19      0x2be ./Drivers/STM32L4xx_HAL_Driver/Src/stm32l4xx_hal_uart_ex.o
 .debug_abbrev  0x00002dd7      0x171 ./FATFS/App/fatfs.o
 .debug_abbrev  0x00002f48      0x17e ./Middlewares/Third_Party/FatFs/src/diskio.o
 .debug_abbrev  0x000030c6      0x293 ./Middlewares/Third_Party/FatFs/src/ff.o

.debug_aranges  0x00000000     0x1238
 .debug_aranges
                0x00000000       0x38 ./Core/Src/i2c.o
 .debug_aranges
                0x00000038       0x68 ./Core/Src/main.o
 .debug_aranges
                0x000000a0       0x38 ./Core/Src/neom9n.o
 .debug_aranges
                0x000000d8       0x68 ./Core/Src/sd.o
 .debug_aranges
                0x00000140       0x30 ./Core/Src/spi.o
 .debug_aranges
                0x00000170       0x50 ./Core/Src/stm32l4xx_hal_msp.o
 .debug_aranges
                0x000001c0       0x68 ./Core/Src/stm32l4xx_it.o
 .debug_aranges
                0x00000228       0x28 ./Core/Src/system_stm32l4xx.o
 .debug_aranges
                0x00000250       0x28 ./Core/Startup/startup_stm32l476rgtx.o
 .debug_aranges
                0x00000278      0x130 ./Drivers/STM32L4xx_HAL_Driver/Src/stm32l4xx_hal.o
 .debug_aranges
                0x000003a8      0x128 ./Drivers/STM32L4xx_HAL_Driver/Src/stm32l4xx_hal_cortex.o
 .debug_aranges
                0x000004d0       0x80 ./Drivers/STM32L4xx_HAL_Driver/Src/stm32l4xx_hal_dma.o
 .debug_aranges
                0x00000550       0x58 ./Drivers/STM32L4xx_HAL_Driver/Src/stm32l4xx_hal_gpio.o
 .debug_aranges
                0x000005a8      0x2a0 ./Drivers/STM32L4xx_HAL_Driver/Src/stm32l4xx_hal_i2c.o
 .debug_aranges
                0x00000848       0x48 ./Drivers/STM32L4xx_HAL_Driver/Src/stm32l4xx_hal_i2c_ex.o
 .debug_aranges
                0x00000890      0x160 ./Drivers/STM32L4xx_HAL_Driver/Src/stm32l4xx_hal_pwr_ex.o
 .debug_aranges
                0x000009f0       0x90 ./Drivers/STM32L4xx_HAL_Driver/Src/stm32l4xx_hal_rcc.o
 .debug_aranges
                0x00000a80       0xc0 ./Drivers/STM32L4xx_HAL_Driver/Src/stm32l4xx_hal_rcc_ex.o
 .debug_aranges
                0x00000b40      0x1d8 ./Drivers/STM32L4xx_HAL_Driver/Src/stm32l4xx_hal_spi.o
 .debug_aranges
                0x00000d18      0x228 ./Drivers/STM32L4xx_HAL_Driver/Src/stm32l4xx_hal_uart.o
 .debug_aranges
                0x00000f40       0x80 ./Drivers/STM32L4xx_HAL_Driver/Src/stm32l4xx_hal_uart_ex.o
 .debug_aranges
                0x00000fc0       0x28 ./FATFS/App/fatfs.o
 .debug_aranges
                0x00000fe8       0x48 ./Middlewares/Third_Party/FatFs/src/diskio.o
 .debug_aranges
                0x00001030      0x208 ./Middlewares/Third_Party/FatFs/src/ff.o

.debug_rnglists
                0x00000000      0xe22
 .debug_rnglists
                0x00000000       0x27 ./Core/Src/i2c.o
 .debug_rnglists
                0x00000027       0x4b ./Core/Src/main.o
 .debug_rnglists
                0x00000072       0x27 ./Core/Src/neom9n.o
 .debug_rnglists
                0x00000099       0x50 ./Core/Src/sd.o
 .debug_rnglists
                0x000000e9       0x1f ./Core/Src/spi.o
 .debug_rnglists
                0x00000108       0x3a ./Core/Src/stm32l4xx_hal_msp.o
 .debug_rnglists
                0x00000142       0x49 ./Core/Src/stm32l4xx_it.o
 .debug_rnglists
                0x0000018b       0x1a ./Core/Src/system_stm32l4xx.o
 .debug_rnglists
                0x000001a5       0x19 ./Core/Startup/startup_stm32l476rgtx.o
 .debug_rnglists
                0x000001be       0xdf ./Drivers/STM32L4xx_HAL_Driver/Src/stm32l4xx_hal.o
 .debug_rnglists
                0x0000029d       0xda ./Drivers/STM32L4xx_HAL_Driver/Src/stm32l4xx_hal_cortex.o
 .debug_rnglists
                0x00000377       0x64 ./Drivers/STM32L4xx_HAL_Driver/Src/stm32l4xx_hal_dma.o
 .debug_rnglists
                0x000003db       0x3f ./Drivers/STM32L4xx_HAL_Driver/Src/stm32l4xx_hal_gpio.o
 .debug_rnglists
                0x0000041a      0x228 ./Drivers/STM32L4xx_HAL_Driver/Src/stm32l4xx_hal_i2c.o
 .debug_rnglists
                0x00000642       0x35 ./Drivers/STM32L4xx_HAL_Driver/Src/stm32l4xx_hal_i2c_ex.o
 .debug_rnglists
                0x00000677      0x109 ./Drivers/STM32L4xx_HAL_Driver/Src/stm32l4xx_hal_pwr_ex.o
 .debug_rnglists
                0x00000780       0x6d ./Drivers/STM32L4xx_HAL_Driver/Src/stm32l4xx_hal_rcc.o
 .debug_rnglists
                0x000007ed       0x95 ./Drivers/STM32L4xx_HAL_Driver/Src/stm32l4xx_hal_rcc_ex.o
 .debug_rnglists
                0x00000882      0x179 ./Drivers/STM32L4xx_HAL_Driver/Src/stm32l4xx_hal_spi.o
 .debug_rnglists
                0x000009fb      0x1db ./Drivers/STM32L4xx_HAL_Driver/Src/stm32l4xx_hal_uart.o
 .debug_rnglists
                0x00000bd6       0x60 ./Drivers/STM32L4xx_HAL_Driver/Src/stm32l4xx_hal_uart_ex.o
 .debug_rnglists
                0x00000c36       0x19 ./FATFS/App/fatfs.o
 .debug_rnglists
                0x00000c4f       0x31 ./Middlewares/Third_Party/FatFs/src/diskio.o
 .debug_rnglists
                0x00000c80      0x1a2 ./Middlewares/Third_Party/FatFs/src/ff.o

.debug_macro    0x00000000     0x41aa
 .debug_macro   0x00000000      0x201 ./Core/Src/i2c.o
 .debug_macro   0x00000201      0x34b ./Core/Src/main.o
 .debug_macro   0x0000054c       0x58 ./Core/Src/main.o
 .debug_macro   0x000005a4       0xeb ./Core/Src/main.o
 .debug_macro   0x0000068f       0x16 ./Core/Src/main.o
 .debug_macro   0x000006a5       0x35 ./Core/Src/main.o
 .debug_macro   0x000006da       0x16 ./Core/Src/main.o
 .debug_macro   0x000006f0       0x29 ./Core/Src/main.o
 .debug_macro   0x00000719       0x12 ./Core/Src/main.o
 .debug_macro   0x0000072b       0xe2 ./Core/Src/main.o
 .debug_macro   0x0000080d       0x1c ./Core/Src/main.o
 .debug_macro   0x00000829      0x2a2 ./Core/Src/neom9n.o
 .debug_macro   0x00000acb      0x345 ./Core/Src/sd.o
 .debug_macro   0x00000e10       0xe5 ./Core/Src/sd.o
 .debug_macro   0x00000ef5      0x1f2 ./Core/Src/spi.o
 .debug_macro   0x000010e7      0x33f ./Core/Src/stm32l4xx_hal_msp.o
 .debug_macro   0x00001426      0x349 ./Core/Src/stm32l4xx_it.o
 .debug_macro   0x0000176f      0x1ee ./Core/Src/system_stm32l4xx.o
 .debug_macro   0x0000195d      0x23c ./Drivers/STM32L4xx_HAL_Driver/Src/stm32l4xx_hal.o
 .debug_macro   0x00001b99      0x1ee ./Drivers/STM32L4xx_HAL_Driver/Src/stm32l4xx_hal_cortex.o
 .debug_macro   0x00001d87      0x1ee ./Drivers/STM32L4xx_HAL_Driver/Src/stm32l4xx_hal_dma.o
 .debug_macro   0x00001f75      0x1f5 ./Drivers/STM32L4xx_HAL_Driver/Src/stm32l4xx_hal_gpio.o
 .debug_macro   0x0000216a      0x2ba ./Drivers/STM32L4xx_HAL_Driver/Src/stm32l4xx_hal_i2c.o
 .debug_macro   0x00002424      0x1ee ./Drivers/STM32L4xx_HAL_Driver/Src/stm32l4xx_hal_i2c_ex.o
 .debug_macro   0x00002612      0x212 ./Drivers/STM32L4xx_HAL_Driver/Src/stm32l4xx_hal_pwr_ex.o
 .debug_macro   0x00002824      0x230 ./Drivers/STM32L4xx_HAL_Driver/Src/stm32l4xx_hal_rcc.o
 .debug_macro   0x00002a54      0x224 ./Drivers/STM32L4xx_HAL_Driver/Src/stm32l4xx_hal_rcc_ex.o
 .debug_macro   0x00002c78      0x1f6 ./Drivers/STM32L4xx_HAL_Driver/Src/stm32l4xx_hal_spi.o
 .debug_macro   0x00002e6e      0x219 ./Drivers/STM32L4xx_HAL_Driver/Src/stm32l4xx_hal_uart.o
 .debug_macro   0x00003087      0x1ee ./Drivers/STM32L4xx_HAL_Driver/Src/stm32l4xx_hal_uart_ex.o
 .debug_macro   0x00003275      0x374 ./FATFS/App/fatfs.o
 .debug_macro   0x000035e9       0x8e ./FATFS/App/fatfs.o
 .debug_macro   0x00003677      0x373 ./Middlewares/Third_Party/FatFs/src/diskio.o
 .debug_macro   0x000039ea      0x768 ./Middlewares/Third_Party/FatFs/src/ff.o
 .debug_macro   0x00004152       0x58 ./Middlewares/Third_Party/FatFs/src/ff.o

.debug_line     0x00000000    0x1a789
 .debug_line    0x00000000      0x87f ./Core/Src/i2c.o
 .debug_line    0x0000087f      0xb89 ./Core/Src/main.o
 .debug_line    0x00001408      0xb51 ./Core/Src/neom9n.o
 .debug_line    0x00001f59      0xdc4 ./Core/Src/sd.o
 .debug_line    0x00002d1d      0x7fd ./Core/Src/spi.o
 .debug_line    0x0000351a      0xb0f ./Core/Src/stm32l4xx_hal_msp.o
 .debug_line    0x00004029      0xa87 ./Core/Src/stm32l4xx_it.o
 .debug_line    0x00004ab0      0x848 ./Core/Src/system_stm32l4xx.o
 .debug_line    0x000052f8       0x7a ./Core/Startup/startup_stm32l476rgtx.o
 .debug_line    0x00005372      0xba3 ./Drivers/STM32L4xx_HAL_Driver/Src/stm32l4xx_hal.o
 .debug_line    0x00005f15      0xd6c ./Drivers/STM32L4xx_HAL_Driver/Src/stm32l4xx_hal_cortex.o
 .debug_line    0x00006c81      0xda8 ./Drivers/STM32L4xx_HAL_Driver/Src/stm32l4xx_hal_dma.o
 .debug_line    0x00007a29      0xc2f ./Drivers/STM32L4xx_HAL_Driver/Src/stm32l4xx_hal_gpio.o
 .debug_line    0x00008658     0x3ad6 ./Drivers/STM32L4xx_HAL_Driver/Src/stm32l4xx_hal_i2c.o
 .debug_line    0x0000c12e      0x9cb ./Drivers/STM32L4xx_HAL_Driver/Src/stm32l4xx_hal_i2c_ex.o
 .debug_line    0x0000caf9      0xd95 ./Drivers/STM32L4xx_HAL_Driver/Src/stm32l4xx_hal_pwr_ex.o
 .debug_line    0x0000d88e     0x101c ./Drivers/STM32L4xx_HAL_Driver/Src/stm32l4xx_hal_rcc.o
 .debug_line    0x0000e8aa     0x158e ./Drivers/STM32L4xx_HAL_Driver/Src/stm32l4xx_hal_rcc_ex.o
 .debug_line    0x0000fe38     0x1f64 ./Drivers/STM32L4xx_HAL_Driver/Src/stm32l4xx_hal_spi.o
 .debug_line    0x00011d9c     0x32b5 ./Drivers/STM32L4xx_HAL_Driver/Src/stm32l4xx_hal_uart.o
 .debug_line    0x00015051      0xca9 ./Drivers/STM32L4xx_HAL_Driver/Src/stm32l4xx_hal_uart_ex.o
 .debug_line    0x00015cfa      0x9fe ./FATFS/App/fatfs.o
 .debug_line    0x000166f8      0xafa ./Middlewares/Third_Party/FatFs/src/diskio.o
 .debug_line    0x000171f2     0x3597 ./Middlewares/Third_Party/FatFs/src/ff.o

.debug_str      0x00000000    0xf0652
 .debug_str     0x00000000    0xe6592 ./Core/Src/i2c.o
                              0xe697b (size before relaxing)
 .debug_str     0x000e6592     0x4dd7 ./Core/Src/main.o
                              0xeb794 (size before relaxing)
 .debug_str     0x000eb369       0xf5 ./Core/Src/neom9n.o
                              0xea227 (size before relaxing)
 .debug_str     0x000eb45e      0x2d9 ./Core/Src/sd.o
                              0xeac8c (size before relaxing)
 .debug_str     0x000eb737       0x27 ./Core/Src/spi.o
                              0xe6850 (size before relaxing)
 .debug_str     0x000eb75e      0x34d ./Core/Src/stm32l4xx_hal_msp.o
                              0xeb6dd (size before relaxing)
 .debug_str     0x000ebaab       0xef ./Core/Src/stm32l4xx_it.o
                              0xea927 (size before relaxing)
 .debug_str     0x000ebb9a       0xf2 ./Core/Src/system_stm32l4xx.o
                              0xe656c (size before relaxing)
 .debug_str     0x000ebc8c       0x44 ./Core/Startup/startup_stm32l476rgtx.o
                                 0x9e (size before relaxing)
 .debug_str     0x000ebcd0      0x640 ./Drivers/STM32L4xx_HAL_Driver/Src/stm32l4xx_hal.o
                              0xe70ff (size before relaxing)
 .debug_str     0x000ec310      0x34b ./Drivers/STM32L4xx_HAL_Driver/Src/stm32l4xx_hal_cortex.o
                              0xe6de5 (size before relaxing)
 .debug_str     0x000ec65b      0x23c ./Drivers/STM32L4xx_HAL_Driver/Src/stm32l4xx_hal_dma.o
                              0xe67d6 (size before relaxing)
 .debug_str     0x000ec897      0x123 ./Drivers/STM32L4xx_HAL_Driver/Src/stm32l4xx_hal_gpio.o
                              0xe66e5 (size before relaxing)
 .debug_str     0x000ec9ba      0xd61 ./Drivers/STM32L4xx_HAL_Driver/Src/stm32l4xx_hal_i2c.o
                              0xe776d (size before relaxing)
 .debug_str     0x000ed71b       0xb8 ./Drivers/STM32L4xx_HAL_Driver/Src/stm32l4xx_hal_i2c_ex.o
                              0xe6a79 (size before relaxing)
 .debug_str     0x000ed7d3      0x4e3 ./Drivers/STM32L4xx_HAL_Driver/Src/stm32l4xx_hal_pwr_ex.o
                              0xe6ac7 (size before relaxing)
 .debug_str     0x000edcb6      0x3a1 ./Drivers/STM32L4xx_HAL_Driver/Src/stm32l4xx_hal_rcc.o
                              0xe6bb2 (size before relaxing)
 .debug_str     0x000ee057      0x3bf ./Drivers/STM32L4xx_HAL_Driver/Src/stm32l4xx_hal_rcc_ex.o
                              0xe6d2b (size before relaxing)
 .debug_str     0x000ee416      0x4df ./Drivers/STM32L4xx_HAL_Driver/Src/stm32l4xx_hal_spi.o
                              0xe6d28 (size before relaxing)
 .debug_str     0x000ee8f5      0x836 ./Drivers/STM32L4xx_HAL_Driver/Src/stm32l4xx_hal_uart.o
                              0xe72c4 (size before relaxing)
 .debug_str     0x000ef12b      0x1f7 ./Drivers/STM32L4xx_HAL_Driver/Src/stm32l4xx_hal_uart_ex.o
                              0xe6af0 (size before relaxing)
 .debug_str     0x000ef322      0x286 ./FATFS/App/fatfs.o
                              0xea74e (size before relaxing)
 .debug_str     0x000ef5a8       0x58 ./Middlewares/Third_Party/FatFs/src/diskio.o
                              0xea69f (size before relaxing)
 .debug_str     0x000ef600     0x1052 ./Middlewares/Third_Party/FatFs/src/ff.o
                              0xeb8d2 (size before relaxing)

.comment        0x00000000       0x43
 .comment       0x00000000       0x43 ./Core/Src/i2c.o
                                 0x44 (size before relaxing)
 .comment       0x00000043       0x44 ./Core/Src/main.o
 .comment       0x00000043       0x44 ./Core/Src/neom9n.o
 .comment       0x00000043       0x44 ./Core/Src/sd.o
 .comment       0x00000043       0x44 ./Core/Src/spi.o
 .comment       0x00000043       0x44 ./Core/Src/stm32l4xx_hal_msp.o
 .comment       0x00000043       0x44 ./Core/Src/stm32l4xx_it.o
 .comment       0x00000043       0x44 ./Core/Src/system_stm32l4xx.o
 .comment       0x00000043       0x44 ./Drivers/STM32L4xx_HAL_Driver/Src/stm32l4xx_hal.o
 .comment       0x00000043       0x44 ./Drivers/STM32L4xx_HAL_Driver/Src/stm32l4xx_hal_cortex.o
 .comment       0x00000043       0x44 ./Drivers/STM32L4xx_HAL_Driver/Src/stm32l4xx_hal_dma.o
 .comment       0x00000043       0x44 ./Drivers/STM32L4xx_HAL_Driver/Src/stm32l4xx_hal_gpio.o
 .comment       0x00000043       0x44 ./Drivers/STM32L4xx_HAL_Driver/Src/stm32l4xx_hal_i2c.o
 .comment       0x00000043       0x44 ./Drivers/STM32L4xx_HAL_Driver/Src/stm32l4xx_hal_i2c_ex.o
 .comment       0x00000043       0x44 ./Drivers/STM32L4xx_HAL_Driver/Src/stm32l4xx_hal_pwr_ex.o
 .comment       0x00000043       0x44 ./Drivers/STM32L4xx_HAL_Driver/Src/stm32l4xx_hal_rcc.o
 .comment       0x00000043       0x44 ./Drivers/STM32L4xx_HAL_Driver/Src/stm32l4xx_hal_rcc_ex.o
 .comment       0x00000043       0x44 ./Drivers/STM32L4xx_HAL_Driver/Src/stm32l4xx_hal_spi.o
 .comment       0x00000043       0x44 ./Drivers/STM32L4xx_HAL_Driver/Src/stm32l4xx_hal_uart.o
 .comment       0x00000043       0x44 ./Drivers/STM32L4xx_HAL_Driver/Src/stm32l4xx_hal_uart_ex.o
 .comment       0x00000043       0x44 ./FATFS/App/fatfs.o
 .comment       0x00000043       0x44 ./Middlewares/Third_Party/FatFs/src/diskio.o
 .comment       0x00000043       0x44 ./Middlewares/Third_Party/FatFs/src/ff.o

.debug_frame    0x00000000     0x4b74
 .debug_frame   0x00000000       0x98 ./Core/Src/i2c.o
 .debug_frame   0x00000098      0x170 ./Core/Src/main.o
 .debug_frame   0x00000208       0xa0 ./Core/Src/neom9n.o
 .debug_frame   0x000002a8      0x19c ./Core/Src/sd.o
 .debug_frame   0x00000444       0x74 ./Core/Src/spi.o
 .debug_frame   0x000004b8      0x118 ./Core/Src/stm32l4xx_hal_msp.o
 .debug_frame   0x000005d0      0x120 ./Core/Src/stm32l4xx_it.o
 .debug_frame   0x000006f0       0x58 ./Core/Src/system_stm32l4xx.o
 .debug_frame   0x00000748      0x498 ./Drivers/STM32L4xx_HAL_Driver/Src/stm32l4xx_hal.o
 .debug_frame   0x00000be0      0x4e8 ./Drivers/STM32L4xx_HAL_Driver/Src/stm32l4xx_hal_cortex.o
 .debug_frame   0x000010c8      0x204 ./Drivers/STM32L4xx_HAL_Driver/Src/stm32l4xx_hal_dma.o
 .debug_frame   0x000012cc      0x14c ./Drivers/STM32L4xx_HAL_Driver/Src/stm32l4xx_hal_gpio.o
 .debug_frame   0x00001418      0xc38 ./Drivers/STM32L4xx_HAL_Driver/Src/stm32l4xx_hal_i2c.o
 .debug_frame   0x00002050      0x100 ./Drivers/STM32L4xx_HAL_Driver/Src/stm32l4xx_hal_i2c_ex.o
 .debug_frame   0x00002150      0x584 ./Drivers/STM32L4xx_HAL_Driver/Src/stm32l4xx_hal_pwr_ex.o
 .debug_frame   0x000026d4      0x21c ./Drivers/STM32L4xx_HAL_Driver/Src/stm32l4xx_hal_rcc.o
 .debug_frame   0x000028f0      0x2fc ./Drivers/STM32L4xx_HAL_Driver/Src/stm32l4xx_hal_rcc_ex.o
 .debug_frame   0x00002bec      0x864 ./Drivers/STM32L4xx_HAL_Driver/Src/stm32l4xx_hal_spi.o
 .debug_frame   0x00003450      0x9f4 ./Drivers/STM32L4xx_HAL_Driver/Src/stm32l4xx_hal_uart.o
 .debug_frame   0x00003e44      0x204 ./Drivers/STM32L4xx_HAL_Driver/Src/stm32l4xx_hal_uart_ex.o
 .debug_frame   0x00004048       0x4c ./FATFS/App/fatfs.o
 .debug_frame   0x00004094       0xe8 ./Middlewares/Third_Party/FatFs/src/diskio.o
 .debug_frame   0x0000417c      0x94c ./Middlewares/Third_Party/FatFs/src/ff.o
 .debug_frame   0x00004ac8       0x20 C:/ST/STM32CubeIDE_1.17.0/STM32CubeIDE/plugins/com.st.stm32cube.ide.mcu.externaltools.gnu-tools-for-stm32.12.3.rel1.win32_1.1.0.202410251130/tools/bin/../lib/gcc/arm-none-eabi/12.3.1/../../../../arm-none-eabi/lib/thumb/v7e-m+fp/hard\libc_nano.a(libc_a-memset.o)
 .debug_frame   0x00004ae8       0x2c C:/ST/STM32CubeIDE_1.17.0/STM32CubeIDE/plugins/com.st.stm32cube.ide.mcu.externaltools.gnu-tools-for-stm32.12.3.rel1.win32_1.1.0.202410251130/tools/bin/../lib/gcc/arm-none-eabi/12.3.1/../../../../arm-none-eabi/lib/thumb/v7e-m+fp/hard\libc_nano.a(libc_a-init.o)
 .debug_frame   0x00004b14       0x2c C:/ST/STM32CubeIDE_1.17.0/STM32CubeIDE/plugins/com.st.stm32cube.ide.mcu.externaltools.gnu-tools-for-stm32.12.3.rel1.win32_1.1.0.202410251130/tools/bin/../lib/gcc/arm-none-eabi/12.3.1/thumb/v7e-m+fp/hard\libgcc.a(_aeabi_uldivmod.o)
 .debug_frame   0x00004b40       0x34 C:/ST/STM32CubeIDE_1.17.0/STM32CubeIDE/plugins/com.st.stm32cube.ide.mcu.externaltools.gnu-tools-for-stm32.12.3.rel1.win32_1.1.0.202410251130/tools/bin/../lib/gcc/arm-none-eabi/12.3.1/thumb/v7e-m+fp/hard\libgcc.a(_udivmoddi4.o)

.debug_line_str
                0x00000000       0x82
 .debug_line_str
                0x00000000       0x82 ./Core/Startup/startup_stm32l476rgtx.o
