Archive member included to satisfy reference by file (symbol)

C:/Users/HamzaBeder/scoop/apps/gcc-arm-none-eabi/current/bin/../lib/gcc/arm-none-eabi/13.3.1/thumb/v7e-m+fp/hard\libc_nano.a(libc_a-exit.o)
                              C:/Users/HamzaBeder/scoop/apps/gcc-arm-none-eabi/current/bin/../lib/gcc/arm-none-eabi/13.3.1/thumb/v7e-m+fp/hard/crt0.o (exit)
C:/Users/HamzaBeder/scoop/apps/gcc-arm-none-eabi/current/bin/../lib/gcc/arm-none-eabi/13.3.1/thumb/v7e-m+fp/hard\libc_nano.a(libc_a-findfp.o)
                              C:/Users/HamzaBeder/scoop/apps/gcc-arm-none-eabi/current/bin/../lib/gcc/arm-none-eabi/13.3.1/thumb/v7e-m+fp/hard\libc_nano.a(libc_a-exit.o) (__stdio_exit_handler)
C:/Users/HamzaBeder/scoop/apps/gcc-arm-none-eabi/current/bin/../lib/gcc/arm-none-eabi/13.3.1/thumb/v7e-m+fp/hard\libc_nano.a(libc_a-fwalk.o)
                              C:/Users/HamzaBeder/scoop/apps/gcc-arm-none-eabi/current/bin/../lib/gcc/arm-none-eabi/13.3.1/thumb/v7e-m+fp/hard\libc_nano.a(libc_a-findfp.o) (_fwalk_sglue)
C:/Users/HamzaBeder/scoop/apps/gcc-arm-none-eabi/current/bin/../lib/gcc/arm-none-eabi/13.3.1/thumb/v7e-m+fp/hard\libc_nano.a(libc_a-stdio.o)
                              C:/Users/HamzaBeder/scoop/apps/gcc-arm-none-eabi/current/bin/../lib/gcc/arm-none-eabi/13.3.1/thumb/v7e-m+fp/hard\libc_nano.a(libc_a-findfp.o) (__sread)
C:/Users/HamzaBeder/scoop/apps/gcc-arm-none-eabi/current/bin/../lib/gcc/arm-none-eabi/13.3.1/thumb/v7e-m+fp/hard\libc_nano.a(libc_a-memset.o)
                              C:/Users/HamzaBeder/scoop/apps/gcc-arm-none-eabi/current/bin/../lib/gcc/arm-none-eabi/13.3.1/thumb/v7e-m+fp/hard/crt0.o (memset)
C:/Users/HamzaBeder/scoop/apps/gcc-arm-none-eabi/current/bin/../lib/gcc/arm-none-eabi/13.3.1/thumb/v7e-m+fp/hard\libc_nano.a(libc_a-closer.o)
                              C:/Users/HamzaBeder/scoop/apps/gcc-arm-none-eabi/current/bin/../lib/gcc/arm-none-eabi/13.3.1/thumb/v7e-m+fp/hard\libc_nano.a(libc_a-stdio.o) (_close_r)
C:/Users/HamzaBeder/scoop/apps/gcc-arm-none-eabi/current/bin/../lib/gcc/arm-none-eabi/13.3.1/thumb/v7e-m+fp/hard\libc_nano.a(libc_a-reent.o)
                              C:/Users/HamzaBeder/scoop/apps/gcc-arm-none-eabi/current/bin/../lib/gcc/arm-none-eabi/13.3.1/thumb/v7e-m+fp/hard\libc_nano.a(libc_a-closer.o) (errno)
C:/Users/HamzaBeder/scoop/apps/gcc-arm-none-eabi/current/bin/../lib/gcc/arm-none-eabi/13.3.1/thumb/v7e-m+fp/hard\libc_nano.a(libc_a-impure.o)
                              C:/Users/HamzaBeder/scoop/apps/gcc-arm-none-eabi/current/bin/../lib/gcc/arm-none-eabi/13.3.1/thumb/v7e-m+fp/hard\libc_nano.a(libc_a-reent.o) (_impure_ptr)
C:/Users/HamzaBeder/scoop/apps/gcc-arm-none-eabi/current/bin/../lib/gcc/arm-none-eabi/13.3.1/thumb/v7e-m+fp/hard\libc_nano.a(libc_a-lseekr.o)
                              C:/Users/HamzaBeder/scoop/apps/gcc-arm-none-eabi/current/bin/../lib/gcc/arm-none-eabi/13.3.1/thumb/v7e-m+fp/hard\libc_nano.a(libc_a-stdio.o) (_lseek_r)
C:/Users/HamzaBeder/scoop/apps/gcc-arm-none-eabi/current/bin/../lib/gcc/arm-none-eabi/13.3.1/thumb/v7e-m+fp/hard\libc_nano.a(libc_a-readr.o)
                              C:/Users/HamzaBeder/scoop/apps/gcc-arm-none-eabi/current/bin/../lib/gcc/arm-none-eabi/13.3.1/thumb/v7e-m+fp/hard\libc_nano.a(libc_a-stdio.o) (_read_r)
C:/Users/HamzaBeder/scoop/apps/gcc-arm-none-eabi/current/bin/../lib/gcc/arm-none-eabi/13.3.1/thumb/v7e-m+fp/hard\libc_nano.a(libc_a-writer.o)
                              C:/Users/HamzaBeder/scoop/apps/gcc-arm-none-eabi/current/bin/../lib/gcc/arm-none-eabi/13.3.1/thumb/v7e-m+fp/hard\libc_nano.a(libc_a-stdio.o) (_write_r)
C:/Users/HamzaBeder/scoop/apps/gcc-arm-none-eabi/current/bin/../lib/gcc/arm-none-eabi/13.3.1/thumb/v7e-m+fp/hard\libc_nano.a(libc_a-errno.o)
                              build/sysmem.o (__errno)
C:/Users/HamzaBeder/scoop/apps/gcc-arm-none-eabi/current/bin/../lib/gcc/arm-none-eabi/13.3.1/thumb/v7e-m+fp/hard\libc_nano.a(libc_a-init.o)
                              C:/Users/HamzaBeder/scoop/apps/gcc-arm-none-eabi/current/bin/../lib/gcc/arm-none-eabi/13.3.1/thumb/v7e-m+fp/hard/crt0.o (__libc_init_array)
C:/Users/HamzaBeder/scoop/apps/gcc-arm-none-eabi/current/bin/../lib/gcc/arm-none-eabi/13.3.1/thumb/v7e-m+fp/hard\libc_nano.a(libc_a-lock.o)
                              C:/Users/HamzaBeder/scoop/apps/gcc-arm-none-eabi/current/bin/../lib/gcc/arm-none-eabi/13.3.1/thumb/v7e-m+fp/hard\libc_nano.a(libc_a-findfp.o) (__retarget_lock_init_recursive)
C:/Users/HamzaBeder/scoop/apps/gcc-arm-none-eabi/current/bin/../lib/gcc/arm-none-eabi/13.3.1/thumb/v7e-m+fp/hard\libc_nano.a(libc_a-freer.o)
                              C:/Users/HamzaBeder/scoop/apps/gcc-arm-none-eabi/current/bin/../lib/gcc/arm-none-eabi/13.3.1/thumb/v7e-m+fp/hard\libc_nano.a(libc_a-reent.o) (_free_r)
C:/Users/HamzaBeder/scoop/apps/gcc-arm-none-eabi/current/bin/../lib/gcc/arm-none-eabi/13.3.1/thumb/v7e-m+fp/hard\libc_nano.a(libc_a-mallocr.o)
[...]
Memory Configuration

Name             Origin             Length             Attributes
RAM              0x20000000         0x00018000         xrw
RAM2             0x10000000         0x00008000         xrw
FLASH            0x08000000         0x00100000         xr
*default*        0x00000000         0xffffffff

Linker script and memory map

LOAD C:/Users/HamzaBeder/scoop/apps/gcc-arm-none-eabi/current/bin/../lib/gcc/arm-none-eabi/13.3.1/thumb/v7e-m+fp/hard/crti.o
LOAD C:/Users/HamzaBeder/scoop/apps/gcc-arm-none-eabi/current/bin/../lib/gcc/arm-none-eabi/13.3.1/thumb/v7e-m+fp/hard/crtbegin.o
LOAD C:/Users/HamzaBeder/scoop/apps/gcc-arm-none-eabi/current/bin/../lib/gcc/arm-none-eabi/13.3.1/thumb/v7e-m+fp/hard/crt0.o
LOAD build/main.o
LOAD build/stm32l4xx_it.o
LOAD build/stm32l4xx_hal_msp.o
LOAD build/stm32l4xx_hal_tim.o
LOAD build/stm32l4xx_hal_tim_ex.o
LOAD build/stm32l4xx_hal.o
LOAD build/stm32l4xx_hal_rcc.o
LOAD build/stm32l4xx_hal_rcc_ex.o
LOAD build/stm32l4xx_hal_flash.o
LOAD build/stm32l4xx_hal_flash_ex.o
LOAD build/stm32l4xx_hal_flash_ramfunc.o
LOAD build/stm32l4xx_hal_gpio.o
LOAD build/stm32l4xx_hal_i2c.o
LOAD build/stm32l4xx_hal_i2c_ex.o
LOAD build/stm32l4xx_hal_dma.o
LOAD build/stm32l4xx_hal_dma_ex.o
LOAD build/stm32l4xx_hal_pwr.o
LOAD build/stm32l4xx_hal_pwr_ex.o
LOAD build/stm32l4xx_hal_cortex.o
LOAD build/stm32l4xx_hal_exti.o
LOAD build/system_stm32l4xx.o
LOAD build/sysmem.o
LOAD build/syscalls.o
LOAD build/startup_stm32l476xx.o
LOAD C:/Users/HamzaBeder/scoop/apps/gcc-arm-none-eabi/current/bin/../lib/gcc/arm-none-eabi/13.3.1/thumb/v7e-m+fp/hard\libc_nano.a
LOAD C:/Users/HamzaBeder/scoop/apps/gcc-arm-none-eabi/current/bin/../lib/gcc/arm-none-eabi/13.3.1/thumb/v7e-m+fp/hard\libm.a
LOAD C:/Users/HamzaBeder/scoop/apps/gcc-arm-none-eabi/current/bin/../lib/gcc/arm-none-eabi/13.3.1/thumb/v7e-m+fp/hard\libnosys.a
START GROUP
LOAD C:/Users/HamzaBeder/scoop/apps/gcc-arm-none-eabi/current/bin/../lib/gcc/arm-none-eabi/13.3.1/thumb/v7e-m+fp/hard\libgcc.a
LOAD C:/Users/HamzaBeder/scoop/apps/gcc-arm-none-eabi/current/bin/../lib/gcc/arm-none-eabi/13.3.1/thumb/v7e-m+fp/hard\libc_nano.a
END GROUP
START GROUP
LOAD C:/Users/HamzaBeder/scoop/apps/gcc-arm-none-eabi/current/bin/../lib/gcc/arm-none-eabi/13.3.1/thumb/v7e-m+fp/hard\libgcc.a
LOAD C:/Users/HamzaBeder/scoop/apps/gcc-arm-none-eabi/current/bin/../lib/gcc/arm-none-eabi/13.3.1/thumb/v7e-m+fp/hard\libc_nano.a
END GROUP
LOAD C:/Users/HamzaBeder/scoop/apps/gcc-arm-none-eabi/current/bin/../lib/gcc/arm-none-eabi/13.3.1/thumb/v7e-m+fp/hard/crtend.o
LOAD C:/Users/HamzaBeder/scoop/apps/gcc-arm-none-eabi/current/bin/../lib/gcc/arm-none-eabi/13.3.1/thumb/v7e-m+fp/hard/crtn.o
                0x20018000                        _estack = (ORIGIN (RAM) + LENGTH (RAM))
                0x00000200                        _Min_Heap_Size = 0x200
                0x00000400                        _Min_Stack_Size = 0x400

.isr_vector     0x08000000      0x188
                0x08000000                        . = ALIGN (0x4)
 *(.isr_vector)
 .isr_vector    0x08000000      0x188 build/startup_stm32l476xx.o
                0x08000000                g_pfnVectors
                0x08000188                        . = ALIGN (0x4)

.text           0x08000188      0xd14
                0x08000188                        . = ALIGN (0x4)
 *(.text)
 *(.text*)
 .text.deregister_tm_clones
                0x08000188       0x1c C:/Users/HamzaBeder/scoop/apps/gcc-arm-none-eabi/current/bin/../lib/gcc/arm-none-eabi/13.3.1/thumb/v7e-m+fp/hard/crtbegin.o
 .text.register_tm_clones
                0x080001a4       0x24 C:/Users/HamzaBeder/scoop/apps/gcc-arm-none-eabi/current/bin/../lib/gcc/arm-none-eabi/13.3.1/thumb/v7e-m+fp/hard/crtbegin.o
 .text.__do_global_dtors_aux
                0x080001c8       0x28 C:/Users/HamzaBeder/scoop/apps/gcc-arm-none-eabi/current/bin/../lib/gcc/arm-none-eabi/13.3.1/thumb/v7e-m+fp/hard/crtbegin.o
 .text.frame_dummy
                0x080001f0       0x24 C:/Users/HamzaBeder/scoop/apps/gcc-arm-none-eabi/current/bin/../lib/gcc/arm-none-eabi/13.3.1/thumb/v7e-m+fp/hard/crtbegin.o
 .text.Error_Handler
                0x08000214        0x4 build/main.o
                0x08000214                Error_Handler
 .text.SystemClock_Config
                0x08000218       0x66 build/main.o
                0x08000218                SystemClock_Config
 .text.main     0x0800027e        0xc build/main.o
                0x0800027e                main
 .text.NMI_Handler
                0x0800028a        0x2 build/stm32l4xx_it.o
                0x0800028a                NMI_Handler
 .text.HardFault_Handler
                0x0800028c        0x2 build/stm32l4xx_it.o
                0x0800028c                HardFault_Handler
 .text.MemManage_Handler
                0x0800028e        0x2 build/stm32l4xx_it.o
                0x0800028e                MemManage_Handler
 .text.BusFault_Handler
                0x08000290        0x2 build/stm32l4xx_it.o
                0x08000290                BusFault_Handler
 .text.UsageFault_Handler
                0x08000292        0x2 build/stm32l4xx_it.o
                0x08000292                UsageFault_Handler
 .text.SVC_Handler
                0x08000294        0x2 build/stm32l4xx_it.o
                0x08000294                SVC_Handler
 .text.DebugMon_Handler
                0x08000296        0x2 build/stm32l4xx_it.o
                0x08000296                DebugMon_Handler
 .text.PendSV_Handler
                0x08000298        0x2 build/stm32l4xx_it.o
                0x08000298                PendSV_Handler
 .text.SysTick_Handler
                0x0800029a        0x8 build/stm32l4xx_it.o
                0x0800029a                SysTick_Handler
 *fill*         0x080002a2        0x2 
 .text.HAL_MspInit
                0x080002a4       0x30 build/stm32l4xx_hal_msp.o
                0x080002a4                HAL_MspInit
 .text.HAL_InitTick
                0x080002d4       0x50 build/stm32l4xx_hal.o
                0x080002d4                HAL_InitTick
 .text.HAL_Init
                0x08000324       0x1e build/stm32l4xx_hal.o
                0x08000324                HAL_Init
 *fill*         0x08000342        0x2 
 .text.HAL_IncTick
                0x08000344       0x18 build/stm32l4xx_hal.o
                0x08000344                HAL_IncTick
 .text.HAL_GetTick
                0x0800035c        0xc build/stm32l4xx_hal.o
                0x0800035c                HAL_GetTick
 .text.RCC_SetFlashLatencyFromMSIRange
                0x08000368       0x90 build/stm32l4xx_hal_rcc.o
 .text.HAL_RCC_GetSysClockFreq
                0x080003f8       0xb4 build/stm32l4xx_hal_rcc.o
                0x080003f8                HAL_RCC_GetSysClockFreq
 .text.HAL_RCC_OscConfig
                0x080004ac      0x61c build/stm32l4xx_hal_rcc.o
                0x080004ac                HAL_RCC_OscConfig
 .text.HAL_RCC_ClockConfig
                0x08000ac8      0x188 build/stm32l4xx_hal_rcc.o
                0x08000ac8                HAL_RCC_ClockConfig
 .text.HAL_PWREx_GetVoltageRange
                0x08000c50       0x10 build/stm32l4xx_hal_pwr_ex.o
                0x08000c50                HAL_PWREx_GetVoltageRange
 .text.HAL_PWREx_ControlVoltageScaling
                0x08000c60       0x90 build/stm32l4xx_hal_pwr_ex.o
                0x08000c60                HAL_PWREx_ControlVoltageScaling
 .text.__NVIC_SetPriority
                0x08000cf0       0x28 build/stm32l4xx_hal_cortex.o
 .text.NVIC_EncodePriority
                0x08000d18       0x3e build/stm32l4xx_hal_cortex.o
 *fill*         0x08000d56        0x2 
 .text.HAL_NVIC_SetPriorityGrouping
                0x08000d58       0x24 build/stm32l4xx_hal_cortex.o
                0x08000d58                HAL_NVIC_SetPriorityGrouping
 .text.HAL_NVIC_SetPriority
                0x08000d7c       0x20 build/stm32l4xx_hal_cortex.o
                0x08000d7c                HAL_NVIC_SetPriority
 .text.HAL_SYSTICK_Config
                0x08000d9c       0x28 build/stm32l4xx_hal_cortex.o
                0x08000d9c                HAL_SYSTICK_Config
 .text.SystemInit
                0x08000dc4       0x14 build/system_stm32l4xx.o
                0x08000dc4                SystemInit
 .text.Reset_Handler
                0x08000dd8       0x50 build/startup_stm32l476xx.o
                0x08000dd8                Reset_Handler
 .text.Default_Handler
                0x08000e28        0x2 build/startup_stm32l476xx.o
                0x08000e28                RTC_Alarm_IRQHandler
                0x08000e28                EXTI2_IRQHandler
                0x08000e28                TIM8_TRG_COM_IRQHandler
                0x08000e28                TIM8_CC_IRQHandler
                0x08000e28                TIM1_CC_IRQHandler
                0x08000e28                TSC_IRQHandler
                0x08000e28                TAMP_STAMP_IRQHandler
                0x08000e28                EXTI3_IRQHandler
                0x08000e28                LPTIM2_IRQHandler
                0x08000e28                DFSDM1_FLT1_IRQHandler
                0x08000e28                I2C3_ER_IRQHandler
                0x08000e28                DFSDM1_FLT2_IRQHandler
                0x08000e28                EXTI0_IRQHandler
                0x08000e28                I2C2_EV_IRQHandler
                0x08000e28                CAN1_RX0_IRQHandler
                0x08000e28                FPU_IRQHandler
                0x08000e28                TIM1_UP_TIM16_IRQHandler
                0x08000e28                ADC1_2_IRQHandler
                0x08000e28                SPI1_IRQHandler
                0x08000e28                TIM6_DAC_IRQHandler
                0x08000e28                TIM8_UP_IRQHandler
                0x08000e28                DMA2_Channel2_IRQHandler
                0x08000e28                DMA1_Channel4_IRQHandler
                0x08000e28                SAI2_IRQHandler
                0x08000e28                DFSDM1_FLT3_IRQHandler
                0x08000e28                USART3_IRQHandler
                0x08000e28                DMA1_Channel7_IRQHandler
                0x08000e28                CAN1_RX1_IRQHandler
                0x08000e28                LCD_IRQHandler
                0x08000e28                UART5_IRQHandler
                0x08000e28                ADC3_IRQHandler
                0x08000e28                TIM4_IRQHandler
                0x08000e28                DMA2_Channel1_IRQHandler
                0x08000e28                QUADSPI_IRQHandler
                0x08000e28                I2C1_EV_IRQHandler
                0x08000e28                DMA1_Channel6_IRQHandler
                0x08000e28                UART4_IRQHandler
                0x08000e28                DMA2_Channel4_IRQHandler
                0x08000e28                TIM3_IRQHandler
                0x08000e28                RCC_IRQHandler
                0x08000e28                DMA1_Channel1_IRQHandler
                0x08000e28                Default_Handler
                0x08000e28                DMA2_Channel7_IRQHandler
                0x08000e28                EXTI15_10_IRQHandler
                0x08000e28                TIM7_IRQHandler
                0x08000e28                SDMMC1_IRQHandler
                0x08000e28                TIM5_IRQHandler
                0x08000e28                I2C3_EV_IRQHandler
                0x08000e28                EXTI9_5_IRQHandler
                0x08000e28                RTC_WKUP_IRQHandler
                0x08000e28                PVD_PVM_IRQHandler
                0x08000e28                SPI2_IRQHandler
                0x08000e28                CAN1_TX_IRQHandler
                0x08000e28                DMA2_Channel5_IRQHandler
                0x08000e28                DMA1_Channel5_IRQHandler
                0x08000e28                EXTI4_IRQHandler
                0x08000e28                RNG_IRQHandler
                0x08000e28                TIM1_TRG_COM_TIM17_IRQHandler
                0x08000e28                DMA1_Channel3_IRQHandler
                0x08000e28                COMP_IRQHandler
                0x08000e28                WWDG_IRQHandler
                0x08000e28                LPUART1_IRQHandler
                0x08000e28                DMA2_Channel6_IRQHandler
                0x08000e28                TIM2_IRQHandler
                0x08000e28                EXTI1_IRQHandler
                0x08000e28                USART2_IRQHandler
                0x08000e28                DFSDM1_FLT0_IRQHandler
                0x08000e28                I2C2_ER_IRQHandler
                0x08000e28                DMA1_Channel2_IRQHandler
                0x08000e28                TIM8_BRK_IRQHandler
                0x08000e28                CAN1_SCE_IRQHandler
                0x08000e28                FLASH_IRQHandler
                0x08000e28                USART1_IRQHandler
                0x08000e28                OTG_FS_IRQHandler
                0x08000e28                SPI3_IRQHandler
                0x08000e28                I2C1_ER_IRQHandler
                0x08000e28                FMC_IRQHandler
                0x08000e28                SWPMI1_IRQHandler
                0x08000e28                LPTIM1_IRQHandler
                0x08000e28                SAI1_IRQHandler
                0x08000e28                DMA2_Channel3_IRQHandler
                0x08000e28                TIM1_BRK_TIM15_IRQHandler
 .text.memset   0x08000e2a       0x10 C:/Users/HamzaBeder/scoop/apps/gcc-arm-none-eabi/current/bin/../lib/gcc/arm-none-eabi/13.3.1/thumb/v7e-m+fp/hard\libc_nano.a(libc_a-memset.o)
                0x08000e2a                memset
 *fill*         0x08000e3a        0x2 
 .text.__libc_init_array
                0x08000e3c       0x48 C:/Users/HamzaBeder/scoop/apps/gcc-arm-none-eabi/current/bin/../lib/gcc/arm-none-eabi/13.3.1/thumb/v7e-m+fp/hard\libc_nano.a(libc_a-init.o)
                0x08000e3c                __libc_init_array
 *(.glue_7)
 .glue_7        0x08000e84        0x0 linker stubs
 *(.glue_7t)
 .glue_7t       0x08000e84        0x0 linker stubs
 *(.eh_frame)
 .eh_frame      0x08000e84        0x0 C:/Users/HamzaBeder/scoop/apps/gcc-arm-none-eabi/current/bin/../lib/gcc/arm-none-eabi/13.3.1/thumb/v7e-m+fp/hard/crtbegin.o
 *(.init)
 .init          0x08000e84        0x4 C:/Users/HamzaBeder/scoop/apps/gcc-arm-none-eabi/current/bin/../lib/gcc/arm-none-eabi/13.3.1/thumb/v7e-m+fp/hard/crti.o
                0x08000e84                _init
 .init          0x08000e88        0x8 C:/Users/HamzaBeder/scoop/apps/gcc-arm-none-eabi/current/bin/../lib/gcc/arm-none-eabi/13.3.1/thumb/v7e-m+fp/hard/crtn.o
 *(.fini)
 .fini          0x08000e90        0x4 C:/Users/HamzaBeder/scoop/apps/gcc-arm-none-eabi/current/bin/../lib/gcc/arm-none-eabi/13.3.1/thumb/v7e-m+fp/hard/crti.o
                0x08000e90                _fini
 .fini          0x08000e94        0x8 C:/Users/HamzaBeder/scoop/apps/gcc-arm-none-eabi/current/bin/../lib/gcc/arm-none-eabi/13.3.1/thumb/v7e-m+fp/hard/crtn.o
                0x08000e9c                        . = ALIGN (0x4)
                0x08000e9c                        _etext = .

.vfp11_veneer   0x08000e9c        0x0
 .vfp11_veneer  0x08000e9c        0x0 linker stubs

.v4_bx          0x08000e9c        0x0
 .v4_bx         0x08000e9c        0x0 linker stubs

.iplt           0x08000e9c        0x0
 .iplt          0x08000e9c        0x0 C:/Users/HamzaBeder/scoop/apps/gcc-arm-none-eabi/current/bin/../lib/gcc/arm-none-eabi/13.3.1/thumb/v7e-m+fp/hard/crtbegin.o

.rodata         0x08000e9c       0x40
                0x08000e9c                        . = ALIGN (0x4)
 *(.rodata)
 *(.rodata*)
 .rodata.MSIRangeTable
                0x08000e9c       0x30 build/system_stm32l4xx.o
                0x08000e9c                MSIRangeTable
 .rodata.AHBPrescTable
                0x08000ecc       0x10 build/system_stm32l4xx.o
                0x08000ecc                AHBPrescTable
                0x08000edc                        . = ALIGN (0x4)

.rel.dyn        0x08000edc        0x0
 .rel.iplt      0x08000edc        0x0 C:/Users/HamzaBeder/scoop/apps/gcc-arm-none-eabi/current/bin/../lib/gcc/arm-none-eabi/13.3.1/thumb/v7e-m+fp/hard/crtbegin.o

.ARM.extab      0x08000edc        0x0
                0x08000edc                        . = ALIGN (0x4)
 *(.ARM.extab* .gnu.linkonce.armextab.*)
                0x08000edc                        . = ALIGN (0x4)

.ARM            0x08000edc        0x0
                0x08000edc                        . = ALIGN (0x4)
                0x08000edc                        __exidx_start = .
 *(.ARM.exidx*)
                0x08000edc                        __exidx_end = .
                0x08000edc                        . = ALIGN (0x4)

.preinit_array  0x08000edc        0x0
                0x08000edc                        . = ALIGN (0x4)
                0x08000edc                        PROVIDE (__preinit_array_start = .)
 *(.preinit_array*)
                0x08000edc                        PROVIDE (__preinit_array_end = .)
                0x08000edc                        . = ALIGN (0x4)

.init_array     0x08000edc        0x4
                0x08000edc                        . = ALIGN (0x4)
                0x08000edc                        PROVIDE (__init_array_start = .)
 *(SORT_BY_NAME(.init_array.*))
 *(.init_array*)
 .init_array    0x08000edc        0x4 C:/Users/HamzaBeder/scoop/apps/gcc-arm-none-eabi/current/bin/../lib/gcc/arm-none-eabi/13.3.1/thumb/v7e-m+fp/hard/crtbegin.o
                0x08000ee0                        PROVIDE (__init_array_end = .)
                0x08000ee0                        . = ALIGN (0x4)

.fini_array     0x08000ee0        0x4
                0x08000ee0                        . = ALIGN (0x4)
                [!provide]                        PROVIDE (__fini_array_start = .)
 *(SORT_BY_NAME(.fini_array.*))
 *(.fini_array*)
 .fini_array    0x08000ee0        0x4 C:/Users/HamzaBeder/scoop/apps/gcc-arm-none-eabi/current/bin/../lib/gcc/arm-none-eabi/13.3.1/thumb/v7e-m+fp/hard/crtbegin.o
                [!provide]                        PROVIDE (__fini_array_end = .)
                0x08000ee4                        . = ALIGN (0x4)
                0x08000ee4                        _sidata = LOADADDR (.data)

.data           0x20000000        0xc load address 0x08000ee4
                0x20000000                        . = ALIGN (0x4)
                0x20000000                        _sdata = .
 *(.data)
 *(.data*)
 .data.uwTickFreq
                0x20000000        0x1 build/stm32l4xx_hal.o
                0x20000000                uwTickFreq
 *fill*         0x20000001        0x3 
 .data.uwTickPrio
                0x20000004        0x4 build/stm32l4xx_hal.o
                0x20000004                uwTickPrio
 .data.SystemCoreClock
                0x20000008        0x4 build/system_stm32l4xx.o
                0x20000008                SystemCoreClock
                0x2000000c                        . = ALIGN (0x4)
                0x2000000c                        _edata = .

.tm_clone_table
                0x2000000c        0x0 load address 0x08000ef0
 .tm_clone_table
                0x2000000c        0x0 C:/Users/HamzaBeder/scoop/apps/gcc-arm-none-eabi/current/bin/../lib/gcc/arm-none-eabi/13.3.1/thumb/v7e-m+fp/hard/crtbegin.o
 .tm_clone_table
                0x2000000c        0x0 C:/Users/HamzaBeder/scoop/apps/gcc-arm-none-eabi/current/bin/../lib/gcc/arm-none-eabi/13.3.1/thumb/v7e-m+fp/hard/crtend.o

.igot.plt       0x2000000c        0x0 load address 0x08000ef0
 .igot.plt      0x2000000c        0x0 C:/Users/HamzaBeder/scoop/apps/gcc-arm-none-eabi/current/bin/../lib/gcc/arm-none-eabi/13.3.1/thumb/v7e-m+fp/hard/crtbegin.o
                0x2000000c                        . = ALIGN (0x4)

.bss            0x2000000c       0x20 load address 0x08000ef0
                0x2000000c                        _sbss = .
                0x2000000c                        __bss_start__ = _sbss
 *(.bss)
 *(.bss*)
 .bss.completed.1
                0x2000000c        0x1 C:/Users/HamzaBeder/scoop/apps/gcc-arm-none-eabi/current/bin/../lib/gcc/arm-none-eabi/13.3.1/thumb/v7e-m+fp/hard/crtbegin.o
 *fill*         0x2000000d        0x3 
 .bss.object.0  0x20000010       0x18 C:/Users/HamzaBeder/scoop/apps/gcc-arm-none-eabi/current/bin/../lib/gcc/arm-none-eabi/13.3.1/thumb/v7e-m+fp/hard/crtbegin.o
 .bss.uwTick    0x20000028        0x4 build/stm32l4xx_hal.o
                0x20000028                uwTick
 *(COMMON)
                0x2000002c                        . = ALIGN (0x4)
                0x2000002c                        _ebss = .
                0x2000002c                        __bss_end__ = _ebss

._user_heap_stack
                0x2000002c      0x604 load address 0x08000ef0
                0x20000030                        . = ALIGN (0x8)
 *fill*         0x2000002c        0x4 
                [!provide]                        PROVIDE (end = .)
                0x20000030                        PROVIDE (_end = .)
                0x20000230                        . = (. + _Min_Heap_Size)
 *fill*         0x20000030      0x200 
                0x20000630                        . = (. + _Min_Stack_Size)
 *fill*         0x20000230      0x400 
                0x20000630                        . = ALIGN (0x8)

/DISCARD/
 libc.a(*)
 libm.a(*)
 libgcc.a(*)

.ARM.attributes
                0x00000000       0x30
 *(.ARM.attributes)
 .ARM.attributes
                0x00000000       0x22 C:/Users/HamzaBeder/scoop/apps/gcc-arm-none-eabi/current/bin/../lib/gcc/arm-none-eabi/13.3.1/thumb/v7e-m+fp/hard/crti.o
 .ARM.attributes
                0x00000022       0x34 C:/Users/HamzaBeder/scoop/apps/gcc-arm-none-eabi/current/bin/../lib/gcc/arm-none-eabi/13.3.1/thumb/v7e-m+fp/hard/crtbegin.o
 .ARM.attributes
                0x00000056       0x34 build/main.o
 .ARM.attributes
                0x0000008a       0x34 build/stm32l4xx_it.o
 .ARM.attributes
                0x000000be       0x34 build/stm32l4xx_hal_msp.o
 .ARM.attributes
                0x000000f2       0x34 build/stm32l4xx_hal.o
 .ARM.attributes
                0x00000126       0x34 build/stm32l4xx_hal_rcc.o
 .ARM.attributes
                0x0000015a       0x34 build/stm32l4xx_hal_pwr_ex.o
 .ARM.attributes
                0x0000018e       0x34 build/stm32l4xx_hal_cortex.o
 .ARM.attributes
                0x000001c2       0x34 build/system_stm32l4xx.o
 .ARM.attributes
                0x000001f6       0x21 build/startup_stm32l476xx.o
 .ARM.attributes
                0x00000217       0x34 C:/Users/HamzaBeder/scoop/apps/gcc-arm-none-eabi/current/bin/../lib/gcc/arm-none-eabi/13.3.1/thumb/v7e-m+fp/hard\libc_nano.a(libc_a-memset.o)
 .ARM.attributes
                0x0000024b       0x34 C:/Users/HamzaBeder/scoop/apps/gcc-arm-none-eabi/current/bin/../lib/gcc/arm-none-eabi/13.3.1/thumb/v7e-m+fp/hard\libc_nano.a(libc_a-init.o)
 .ARM.attributes
                0x0000027f       0x34 C:/Users/HamzaBeder/scoop/apps/gcc-arm-none-eabi/current/bin/../lib/gcc/arm-none-eabi/13.3.1/thumb/v7e-m+fp/hard/crtend.o
 .ARM.attributes
                0x000002b3       0x22 C:/Users/HamzaBeder/scoop/apps/gcc-arm-none-eabi/current/bin/../lib/gcc/arm-none-eabi/13.3.1/thumb/v7e-m+fp/hard/crtn.o
OUTPUT(build/NSBE_High_Power_Rocket.elf elf32-littlearm)
LOAD linker stubs
LOAD C:/Users/HamzaBeder/scoop/apps/gcc-arm-none-eabi/current/bin/../lib/gcc/arm-none-eabi/13.3.1/thumb/v7e-m+fp/hard\libc.a
LOAD C:/Users/HamzaBeder/scoop/apps/gcc-arm-none-eabi/current/bin/../lib/gcc/arm-none-eabi/13.3.1/thumb/v7e-m+fp/hard\libm.a
LOAD C:/Users/HamzaBeder/scoop/apps/gcc-arm-none-eabi/current/bin/../lib/gcc/arm-none-eabi/13.3.1/thumb/v7e-m+fp/hard\libgcc.a

.debug_info     0x00000000     0x4aa7
 .debug_info    0x00000000      0x3ff build/main.o
 .debug_info    0x000003ff      0x158 build/stm32l4xx_it.o
 .debug_info    0x00000557      0x35f build/stm32l4xx_hal_msp.o
 .debug_info    0x000008b6      0xd0b build/stm32l4xx_hal.o
 .debug_info    0x000015c1     0x10ad build/stm32l4xx_hal_rcc.o
 .debug_info    0x0000266e      0xbc9 build/stm32l4xx_hal_pwr_ex.o
 .debug_info    0x00003237     0x11cf build/stm32l4xx_hal_cortex.o
 .debug_info    0x00004406      0x671 build/system_stm32l4xx.o
 .debug_info    0x00004a77       0x30 build/startup_stm32l476xx.o

.debug_abbrev   0x00000000      0xf60
 .debug_abbrev  0x00000000      0x188 build/main.o
 .debug_abbrev  0x00000188       0x80 build/stm32l4xx_it.o
 .debug_abbrev  0x00000208       0xc1 build/stm32l4xx_hal_msp.o
 .debug_abbrev  0x000002c9      0x284 build/stm32l4xx_hal.o
 .debug_abbrev  0x0000054d      0x2de build/stm32l4xx_hal_rcc.o
 .debug_abbrev  0x0000082b      0x233 build/stm32l4xx_hal_pwr_ex.o
 .debug_abbrev  0x00000a5e      0x3ca build/stm32l4xx_hal_cortex.o
 .debug_abbrev  0x00000e28      0x11b build/system_stm32l4xx.o
 .debug_abbrev  0x00000f43       0x1d build/startup_stm32l476xx.o

.debug_loc      0x00000000     0x21dc
 .debug_loc     0x00000000       0x66 build/main.o
 .debug_loc     0x00000066       0x20 build/stm32l4xx_it.o
 .debug_loc     0x00000086       0x2c build/stm32l4xx_hal_msp.o
 .debug_loc     0x000000b2      0x2cd build/stm32l4xx_hal.o
 .debug_loc     0x0000037f      0x9d5 build/stm32l4xx_hal_rcc.o
 .debug_loc     0x00000d54      0xa62 build/stm32l4xx_hal_pwr_ex.o
 .debug_loc     0x000017b6      0x8ff build/stm32l4xx_hal_cortex.o
 .debug_loc     0x000020b5      0x127 build/system_stm32l4xx.o

.debug_aranges  0x00000000      0x510
 .debug_aranges
                0x00000000       0x30 build/main.o
 .debug_aranges
                0x00000030       0x60 build/stm32l4xx_it.o
 .debug_aranges
                0x00000090       0x20 build/stm32l4xx_hal_msp.o
 .debug_aranges
                0x000000b0      0x130 build/stm32l4xx_hal.o
 .debug_aranges
                0x000001e0       0x90 build/stm32l4xx_hal_rcc.o
 .debug_aranges
                0x00000270      0x160 build/stm32l4xx_hal_pwr_ex.o
 .debug_aranges
                0x000003d0       0xf0 build/stm32l4xx_hal_cortex.o
 .debug_aranges
                0x000004c0       0x28 build/system_stm32l4xx.o
 .debug_aranges
                0x000004e8       0x28 build/startup_stm32l476xx.o

.debug_ranges   0x00000000      0x4a0
 .debug_ranges  0x00000000       0x20 build/main.o
 .debug_ranges  0x00000020       0x50 build/stm32l4xx_it.o
 .debug_ranges  0x00000070       0x10 build/stm32l4xx_hal_msp.o
 .debug_ranges  0x00000080      0x120 build/stm32l4xx_hal.o
 .debug_ranges  0x000001a0       0x98 build/stm32l4xx_hal_rcc.o
 .debug_ranges  0x00000238      0x150 build/stm32l4xx_hal_pwr_ex.o
 .debug_ranges  0x00000388       0xe0 build/stm32l4xx_hal_cortex.o
 .debug_ranges  0x00000468       0x18 build/system_stm32l4xx.o
 .debug_ranges  0x00000480       0x20 build/startup_stm32l476xx.o

.debug_line     0x00000000     0x3182
 .debug_line    0x00000000      0x29d build/main.o
 .debug_line    0x0000029d      0x13d build/stm32l4xx_it.o
 .debug_line    0x000003da      0x167 build/stm32l4xx_hal_msp.o
 .debug_line    0x00000541      0x6b0 build/stm32l4xx_hal.o
 .debug_line    0x00000bf1      0xfd2 build/stm32l4xx_hal_rcc.o
 .debug_line    0x00001bc3      0xa9c build/stm32l4xx_hal_pwr_ex.o
 .debug_line    0x0000265f      0x80f build/stm32l4xx_hal_cortex.o
 .debug_line    0x00002e6e      0x2a1 build/system_stm32l4xx.o
 .debug_line    0x0000310f       0x73 build/startup_stm32l476xx.o

.debug_str      0x00000000     0x1d61
 .debug_str     0x00000000     0x1d61 build/main.o
                                0x3c0 (size before relaxing)
 .debug_str     0x00001d61      0x234 build/stm32l4xx_it.o
 .debug_str     0x00001d61      0x30d build/stm32l4xx_hal_msp.o
 .debug_str     0x00001d61      0xcfd build/stm32l4xx_hal.o
 .debug_str     0x00001d61      0x8a1 build/stm32l4xx_hal_rcc.o
 .debug_str     0x00001d61      0x854 build/stm32l4xx_hal_pwr_ex.o
 .debug_str     0x00001d61      0xc57 build/stm32l4xx_hal_cortex.o
 .debug_str     0x00001d61      0x3de build/system_stm32l4xx.o
 .debug_str     0x00001d61       0x87 build/startup_stm32l476xx.o

.comment        0x00000000       0x45
 .comment       0x00000000       0x45 build/main.o
                                 0x46 (size before relaxing)
 .comment       0x00000045       0x46 build/stm32l4xx_it.o
 .comment       0x00000045       0x46 build/stm32l4xx_hal_msp.o
 .comment       0x00000045       0x46 build/stm32l4xx_hal.o
 .comment       0x00000045       0x46 build/stm32l4xx_hal_rcc.o
 .comment       0x00000045       0x46 build/stm32l4xx_hal_pwr_ex.o
 .comment       0x00000045       0x46 build/stm32l4xx_hal_cortex.o
 .comment       0x00000045       0x46 build/system_stm32l4xx.o

.debug_frame    0x00000000      0xa70
 .debug_frame   0x00000000       0x58 build/main.o
 .debug_frame   0x00000058       0xa8 build/stm32l4xx_it.o
 .debug_frame   0x00000100       0x28 build/stm32l4xx_hal_msp.o
 .debug_frame   0x00000128      0x274 build/stm32l4xx_hal.o
 .debug_frame   0x0000039c      0x19c build/stm32l4xx_hal_rcc.o
 .debug_frame   0x00000538      0x2b8 build/stm32l4xx_hal_pwr_ex.o
 .debug_frame   0x000007f0      0x204 build/stm32l4xx_hal_cortex.o
 .debug_frame   0x000009f4       0x30 build/system_stm32l4xx.o
 .debug_frame   0x00000a24       0x20 C:/Users/HamzaBeder/scoop/apps/gcc-arm-none-eabi/current/bin/../lib/gcc/arm-none-eabi/13.3.1/thumb/v7e-m+fp/hard\libc_nano.a(libc_a-memset.o)
 .debug_frame   0x00000a44       0x2c C:/Users/HamzaBeder/scoop/apps/gcc-arm-none-eabi/current/bin/../lib/gcc/arm-none-eabi/13.3.1/thumb/v7e-m+fp/hard\libc_nano.a(libc_a-init.o)

Cross Reference Table

Symbol                                            File
ADC1_2_IRQHandler                                 build/startup_stm32l476xx.o
ADC3_IRQHandler                                   build/startup_stm32l476xx.o
AHBPrescTable                                     build/system_stm32l4xx.o
                                                  build/stm32l4xx_hal_rcc.o
APBPrescTable                                     build/system_stm32l4xx.o
                                                  build/stm32l4xx_hal_rcc.o
BusFault_Handler                                  build/stm32l4xx_it.o
CAN1_RX0_IRQHandler                               build/startup_stm32l476xx.o
CAN1_RX1_IRQHandler                               build/startup_stm32l476xx.o
CAN1_SCE_IRQHandler                               build/startup_stm32l476xx.o
CAN1_TX_IRQHandler                                build/startup_stm32l476xx.o
COMP_IRQHandler                                   build/startup_stm32l476xx.o
DFSDM1_FLT0_IRQHandler                            build/startup_stm32l476xx.o
DFSDM1_FLT1_IRQHandler                            build/startup_stm32l476xx.o
DFSDM1_FLT2_IRQHandler                            build/startup_stm32l476xx.o
DFSDM1_FLT3_IRQHandler                            build/startup_stm32l476xx.o
DMA1_Channel1_IRQHandler                          build/startup_stm32l476xx.o
DMA1_Channel2_IRQHandler                          build/startup_stm32l476xx.o
DMA1_Channel3_IRQHandler                          build/startup_stm32l476xx.o
DMA1_Channel4_IRQHandler                          build/startup_stm32l476xx.o
DMA1_Channel5_IRQHandler                          build/startup_stm32l476xx.o
DMA1_Channel6_IRQHandler                          build/startup_stm32l476xx.o
DMA1_Channel7_IRQHandler                          build/startup_stm32l476xx.o
DMA2_Channel1_IRQHandler                          build/startup_stm32l476xx.o
DMA2_Channel2_IRQHandler                          build/startup_stm32l476xx.o
DMA2_Channel3_IRQHandler                          build/startup_stm32l476xx.o
DMA2_Channel4_IRQHandler                          build/startup_stm32l476xx.o
DMA2_Channel5_IRQHandler                          build/startup_stm32l476xx.o
DMA2_Channel6_IRQHandler                          build/startup_stm32l476xx.o
DMA2_Channel7_IRQHandler                          build/startup_stm32l476xx.o
DebugMon_Handler                                  build/stm32l4xx_it.o
Default_Handler                                   build/startup_stm32l476xx.o
EXTI0_IRQHandler                                  build/startup_stm32l476xx.o
EXTI15_10_IRQHandler                              build/startup_stm32l476xx.o
EXTI1_IRQHandler                                  build/startup_stm32l476xx.o
EXTI2_IRQHandler                                  build/startup_stm32l476xx.o
EXTI3_IRQHandler                                  build/startup_stm32l476xx.o
EXTI4_IRQHandler                                  build/startup_stm32l476xx.o
EXTI9_5_IRQHandler                                build/startup_stm32l476xx.o
Error_Handler                                     build/main.o
FLASH_FlushCaches                                 build/stm32l4xx_hal_flash_ex.o
                                                  build/stm32l4xx_hal_flash.o
FLASH_IRQHandler                                  build/startup_stm32l476xx.o
FLASH_PageErase                                   build/stm32l4xx_hal_flash_ex.o
                                                  build/stm32l4xx_hal_flash.o
FLASH_WaitForLastOperation                        build/stm32l4xx_hal_flash.o
                                                  build/stm32l4xx_hal_flash_ex.o
FMC_IRQHandler                                    build/startup_stm32l476xx.o
FPU_IRQHandler                                    build/startup_stm32l476xx.o
HAL_DBGMCU_DisableDBGSleepMode                    build/stm32l4xx_hal.o
HAL_DBGMCU_DisableDBGStandbyMode                  build/stm32l4xx_hal.o
HAL_DBGMCU_DisableDBGStopMode                     build/stm32l4xx_hal.o
HAL_DBGMCU_EnableDBGSleepMode                     build/stm32l4xx_hal.o
HAL_DBGMCU_EnableDBGStandbyMode                   build/stm32l4xx_hal.o
HAL_DBGMCU_EnableDBGStopMode                      build/stm32l4xx_hal.o
HAL_DMA_Abort                                     build/stm32l4xx_hal_dma.o
HAL_DMA_Abort_IT                                  build/stm32l4xx_hal_dma.o
HAL_DMA_DeInit                                    build/stm32l4xx_hal_dma.o
HAL_DMA_GetError                                  build/stm32l4xx_hal_dma.o
HAL_DMA_GetState                                  build/stm32l4xx_hal_dma.o
HAL_DMA_IRQHandler                                build/stm32l4xx_hal_dma.o
HAL_DMA_Init                                      build/stm32l4xx_hal_dma.o
HAL_DMA_PollForTransfer                           build/stm32l4xx_hal_dma.o
HAL_DMA_RegisterCallback                          build/stm32l4xx_hal_dma.o
HAL_DMA_Start                                     build/stm32l4xx_hal_dma.o
HAL_DMA_Start_IT                                  build/stm32l4xx_hal_dma.o
HAL_DMA_UnRegisterCallback                        build/stm32l4xx_hal_dma.o
HAL_DeInit                                        build/stm32l4xx_hal.o
HAL_Delay                                         build/stm32l4xx_hal.o
HAL_EXTI_ClearConfigLine                          build/stm32l4xx_hal_exti.o
HAL_EXTI_ClearPending                             build/stm32l4xx_hal_exti.o
HAL_EXTI_GenerateSWI                              build/stm32l4xx_hal_exti.o
HAL_EXTI_GetConfigLine                            build/stm32l4xx_hal_exti.o
HAL_EXTI_GetHandle                                build/stm32l4xx_hal_exti.o
HAL_EXTI_GetPending                               build/stm32l4xx_hal_exti.o
HAL_EXTI_IRQHandler                               build/stm32l4xx_hal_exti.o
HAL_EXTI_RegisterCallback                         build/stm32l4xx_hal_exti.o
HAL_EXTI_SetConfigLine                            build/stm32l4xx_hal_exti.o
HAL_FLASHEx_DisableRunPowerDown                   build/stm32l4xx_hal_flash_ramfunc.o
HAL_FLASHEx_EnableRunPowerDown                    build/stm32l4xx_hal_flash_ramfunc.o
HAL_FLASHEx_Erase                                 build/stm32l4xx_hal_flash_ex.o
HAL_FLASHEx_Erase_IT                              build/stm32l4xx_hal_flash_ex.o
HAL_FLASHEx_OBGetConfig                           build/stm32l4xx_hal_flash_ex.o
HAL_FLASHEx_OBProgram                             build/stm32l4xx_hal_flash_ex.o
HAL_FLASH_EndOfOperationCallback                  build/stm32l4xx_hal_flash.o
HAL_FLASH_GetError                                build/stm32l4xx_hal_flash.o
HAL_FLASH_IRQHandler                              build/stm32l4xx_hal_flash.o
HAL_FLASH_Lock                                    build/stm32l4xx_hal_flash.o
HAL_FLASH_OB_Launch                               build/stm32l4xx_hal_flash.o
HAL_FLASH_OB_Lock                                 build/stm32l4xx_hal_flash.o
HAL_FLASH_OB_Unlock                               build/stm32l4xx_hal_flash.o
HAL_FLASH_OperationErrorCallback                  build/stm32l4xx_hal_flash.o
HAL_FLASH_Program                                 build/stm32l4xx_hal_flash.o
HAL_FLASH_Program_IT                              build/stm32l4xx_hal_flash.o
HAL_FLASH_Unlock                                  build/stm32l4xx_hal_flash.o
HAL_GPIO_DeInit                                   build/stm32l4xx_hal_gpio.o
HAL_GPIO_EXTI_Callback                            build/stm32l4xx_hal_gpio.o
HAL_GPIO_EXTI_IRQHandler                          build/stm32l4xx_hal_gpio.o
HAL_GPIO_Init                                     build/stm32l4xx_hal_gpio.o
                                                  build/stm32l4xx_hal_rcc_ex.o
                                                  build/stm32l4xx_hal_rcc.o
HAL_GPIO_LockPin                                  build/stm32l4xx_hal_gpio.o
HAL_GPIO_ReadPin                                  build/stm32l4xx_hal_gpio.o
HAL_GPIO_TogglePin                                build/stm32l4xx_hal_gpio.o
HAL_GPIO_WritePin                                 build/stm32l4xx_hal_gpio.o
HAL_GetDEVID                                      build/stm32l4xx_hal.o
HAL_GetHalVersion                                 build/stm32l4xx_hal.o
HAL_GetREVID                                      build/stm32l4xx_hal.o
HAL_GetTick                                       build/stm32l4xx_hal.o
                                                  build/stm32l4xx_hal_dma.o
                                                  build/stm32l4xx_hal_flash.o
                                                  build/stm32l4xx_hal_rcc_ex.o
                                                  build/stm32l4xx_hal_rcc.o
HAL_GetTickFreq                                   build/stm32l4xx_hal.o
HAL_GetTickPrio                                   build/stm32l4xx_hal.o
HAL_GetUIDw0                                      build/stm32l4xx_hal.o
HAL_GetUIDw1                                      build/stm32l4xx_hal.o
HAL_GetUIDw2                                      build/stm32l4xx_hal.o
HAL_IncTick                                       build/stm32l4xx_hal.o
                                                  build/stm32l4xx_it.o
HAL_Init                                          build/stm32l4xx_hal.o
                                                  build/main.o
HAL_InitTick                                      build/stm32l4xx_hal.o
                                                  build/stm32l4xx_hal_rcc.o
HAL_MPU_ConfigRegion                              build/stm32l4xx_hal_cortex.o
HAL_MPU_Disable                                   build/stm32l4xx_hal_cortex.o
HAL_MPU_DisableRegion                             build/stm32l4xx_hal_cortex.o
HAL_MPU_Enable                                    build/stm32l4xx_hal_cortex.o
HAL_MPU_EnableRegion                              build/stm32l4xx_hal_cortex.o
HAL_MspDeInit                                     build/stm32l4xx_hal.o
HAL_MspInit                                       build/stm32l4xx_hal_msp.o
HAL_NVIC_ClearPendingIRQ                          build/stm32l4xx_hal_cortex.o
HAL_NVIC_DisableIRQ                               build/stm32l4xx_hal_cortex.o
HAL_NVIC_EnableIRQ                                build/stm32l4xx_hal_cortex.o
HAL_NVIC_GetActive                                build/stm32l4xx_hal_cortex.o
HAL_NVIC_GetPendingIRQ                            build/stm32l4xx_hal_cortex.o
HAL_NVIC_GetPriority                              build/stm32l4xx_hal_cortex.o
HAL_NVIC_GetPriorityGrouping                      build/stm32l4xx_hal_cortex.o
HAL_NVIC_SetPendingIRQ                            build/stm32l4xx_hal_cortex.o
HAL_NVIC_SetPriority                              build/stm32l4xx_hal_cortex.o
                                                  build/stm32l4xx_hal.o
HAL_NVIC_SetPriorityGrouping                      build/stm32l4xx_hal_cortex.o
                                                  build/stm32l4xx_hal.o
HAL_NVIC_SystemReset                              build/stm32l4xx_hal_cortex.o
HAL_PWREx_ConfigPVM                               build/stm32l4xx_hal_pwr_ex.o
HAL_PWREx_ControlVoltageScaling                   build/stm32l4xx_hal_pwr_ex.o
                                                  build/main.o
HAL_PWREx_DisableBatteryCharging                  build/stm32l4xx_hal_pwr_ex.o
HAL_PWREx_DisableExtSMPS_0V95                     build/stm32l4xx_hal_pwr_ex.o
HAL_PWREx_DisableGPIOPullDown                     build/stm32l4xx_hal_pwr_ex.o
HAL_PWREx_DisableGPIOPullUp                       build/stm32l4xx_hal_pwr_ex.o
HAL_PWREx_DisableInternalWakeUpLine               build/stm32l4xx_hal_pwr_ex.o
HAL_PWREx_DisableLowPowerRunMode                  build/stm32l4xx_hal_pwr_ex.o
                                                  build/stm32l4xx_hal_pwr.o
HAL_PWREx_DisablePVM1                             build/stm32l4xx_hal_pwr_ex.o
HAL_PWREx_DisablePVM2                             build/stm32l4xx_hal_pwr_ex.o
HAL_PWREx_DisablePVM3                             build/stm32l4xx_hal_pwr_ex.o
HAL_PWREx_DisablePVM4                             build/stm32l4xx_hal_pwr_ex.o
HAL_PWREx_DisablePullUpPullDownConfig             build/stm32l4xx_hal_pwr_ex.o
HAL_PWREx_DisableSRAM2ContentRetention            build/stm32l4xx_hal_pwr_ex.o
HAL_PWREx_DisableVddIO2                           build/stm32l4xx_hal_pwr_ex.o
HAL_PWREx_DisableVddUSB                           build/stm32l4xx_hal_pwr_ex.o
HAL_PWREx_EnableBatteryCharging                   build/stm32l4xx_hal_pwr_ex.o
HAL_PWREx_EnableExtSMPS_0V95                      build/stm32l4xx_hal_pwr_ex.o
HAL_PWREx_EnableGPIOPullDown                      build/stm32l4xx_hal_pwr_ex.o
HAL_PWREx_EnableGPIOPullUp                        build/stm32l4xx_hal_pwr_ex.o
HAL_PWREx_EnableInternalWakeUpLine                build/stm32l4xx_hal_pwr_ex.o
HAL_PWREx_EnableLowPowerRunMode                   build/stm32l4xx_hal_pwr_ex.o
                                                  build/stm32l4xx_hal_pwr.o
HAL_PWREx_EnablePVM1                              build/stm32l4xx_hal_pwr_ex.o
HAL_PWREx_EnablePVM2                              build/stm32l4xx_hal_pwr_ex.o
HAL_PWREx_EnablePVM3                              build/stm32l4xx_hal_pwr_ex.o
HAL_PWREx_EnablePVM4                              build/stm32l4xx_hal_pwr_ex.o
HAL_PWREx_EnablePullUpPullDownConfig              build/stm32l4xx_hal_pwr_ex.o
HAL_PWREx_EnableSRAM2ContentRetention             build/stm32l4xx_hal_pwr_ex.o
HAL_PWREx_EnableVddIO2                            build/stm32l4xx_hal_pwr_ex.o
HAL_PWREx_EnableVddUSB                            build/stm32l4xx_hal_pwr_ex.o
HAL_PWREx_EnterSHUTDOWNMode                       build/stm32l4xx_hal_pwr_ex.o
HAL_PWREx_EnterSTOP0Mode                          build/stm32l4xx_hal_pwr_ex.o
                                                  build/stm32l4xx_hal_pwr.o
HAL_PWREx_EnterSTOP1Mode                          build/stm32l4xx_hal_pwr_ex.o
                                                  build/stm32l4xx_hal_pwr.o
HAL_PWREx_EnterSTOP2Mode                          build/stm32l4xx_hal_pwr_ex.o
HAL_PWREx_GetVoltageRange                         build/stm32l4xx_hal_pwr_ex.o
                                                  build/stm32l4xx_hal_rcc.o
HAL_PWREx_PVD_PVM_IRQHandler                      build/stm32l4xx_hal_pwr_ex.o
HAL_PWREx_PVM1Callback                            build/stm32l4xx_hal_pwr_ex.o
HAL_PWREx_PVM2Callback                            build/stm32l4xx_hal_pwr_ex.o
HAL_PWREx_PVM3Callback                            build/stm32l4xx_hal_pwr_ex.o
HAL_PWREx_PVM4Callback                            build/stm32l4xx_hal_pwr_ex.o
HAL_PWREx_SetSRAM2ContentRetention                build/stm32l4xx_hal_pwr_ex.o
HAL_PWR_ConfigPVD                                 build/stm32l4xx_hal_pwr.o
HAL_PWR_DeInit                                    build/stm32l4xx_hal_pwr.o
HAL_PWR_DisableBkUpAccess                         build/stm32l4xx_hal_pwr.o
                                                  build/stm32l4xx_hal_rcc_ex.o
HAL_PWR_DisablePVD                                build/stm32l4xx_hal_pwr.o
HAL_PWR_DisableSEVOnPend                          build/stm32l4xx_hal_pwr.o
HAL_PWR_DisableSleepOnExit                        build/stm32l4xx_hal_pwr.o
HAL_PWR_DisableWakeUpPin                          build/stm32l4xx_hal_pwr.o
HAL_PWR_EnableBkUpAccess                          build/stm32l4xx_hal_pwr.o
                                                  build/stm32l4xx_hal_rcc_ex.o
HAL_PWR_EnablePVD                                 build/stm32l4xx_hal_pwr.o
HAL_PWR_EnableSEVOnPend                           build/stm32l4xx_hal_pwr.o
HAL_PWR_EnableSleepOnExit                         build/stm32l4xx_hal_pwr.o
HAL_PWR_EnableWakeUpPin                           build/stm32l4xx_hal_pwr.o
HAL_PWR_EnterSLEEPMode                            build/stm32l4xx_hal_pwr.o
HAL_PWR_EnterSTANDBYMode                          build/stm32l4xx_hal_pwr.o
HAL_PWR_EnterSTOPMode                             build/stm32l4xx_hal_pwr.o
HAL_PWR_PVDCallback                               build/stm32l4xx_hal_pwr.o
                                                  build/stm32l4xx_hal_pwr_ex.o
HAL_RCCEx_DisableLSCO                             build/stm32l4xx_hal_rcc_ex.o
HAL_RCCEx_DisableLSECSS                           build/stm32l4xx_hal_rcc_ex.o
HAL_RCCEx_DisableMSIPLLMode                       build/stm32l4xx_hal_rcc_ex.o
HAL_RCCEx_DisablePLLSAI1                          build/stm32l4xx_hal_rcc_ex.o
HAL_RCCEx_DisablePLLSAI2                          build/stm32l4xx_hal_rcc_ex.o
HAL_RCCEx_EnableLSCO                              build/stm32l4xx_hal_rcc_ex.o
HAL_RCCEx_EnableLSECSS                            build/stm32l4xx_hal_rcc_ex.o
HAL_RCCEx_EnableLSECSS_IT                         build/stm32l4xx_hal_rcc_ex.o
HAL_RCCEx_EnableMSIPLLMode                        build/stm32l4xx_hal_rcc_ex.o
HAL_RCCEx_EnablePLLSAI1                           build/stm32l4xx_hal_rcc_ex.o
HAL_RCCEx_EnablePLLSAI2                           build/stm32l4xx_hal_rcc_ex.o
HAL_RCCEx_GetPeriphCLKConfig                      build/stm32l4xx_hal_rcc_ex.o
HAL_RCCEx_GetPeriphCLKFreq                        build/stm32l4xx_hal_rcc_ex.o
HAL_RCCEx_LSECSS_Callback                         build/stm32l4xx_hal_rcc_ex.o
HAL_RCCEx_LSECSS_IRQHandler                       build/stm32l4xx_hal_rcc_ex.o
HAL_RCCEx_PeriphCLKConfig                         build/stm32l4xx_hal_rcc_ex.o
HAL_RCCEx_StandbyMSIRangeConfig                   build/stm32l4xx_hal_rcc_ex.o
HAL_RCCEx_WakeUpStopCLKConfig                     build/stm32l4xx_hal_rcc_ex.o
HAL_RCC_CSSCallback                               build/stm32l4xx_hal_rcc.o
HAL_RCC_ClockConfig                               build/stm32l4xx_hal_rcc.o
                                                  build/main.o
HAL_RCC_DeInit                                    build/stm32l4xx_hal_rcc.o
HAL_RCC_EnableCSS                                 build/stm32l4xx_hal_rcc.o
HAL_RCC_GetClockConfig                            build/stm32l4xx_hal_rcc.o
HAL_RCC_GetHCLKFreq                               build/stm32l4xx_hal_rcc.o
HAL_RCC_GetOscConfig                              build/stm32l4xx_hal_rcc.o
HAL_RCC_GetPCLK1Freq                              build/stm32l4xx_hal_rcc.o
                                                  build/stm32l4xx_hal_rcc_ex.o
HAL_RCC_GetPCLK2Freq                              build/stm32l4xx_hal_rcc.o
                                                  build/stm32l4xx_hal_rcc_ex.o
HAL_RCC_GetResetSource                            build/stm32l4xx_hal_rcc.o
HAL_RCC_GetSysClockFreq                           build/stm32l4xx_hal_rcc.o
                                                  build/stm32l4xx_hal_rcc_ex.o
HAL_RCC_MCOConfig                                 build/stm32l4xx_hal_rcc.o
HAL_RCC_NMI_IRQHandler                            build/stm32l4xx_hal_rcc.o
HAL_RCC_OscConfig                                 build/stm32l4xx_hal_rcc.o
                                                  build/main.o
HAL_ResumeTick                                    build/stm32l4xx_hal.o
HAL_SYSCFG_DisableIOAnalogSwitchBooster           build/stm32l4xx_hal.o
HAL_SYSCFG_DisableMemorySwappingBank              build/stm32l4xx_hal.o
HAL_SYSCFG_DisableVREFBUF                         build/stm32l4xx_hal.o
HAL_SYSCFG_EnableIOAnalogSwitchBooster            build/stm32l4xx_hal.o
HAL_SYSCFG_EnableMemorySwappingBank               build/stm32l4xx_hal.o
HAL_SYSCFG_EnableVREFBUF                          build/stm32l4xx_hal.o
HAL_SYSCFG_SRAM2Erase                             build/stm32l4xx_hal.o
HAL_SYSCFG_VREFBUF_HighImpedanceConfig            build/stm32l4xx_hal.o
HAL_SYSCFG_VREFBUF_TrimmingConfig                 build/stm32l4xx_hal.o
HAL_SYSCFG_VREFBUF_VoltageScalingConfig           build/stm32l4xx_hal.o
HAL_SYSTICK_CLKSourceConfig                       build/stm32l4xx_hal_cortex.o
HAL_SYSTICK_Callback                              build/stm32l4xx_hal_cortex.o
HAL_SYSTICK_Config                                build/stm32l4xx_hal_cortex.o
                                                  build/stm32l4xx_hal.o
HAL_SYSTICK_IRQHandler                            build/stm32l4xx_hal_cortex.o
HAL_SetTickFreq                                   build/stm32l4xx_hal.o
HAL_SuspendTick                                   build/stm32l4xx_hal.o
HardFault_Handler                                 build/stm32l4xx_it.o
I2C1_ER_IRQHandler                                build/startup_stm32l476xx.o
I2C1_EV_IRQHandler                                build/startup_stm32l476xx.o
I2C2_ER_IRQHandler                                build/startup_stm32l476xx.o
I2C2_EV_IRQHandler                                build/startup_stm32l476xx.o
I2C3_ER_IRQHandler                                build/startup_stm32l476xx.o
I2C3_EV_IRQHandler                                build/startup_stm32l476xx.o
LCD_IRQHandler                                    build/startup_stm32l476xx.o
LPTIM1_IRQHandler                                 build/startup_stm32l476xx.o
LPTIM2_IRQHandler                                 build/startup_stm32l476xx.o
LPUART1_IRQHandler                                build/startup_stm32l476xx.o
MSIRangeTable                                     build/system_stm32l4xx.o
                                                  build/stm32l4xx_hal_rcc_ex.o
                                                  build/stm32l4xx_hal_rcc.o
MemManage_Handler                                 build/stm32l4xx_it.o
NMI_Handler                                       build/stm32l4xx_it.o
OTG_FS_IRQHandler                                 build/startup_stm32l476xx.o
PVD_PVM_IRQHandler                                build/startup_stm32l476xx.o
PendSV_Handler                                    build/stm32l4xx_it.o
QUADSPI_IRQHandler                                build/startup_stm32l476xx.o
RCC_IRQHandler                                    build/startup_stm32l476xx.o
RNG_IRQHandler                                    build/startup_stm32l476xx.o
RTC_Alarm_IRQHandler                              build/startup_stm32l476xx.o
RTC_WKUP_IRQHandler                               build/startup_stm32l476xx.o
Reset_Handler                                     build/startup_stm32l476xx.o
SAI1_IRQHandler                                   build/startup_stm32l476xx.o
SAI2_IRQHandler                                   build/startup_stm32l476xx.o
SDMMC1_IRQHandler                                 build/startup_stm32l476xx.o
SPI1_IRQHandler                                   build/startup_stm32l476xx.o
SPI2_IRQHandler                                   build/startup_stm32l476xx.o
SPI3_IRQHandler                                   build/startup_stm32l476xx.o
SVC_Handler                                       build/stm32l4xx_it.o
SWPMI1_IRQHandler                                 build/startup_stm32l476xx.o
SysTick_Handler                                   build/stm32l4xx_it.o
SystemClock_Config                                build/main.o
SystemCoreClock                                   build/system_stm32l4xx.o
                                                  build/stm32l4xx_hal_pwr_ex.o
                                                  build/stm32l4xx_hal_rcc.o
                                                  build/stm32l4xx_hal.o
SystemCoreClockUpdate                             build/system_stm32l4xx.o
SystemInit                                        build/system_stm32l4xx.o
                                                  build/startup_stm32l476xx.o
TAMP_STAMP_IRQHandler                             build/startup_stm32l476xx.o
TIM1_BRK_TIM15_IRQHandler                         build/startup_stm32l476xx.o
TIM1_CC_IRQHandler                                build/startup_stm32l476xx.o
TIM1_TRG_COM_TIM17_IRQHandler                     build/startup_stm32l476xx.o
TIM1_UP_TIM16_IRQHandler                          build/startup_stm32l476xx.o
TIM2_IRQHandler                                   build/startup_stm32l476xx.o
TIM3_IRQHandler                                   build/startup_stm32l476xx.o
TIM4_IRQHandler                                   build/startup_stm32l476xx.o
TIM5_IRQHandler                                   build/startup_stm32l476xx.o
TIM6_DAC_IRQHandler                               build/startup_stm32l476xx.o
TIM7_IRQHandler                                   build/startup_stm32l476xx.o
TIM8_BRK_IRQHandler                               build/startup_stm32l476xx.o
TIM8_CC_IRQHandler                                build/startup_stm32l476xx.o
TIM8_TRG_COM_IRQHandler                           build/startup_stm32l476xx.o
TIM8_UP_IRQHandler                                build/startup_stm32l476xx.o
TSC_IRQHandler                                    build/startup_stm32l476xx.o
UART4_IRQHandler                                  build/startup_stm32l476xx.o
UART5_IRQHandler                                  build/startup_stm32l476xx.o
USART1_IRQHandler                                 build/startup_stm32l476xx.o
USART2_IRQHandler                                 build/startup_stm32l476xx.o
USART3_IRQHandler                                 build/startup_stm32l476xx.o
UsageFault_Handler                                build/stm32l4xx_it.o
WWDG_IRQHandler                                   build/startup_stm32l476xx.o
_ITM_deregisterTMCloneTable                       C:/Users/HamzaBeder/scoop/apps/gcc-arm-none-eabi/current/bin/../lib/gcc/arm-none-eabi/13.3.1/thumb/v7e-m+fp/hard/crtbegin.o
_ITM_registerTMCloneTable                         C:/Users/HamzaBeder/scoop/apps/gcc-arm-none-eabi/current/bin/../lib/gcc/arm-none-eabi/13.3.1/thumb/v7e-m+fp/hard/crtbegin.o
_Min_Stack_Size                                   build/sysmem.o
__TMC_END__                                       C:/Users/HamzaBeder/scoop/apps/gcc-arm-none-eabi/current/bin/../lib/gcc/arm-none-eabi/13.3.1/thumb/v7e-m+fp/hard/crtend.o
                                                  C:/Users/HamzaBeder/scoop/apps/gcc-arm-none-eabi/current/bin/../lib/gcc/arm-none-eabi/13.3.1/thumb/v7e-m+fp/hard/crtbegin.o
__bss_end__                                       C:/Users/HamzaBeder/scoop/apps/gcc-arm-none-eabi/current/bin/../lib/gcc/arm-none-eabi/13.3.1/thumb/v7e-m+fp/hard/crt0.o
__bss_start__                                     C:/Users/HamzaBeder/scoop/apps/gcc-arm-none-eabi/current/bin/../lib/gcc/arm-none-eabi/13.3.1/thumb/v7e-m+fp/hard/crt0.o
__call_exitprocs                                  C:/Users/HamzaBeder/scoop/apps/gcc-arm-none-eabi/current/bin/../lib/gcc/arm-none-eabi/13.3.1/thumb/v7e-m+fp/hard\libc_nano.a(libc_a-exit.o)
__deregister_frame_info                           C:/Users/HamzaBeder/scoop/apps/gcc-arm-none-eabi/current/bin/../lib/gcc/arm-none-eabi/13.3.1/thumb/v7e-m+fp/hard/crtbegin.o
__dso_handle                                      C:/Users/HamzaBeder/scoop/apps/gcc-arm-none-eabi/current/bin/../lib/gcc/arm-none-eabi/13.3.1/thumb/v7e-m+fp/hard/crtbegin.o
__env                                             build/syscalls.o
__errno                                           C:/Users/HamzaBeder/scoop/apps/gcc-arm-none-eabi/current/bin/../lib/gcc/arm-none-eabi/13.3.1/thumb/v7e-m+fp/hard\libc_nano.a(libc_a-errno.o)
                                                  build/syscalls.o
                                                  build/sysmem.o
__fp_lock_all                                     C:/Users/HamzaBeder/scoop/apps/gcc-arm-none-eabi/current/bin/../lib/gcc/arm-none-eabi/13.3.1/thumb/v7e-m+fp/hard\libc_nano.a(libc_a-findfp.o)
__fp_unlock_all                                   C:/Users/HamzaBeder/scoop/apps/gcc-arm-none-eabi/current/bin/../lib/gcc/arm-none-eabi/13.3.1/thumb/v7e-m+fp/hard\libc_nano.a(libc_a-findfp.o)
__init_array_end                                  C:/Users/HamzaBeder/scoop/apps/gcc-arm-none-eabi/current/bin/../lib/gcc/arm-none-eabi/13.3.1/thumb/v7e-m+fp/hard\libc_nano.a(libc_a-init.o)
__init_array_start                                C:/Users/HamzaBeder/scoop/apps/gcc-arm-none-eabi/current/bin/../lib/gcc/arm-none-eabi/13.3.1/thumb/v7e-m+fp/hard\libc_nano.a(libc_a-init.o)
__io_getchar                                      build/syscalls.o
__io_putchar                                      build/syscalls.o
__libc_fini_array                                 C:/Users/HamzaBeder/scoop/apps/gcc-arm-none-eabi/current/bin/../lib/gcc/arm-none-eabi/13.3.1/thumb/v7e-m+fp/hard/crt0.o
__libc_init_array                                 C:/Users/HamzaBeder/scoop/apps/gcc-arm-none-eabi/current/bin/../lib/gcc/arm-none-eabi/13.3.1/thumb/v7e-m+fp/hard\libc_nano.a(libc_a-init.o)
                                                  build/startup_stm32l476xx.o
                                                  C:/Users/HamzaBeder/scoop/apps/gcc-arm-none-eabi/current/bin/../lib/gcc/arm-none-eabi/13.3.1/thumb/v7e-m+fp/hard/crt0.o
__lock___arc4random_mutex                         C:/Users/HamzaBeder/scoop/apps/gcc-arm-none-eabi/current/bin/../lib/gcc/arm-none-eabi/13.3.1/thumb/v7e-m+fp/hard\libc_nano.a(libc_a-lock.o)
__lock___at_quick_exit_mutex                      C:/Users/HamzaBeder/scoop/apps/gcc-arm-none-eabi/current/bin/../lib/gcc/arm-none-eabi/13.3.1/thumb/v7e-m+fp/hard\libc_nano.a(libc_a-lock.o)
__lock___atexit_recursive_mutex                   C:/Users/HamzaBeder/scoop/apps/gcc-arm-none-eabi/current/bin/../lib/gcc/arm-none-eabi/13.3.1/thumb/v7e-m+fp/hard\libc_nano.a(libc_a-lock.o)
__lock___dd_hash_mutex                            C:/Users/HamzaBeder/scoop/apps/gcc-arm-none-eabi/current/bin/../lib/gcc/arm-none-eabi/13.3.1/thumb/v7e-m+fp/hard\libc_nano.a(libc_a-lock.o)
__lock___env_recursive_mutex                      C:/Users/HamzaBeder/scoop/apps/gcc-arm-none-eabi/current/bin/../lib/gcc/arm-none-eabi/13.3.1/thumb/v7e-m+fp/hard\libc_nano.a(libc_a-lock.o)
__lock___malloc_recursive_mutex                   C:/Users/HamzaBeder/scoop/apps/gcc-arm-none-eabi/current/bin/../lib/gcc/arm-none-eabi/13.3.1/thumb/v7e-m+fp/hard\libc_nano.a(libc_a-lock.o)
                                                  C:/Users/HamzaBeder/scoop/apps/gcc-arm-none-eabi/current/bin/../lib/gcc/arm-none-eabi/13.3.1/thumb/v7e-m+fp/hard\libc_nano.a(libc_a-mlock.o)
__lock___sfp_recursive_mutex                      C:/Users/HamzaBeder/scoop/apps/gcc-arm-none-eabi/current/bin/../lib/gcc/arm-none-eabi/13.3.1/thumb/v7e-m+fp/hard\libc_nano.a(libc_a-lock.o)
                                                  C:/Users/HamzaBeder/scoop/apps/gcc-arm-none-eabi/current/bin/../lib/gcc/arm-none-eabi/13.3.1/thumb/v7e-m+fp/hard\libc_nano.a(libc_a-findfp.o)
__lock___tz_mutex                                 C:/Users/HamzaBeder/scoop/apps/gcc-arm-none-eabi/current/bin/../lib/gcc/arm-none-eabi/13.3.1/thumb/v7e-m+fp/hard\libc_nano.a(libc_a-lock.o)
__malloc_free_list                                C:/Users/HamzaBeder/scoop/apps/gcc-arm-none-eabi/current/bin/../lib/gcc/arm-none-eabi/13.3.1/thumb/v7e-m+fp/hard\libc_nano.a(libc_a-mallocr.o)
                                                  C:/Users/HamzaBeder/scoop/apps/gcc-arm-none-eabi/current/bin/../lib/gcc/arm-none-eabi/13.3.1/thumb/v7e-m+fp/hard\libc_nano.a(libc_a-freer.o)
__malloc_lock                                     C:/Users/HamzaBeder/scoop/apps/gcc-arm-none-eabi/current/bin/../lib/gcc/arm-none-eabi/13.3.1/thumb/v7e-m+fp/hard\libc_nano.a(libc_a-mlock.o)
                                                  C:/Users/HamzaBeder/scoop/apps/gcc-arm-none-eabi/current/bin/../lib/gcc/arm-none-eabi/13.3.1/thumb/v7e-m+fp/hard\libc_nano.a(libc_a-mallocr.o)
                                                  C:/Users/HamzaBeder/scoop/apps/gcc-arm-none-eabi/current/bin/../lib/gcc/arm-none-eabi/13.3.1/thumb/v7e-m+fp/hard\libc_nano.a(libc_a-freer.o)
__malloc_sbrk_start                               C:/Users/HamzaBeder/scoop/apps/gcc-arm-none-eabi/current/bin/../lib/gcc/arm-none-eabi/13.3.1/thumb/v7e-m+fp/hard\libc_nano.a(libc_a-mallocr.o)
__malloc_unlock                                   C:/Users/HamzaBeder/scoop/apps/gcc-arm-none-eabi/current/bin/../lib/gcc/arm-none-eabi/13.3.1/thumb/v7e-m+fp/hard\libc_nano.a(libc_a-mlock.o)
                                                  C:/Users/HamzaBeder/scoop/apps/gcc-arm-none-eabi/current/bin/../lib/gcc/arm-none-eabi/13.3.1/thumb/v7e-m+fp/hard\libc_nano.a(libc_a-mallocr.o)
                                                  C:/Users/HamzaBeder/scoop/apps/gcc-arm-none-eabi/current/bin/../lib/gcc/arm-none-eabi/13.3.1/thumb/v7e-m+fp/hard\libc_nano.a(libc_a-freer.o)
__preinit_array_end                               C:/Users/HamzaBeder/scoop/apps/gcc-arm-none-eabi/current/bin/../lib/gcc/arm-none-eabi/13.3.1/thumb/v7e-m+fp/hard\libc_nano.a(libc_a-init.o)
__preinit_array_start                             C:/Users/HamzaBeder/scoop/apps/gcc-arm-none-eabi/current/bin/../lib/gcc/arm-none-eabi/13.3.1/thumb/v7e-m+fp/hard\libc_nano.a(libc_a-init.o)
__register_frame_info                             C:/Users/HamzaBeder/scoop/apps/gcc-arm-none-eabi/current/bin/../lib/gcc/arm-none-eabi/13.3.1/thumb/v7e-m+fp/hard/crtbegin.o
__retarget_lock_acquire                           C:/Users/HamzaBeder/scoop/apps/gcc-arm-none-eabi/current/bin/../lib/gcc/arm-none-eabi/13.3.1/thumb/v7e-m+fp/hard\libc_nano.a(libc_a-lock.o)
__retarget_lock_acquire_recursive                 C:/Users/HamzaBeder/scoop/apps/gcc-arm-none-eabi/current/bin/../lib/gcc/arm-none-eabi/13.3.1/thumb/v7e-m+fp/hard\libc_nano.a(libc_a-lock.o)
                                                  C:/Users/HamzaBeder/scoop/apps/gcc-arm-none-eabi/current/bin/../lib/gcc/arm-none-eabi/13.3.1/thumb/v7e-m+fp/hard\libc_nano.a(libc_a-fflush.o)
                                                  C:/Users/HamzaBeder/scoop/apps/gcc-arm-none-eabi/current/bin/../lib/gcc/arm-none-eabi/13.3.1/thumb/v7e-m+fp/hard\libc_nano.a(libc_a-mlock.o)
                                                  C:/Users/HamzaBeder/scoop/apps/gcc-arm-none-eabi/current/bin/../lib/gcc/arm-none-eabi/13.3.1/thumb/v7e-m+fp/hard\libc_nano.a(libc_a-findfp.o)
__retarget_lock_close                             C:/Users/HamzaBeder/scoop/apps/gcc-arm-none-eabi/current/bin/../lib/gcc/arm-none-eabi/13.3.1/thumb/v7e-m+fp/hard\libc_nano.a(libc_a-lock.o)
__retarget_lock_close_recursive                   C:/Users/HamzaBeder/scoop/apps/gcc-arm-none-eabi/current/bin/../lib/gcc/arm-none-eabi/13.3.1/thumb/v7e-m+fp/hard\libc_nano.a(libc_a-lock.o)
__retarget_lock_init                              C:/Users/HamzaBeder/scoop/apps/gcc-arm-none-eabi/current/bin/../lib/gcc/arm-none-eabi/13.3.1/thumb/v7e-m+fp/hard\libc_nano.a(libc_a-lock.o)
__retarget_lock_init_recursive                    C:/Users/HamzaBeder/scoop/apps/gcc-arm-none-eabi/current/bin/../lib/gcc/arm-none-eabi/13.3.1/thumb/v7e-m+fp/hard\libc_nano.a(libc_a-lock.o)
                                                  C:/Users/HamzaBeder/scoop/apps/gcc-arm-none-eabi/current/bin/../lib/gcc/arm-none-eabi/13.3.1/thumb/v7e-m+fp/hard\libc_nano.a(libc_a-findfp.o)
__retarget_lock_release                           C:/Users/HamzaBeder/scoop/apps/gcc-arm-none-eabi/current/bin/../lib/gcc/arm-none-eabi/13.3.1/thumb/v7e-m+fp/hard\libc_nano.a(libc_a-lock.o)
__retarget_lock_release_recursive                 C:/Users/HamzaBeder/scoop/apps/gcc-arm-none-eabi/current/bin/../lib/gcc/arm-none-eabi/13.3.1/thumb/v7e-m+fp/hard\libc_nano.a(libc_a-lock.o)
                                                  C:/Users/HamzaBeder/scoop/apps/gcc-arm-none-eabi/current/bin/../lib/gcc/arm-none-eabi/13.3.1/thumb/v7e-m+fp/hard\libc_nano.a(libc_a-fflush.o)
                                                  C:/Users/HamzaBeder/scoop/apps/gcc-arm-none-eabi/current/bin/../lib/gcc/arm-none-eabi/13.3.1/thumb/v7e-m+fp/hard\libc_nano.a(libc_a-mlock.o)
                                                  C:/Users/HamzaBeder/scoop/apps/gcc-arm-none-eabi/current/bin/../lib/gcc/arm-none-eabi/13.3.1/thumb/v7e-m+fp/hard\libc_nano.a(libc_a-findfp.o)
__retarget_lock_try_acquire                       C:/Users/HamzaBeder/scoop/apps/gcc-arm-none-eabi/current/bin/../lib/gcc/arm-none-eabi/13.3.1/thumb/v7e-m+fp/hard\libc_nano.a(libc_a-lock.o)
__retarget_lock_try_acquire_recursive             C:/Users/HamzaBeder/scoop/apps/gcc-arm-none-eabi/current/bin/../lib/gcc/arm-none-eabi/13.3.1/thumb/v7e-m+fp/hard\libc_nano.a(libc_a-lock.o)
__sclose                                          C:/Users/HamzaBeder/scoop/apps/gcc-arm-none-eabi/current/bin/../lib/gcc/arm-none-eabi/13.3.1/thumb/v7e-m+fp/hard\libc_nano.a(libc_a-stdio.o)
                                                  C:/Users/HamzaBeder/scoop/apps/gcc-arm-none-eabi/current/bin/../lib/gcc/arm-none-eabi/13.3.1/thumb/v7e-m+fp/hard\libc_nano.a(libc_a-findfp.o)
__seofread                                        C:/Users/HamzaBeder/scoop/apps/gcc-arm-none-eabi/current/bin/../lib/gcc/arm-none-eabi/13.3.1/thumb/v7e-m+fp/hard\libc_nano.a(libc_a-stdio.o)
__sf                                              C:/Users/HamzaBeder/scoop/apps/gcc-arm-none-eabi/current/bin/../lib/gcc/arm-none-eabi/13.3.1/thumb/v7e-m+fp/hard\libc_nano.a(libc_a-findfp.o)
                                                  C:/Users/HamzaBeder/scoop/apps/gcc-arm-none-eabi/current/bin/../lib/gcc/arm-none-eabi/13.3.1/thumb/v7e-m+fp/hard\libc_nano.a(libc_a-impure.o)
__sflush_r                                        C:/Users/HamzaBeder/scoop/apps/gcc-arm-none-eabi/current/bin/../lib/gcc/arm-none-eabi/13.3.1/thumb/v7e-m+fp/hard\libc_nano.a(libc_a-fflush.o)
__sfp                                             C:/Users/HamzaBeder/scoop/apps/gcc-arm-none-eabi/current/bin/../lib/gcc/arm-none-eabi/13.3.1/thumb/v7e-m+fp/hard\libc_nano.a(libc_a-findfp.o)
__sfp_lock_acquire                                C:/Users/HamzaBeder/scoop/apps/gcc-arm-none-eabi/current/bin/../lib/gcc/arm-none-eabi/13.3.1/thumb/v7e-m+fp/hard\libc_nano.a(libc_a-findfp.o)
__sfp_lock_release                                C:/Users/HamzaBeder/scoop/apps/gcc-arm-none-eabi/current/bin/../lib/gcc/arm-none-eabi/13.3.1/thumb/v7e-m+fp/hard\libc_nano.a(libc_a-findfp.o)
__sglue                                           C:/Users/HamzaBeder/scoop/apps/gcc-arm-none-eabi/current/bin/../lib/gcc/arm-none-eabi/13.3.1/thumb/v7e-m+fp/hard\libc_nano.a(libc_a-findfp.o)
                                                  C:/Users/HamzaBeder/scoop/apps/gcc-arm-none-eabi/current/bin/../lib/gcc/arm-none-eabi/13.3.1/thumb/v7e-m+fp/hard\libc_nano.a(libc_a-fflush.o)
__sinit                                           C:/Users/HamzaBeder/scoop/apps/gcc-arm-none-eabi/current/bin/../lib/gcc/arm-none-eabi/13.3.1/thumb/v7e-m+fp/hard\libc_nano.a(libc_a-findfp.o)
                                                  C:/Users/HamzaBeder/scoop/apps/gcc-arm-none-eabi/current/bin/../lib/gcc/arm-none-eabi/13.3.1/thumb/v7e-m+fp/hard\libc_nano.a(libc_a-fflush.o)
__sread                                           C:/Users/HamzaBeder/scoop/apps/gcc-arm-none-eabi/current/bin/../lib/gcc/arm-none-eabi/13.3.1/thumb/v7e-m+fp/hard\libc_nano.a(libc_a-stdio.o)
                                                  C:/Users/HamzaBeder/scoop/apps/gcc-arm-none-eabi/current/bin/../lib/gcc/arm-none-eabi/13.3.1/thumb/v7e-m+fp/hard\libc_nano.a(libc_a-findfp.o)
__sseek                                           C:/Users/HamzaBeder/scoop/apps/gcc-arm-none-eabi/current/bin/../lib/gcc/arm-none-eabi/13.3.1/thumb/v7e-m+fp/hard\libc_nano.a(libc_a-stdio.o)
                                                  C:/Users/HamzaBeder/scoop/apps/gcc-arm-none-eabi/current/bin/../lib/gcc/arm-none-eabi/13.3.1/thumb/v7e-m+fp/hard\libc_nano.a(libc_a-findfp.o)
__stack                                           C:/Users/HamzaBeder/scoop/apps/gcc-arm-none-eabi/current/bin/../lib/gcc/arm-none-eabi/13.3.1/thumb/v7e-m+fp/hard/crt0.o
__stdio_exit_handler                              C:/Users/HamzaBeder/scoop/apps/gcc-arm-none-eabi/current/bin/../lib/gcc/arm-none-eabi/13.3.1/thumb/v7e-m+fp/hard\libc_nano.a(libc_a-findfp.o)
                                                  C:/Users/HamzaBeder/scoop/apps/gcc-arm-none-eabi/current/bin/../lib/gcc/arm-none-eabi/13.3.1/thumb/v7e-m+fp/hard\libc_nano.a(libc_a-exit.o)
__swrite                                          C:/Users/HamzaBeder/scoop/apps/gcc-arm-none-eabi/current/bin/../lib/gcc/arm-none-eabi/13.3.1/thumb/v7e-m+fp/hard\libc_nano.a(libc_a-stdio.o)
                                                  C:/Users/HamzaBeder/scoop/apps/gcc-arm-none-eabi/current/bin/../lib/gcc/arm-none-eabi/13.3.1/thumb/v7e-m+fp/hard\libc_nano.a(libc_a-findfp.o)
_close                                            build/syscalls.o
                                                  C:/Users/HamzaBeder/scoop/apps/gcc-arm-none-eabi/current/bin/../lib/gcc/arm-none-eabi/13.3.1/thumb/v7e-m+fp/hard\libc_nano.a(libc_a-closer.o)
_close_r                                          C:/Users/HamzaBeder/scoop/apps/gcc-arm-none-eabi/current/bin/../lib/gcc/arm-none-eabi/13.3.1/thumb/v7e-m+fp/hard\libc_nano.a(libc_a-closer.o)
                                                  C:/Users/HamzaBeder/scoop/apps/gcc-arm-none-eabi/current/bin/../lib/gcc/arm-none-eabi/13.3.1/thumb/v7e-m+fp/hard\libc_nano.a(libc_a-stdio.o)
_ebss                                             build/startup_stm32l476xx.o
_edata                                            build/startup_stm32l476xx.o
_end                                              build/sysmem.o
_estack                                           build/startup_stm32l476xx.o
                                                  build/sysmem.o
_execve                                           build/syscalls.o
_exit                                             build/syscalls.o
                                                  C:/Users/HamzaBeder/scoop/apps/gcc-arm-none-eabi/current/bin/../lib/gcc/arm-none-eabi/13.3.1/thumb/v7e-m+fp/hard\libc_nano.a(libc_a-exit.o)
_fflush_r                                         C:/Users/HamzaBeder/scoop/apps/gcc-arm-none-eabi/current/bin/../lib/gcc/arm-none-eabi/13.3.1/thumb/v7e-m+fp/hard\libc_nano.a(libc_a-fflush.o)
                                                  C:/Users/HamzaBeder/scoop/apps/gcc-arm-none-eabi/current/bin/../lib/gcc/arm-none-eabi/13.3.1/thumb/v7e-m+fp/hard\libc_nano.a(libc_a-findfp.o)
_fini                                             C:/Users/HamzaBeder/scoop/apps/gcc-arm-none-eabi/current/bin/../lib/gcc/arm-none-eabi/13.3.1/thumb/v7e-m+fp/hard/crti.o
_fork                                             build/syscalls.o
_free_r                                           C:/Users/HamzaBeder/scoop/apps/gcc-arm-none-eabi/current/bin/../lib/gcc/arm-none-eabi/13.3.1/thumb/v7e-m+fp/hard\libc_nano.a(libc_a-freer.o)
                                                  C:/Users/HamzaBeder/scoop/apps/gcc-arm-none-eabi/current/bin/../lib/gcc/arm-none-eabi/13.3.1/thumb/v7e-m+fp/hard\libc_nano.a(libc_a-fflush.o)
                                                  C:/Users/HamzaBeder/scoop/apps/gcc-arm-none-eabi/current/bin/../lib/gcc/arm-none-eabi/13.3.1/thumb/v7e-m+fp/hard\libc_nano.a(libc_a-reent.o)
_fstat                                            build/syscalls.o
_fwalk_sglue                                      C:/Users/HamzaBeder/scoop/apps/gcc-arm-none-eabi/current/bin/../lib/gcc/arm-none-eabi/13.3.1/thumb/v7e-m+fp/hard\libc_nano.a(libc_a-fwalk.o)
                                                  C:/Users/HamzaBeder/scoop/apps/gcc-arm-none-eabi/current/bin/../lib/gcc/arm-none-eabi/13.3.1/thumb/v7e-m+fp/hard\libc_nano.a(libc_a-fflush.o)
                                                  C:/Users/HamzaBeder/scoop/apps/gcc-arm-none-eabi/current/bin/../lib/gcc/arm-none-eabi/13.3.1/thumb/v7e-m+fp/hard\libc_nano.a(libc_a-findfp.o)
_getpid                                           build/syscalls.o
_impure_data                                      C:/Users/HamzaBeder/scoop/apps/gcc-arm-none-eabi/current/bin/../lib/gcc/arm-none-eabi/13.3.1/thumb/v7e-m+fp/hard\libc_nano.a(libc_a-impure.o)
                                                  C:/Users/HamzaBeder/scoop/apps/gcc-arm-none-eabi/current/bin/../lib/gcc/arm-none-eabi/13.3.1/thumb/v7e-m+fp/hard\libc_nano.a(libc_a-fflush.o)
                                                  C:/Users/HamzaBeder/scoop/apps/gcc-arm-none-eabi/current/bin/../lib/gcc/arm-none-eabi/13.3.1/thumb/v7e-m+fp/hard\libc_nano.a(libc_a-findfp.o)
_impure_ptr                                       C:/Users/HamzaBeder/scoop/apps/gcc-arm-none-eabi/current/bin/../lib/gcc/arm-none-eabi/13.3.1/thumb/v7e-m+fp/hard\libc_nano.a(libc_a-impure.o)
                                                  C:/Users/HamzaBeder/scoop/apps/gcc-arm-none-eabi/current/bin/../lib/gcc/arm-none-eabi/13.3.1/thumb/v7e-m+fp/hard\libc_nano.a(libc_a-fflush.o)
                                                  C:/Users/HamzaBeder/scoop/apps/gcc-arm-none-eabi/current/bin/../lib/gcc/arm-none-eabi/13.3.1/thumb/v7e-m+fp/hard\libc_nano.a(libc_a-errno.o)
                                                  C:/Users/HamzaBeder/scoop/apps/gcc-arm-none-eabi/current/bin/../lib/gcc/arm-none-eabi/13.3.1/thumb/v7e-m+fp/hard\libc_nano.a(libc_a-reent.o)
_init                                             C:/Users/HamzaBeder/scoop/apps/gcc-arm-none-eabi/current/bin/../lib/gcc/arm-none-eabi/13.3.1/thumb/v7e-m+fp/hard/crti.o
                                                  C:/Users/HamzaBeder/scoop/apps/gcc-arm-none-eabi/current/bin/../lib/gcc/arm-none-eabi/13.3.1/thumb/v7e-m+fp/hard\libc_nano.a(libc_a-init.o)
_isatty                                           build/syscalls.o
_kill                                             build/syscalls.o
_link                                             build/syscalls.o
_lseek                                            build/syscalls.o
                                                  C:/Users/HamzaBeder/scoop/apps/gcc-arm-none-eabi/current/bin/../lib/gcc/arm-none-eabi/13.3.1/thumb/v7e-m+fp/hard\libc_nano.a(libc_a-lseekr.o)
_lseek_r                                          C:/Users/HamzaBeder/scoop/apps/gcc-arm-none-eabi/current/bin/../lib/gcc/arm-none-eabi/13.3.1/thumb/v7e-m+fp/hard\libc_nano.a(libc_a-lseekr.o)
                                                  C:/Users/HamzaBeder/scoop/apps/gcc-arm-none-eabi/current/bin/../lib/gcc/arm-none-eabi/13.3.1/thumb/v7e-m+fp/hard\libc_nano.a(libc_a-stdio.o)
_mainCRTStartup                                   C:/Users/HamzaBeder/scoop/apps/gcc-arm-none-eabi/current/bin/../lib/gcc/arm-none-eabi/13.3.1/thumb/v7e-m+fp/hard/crt0.o
_malloc_r                                         C:/Users/HamzaBeder/scoop/apps/gcc-arm-none-eabi/current/bin/../lib/gcc/arm-none-eabi/13.3.1/thumb/v7e-m+fp/hard\libc_nano.a(libc_a-mallocr.o)
                                                  C:/Users/HamzaBeder/scoop/apps/gcc-arm-none-eabi/current/bin/../lib/gcc/arm-none-eabi/13.3.1/thumb/v7e-m+fp/hard\libc_nano.a(libc_a-findfp.o)
_open                                             build/syscalls.o
_read                                             build/syscalls.o
                                                  C:/Users/HamzaBeder/scoop/apps/gcc-arm-none-eabi/current/bin/../lib/gcc/arm-none-eabi/13.3.1/thumb/v7e-m+fp/hard\libc_nano.a(libc_a-readr.o)
_read_r                                           C:/Users/HamzaBeder/scoop/apps/gcc-arm-none-eabi/current/bin/../lib/gcc/arm-none-eabi/13.3.1/thumb/v7e-m+fp/hard\libc_nano.a(libc_a-readr.o)
                                                  C:/Users/HamzaBeder/scoop/apps/gcc-arm-none-eabi/current/bin/../lib/gcc/arm-none-eabi/13.3.1/thumb/v7e-m+fp/hard\libc_nano.a(libc_a-stdio.o)
_reclaim_reent                                    C:/Users/HamzaBeder/scoop/apps/gcc-arm-none-eabi/current/bin/../lib/gcc/arm-none-eabi/13.3.1/thumb/v7e-m+fp/hard\libc_nano.a(libc_a-reent.o)
_sbrk                                             build/sysmem.o
                                                  C:/Users/HamzaBeder/scoop/apps/gcc-arm-none-eabi/current/bin/../lib/gcc/arm-none-eabi/13.3.1/thumb/v7e-m+fp/hard\libc_nano.a(libc_a-sbrkr.o)
_sbrk_r                                           C:/Users/HamzaBeder/scoop/apps/gcc-arm-none-eabi/current/bin/../lib/gcc/arm-none-eabi/13.3.1/thumb/v7e-m+fp/hard\libc_nano.a(libc_a-sbrkr.o)
                                                  C:/Users/HamzaBeder/scoop/apps/gcc-arm-none-eabi/current/bin/../lib/gcc/arm-none-eabi/13.3.1/thumb/v7e-m+fp/hard\libc_nano.a(libc_a-mallocr.o)
_sbss                                             build/startup_stm32l476xx.o
_sdata                                            build/startup_stm32l476xx.o
_sidata                                           build/startup_stm32l476xx.o
_stack_init                                       C:/Users/HamzaBeder/scoop/apps/gcc-arm-none-eabi/current/bin/../lib/gcc/arm-none-eabi/13.3.1/thumb/v7e-m+fp/hard/crt0.o
_start                                            C:/Users/HamzaBeder/scoop/apps/gcc-arm-none-eabi/current/bin/../lib/gcc/arm-none-eabi/13.3.1/thumb/v7e-m+fp/hard/crt0.o
_stat                                             build/syscalls.o
_times                                            build/syscalls.o
_unlink                                           build/syscalls.o
_wait                                             build/syscalls.o
_write                                            build/syscalls.o
                                                  C:/Users/HamzaBeder/scoop/apps/gcc-arm-none-eabi/current/bin/../lib/gcc/arm-none-eabi/13.3.1/thumb/v7e-m+fp/hard\libc_nano.a(libc_a-writer.o)
_write_r                                          C:/Users/HamzaBeder/scoop/apps/gcc-arm-none-eabi/current/bin/../lib/gcc/arm-none-eabi/13.3.1/thumb/v7e-m+fp/hard\libc_nano.a(libc_a-writer.o)
                                                  C:/Users/HamzaBeder/scoop/apps/gcc-arm-none-eabi/current/bin/../lib/gcc/arm-none-eabi/13.3.1/thumb/v7e-m+fp/hard\libc_nano.a(libc_a-stdio.o)
atexit                                            C:/Users/HamzaBeder/scoop/apps/gcc-arm-none-eabi/current/bin/../lib/gcc/arm-none-eabi/13.3.1/thumb/v7e-m+fp/hard/crt0.o
environ                                           build/syscalls.o
errno                                             C:/Users/HamzaBeder/scoop/apps/gcc-arm-none-eabi/current/bin/../lib/gcc/arm-none-eabi/13.3.1/thumb/v7e-m+fp/hard\libc_nano.a(libc_a-reent.o)
                                                  C:/Users/HamzaBeder/scoop/apps/gcc-arm-none-eabi/current/bin/../lib/gcc/arm-none-eabi/13.3.1/thumb/v7e-m+fp/hard\libc_nano.a(libc_a-sbrkr.o)
                                                  C:/Users/HamzaBeder/scoop/apps/gcc-arm-none-eabi/current/bin/../lib/gcc/arm-none-eabi/13.3.1/thumb/v7e-m+fp/hard\libc_nano.a(libc_a-writer.o)
                                                  C:/Users/HamzaBeder/scoop/apps/gcc-arm-none-eabi/current/bin/../lib/gcc/arm-none-eabi/13.3.1/thumb/v7e-m+fp/hard\libc_nano.a(libc_a-readr.o)
                                                  C:/Users/HamzaBeder/scoop/apps/gcc-arm-none-eabi/current/bin/../lib/gcc/arm-none-eabi/13.3.1/thumb/v7e-m+fp/hard\libc_nano.a(libc_a-lseekr.o)
                                                  C:/Users/HamzaBeder/scoop/apps/gcc-arm-none-eabi/current/bin/../lib/gcc/arm-none-eabi/13.3.1/thumb/v7e-m+fp/hard\libc_nano.a(libc_a-closer.o)
exit                                              C:/Users/HamzaBeder/scoop/apps/gcc-arm-none-eabi/current/bin/../lib/gcc/arm-none-eabi/13.3.1/thumb/v7e-m+fp/hard\libc_nano.a(libc_a-exit.o)
                                                  C:/Users/HamzaBeder/scoop/apps/gcc-arm-none-eabi/current/bin/../lib/gcc/arm-none-eabi/13.3.1/thumb/v7e-m+fp/hard/crt0.o
fflush                                            C:/Users/HamzaBeder/scoop/apps/gcc-arm-none-eabi/current/bin/../lib/gcc/arm-none-eabi/13.3.1/thumb/v7e-m+fp/hard\libc_nano.a(libc_a-fflush.o)
g_pfnVectors                                      build/startup_stm32l476xx.o
hardware_init_hook                                C:/Users/HamzaBeder/scoop/apps/gcc-arm-none-eabi/current/bin/../lib/gcc/arm-none-eabi/13.3.1/thumb/v7e-m+fp/hard/crt0.o
initialise_monitor_handles                        build/syscalls.o
main                                              build/main.o
                                                  build/startup_stm32l476xx.o
                                                  C:/Users/HamzaBeder/scoop/apps/gcc-arm-none-eabi/current/bin/../lib/gcc/arm-none-eabi/13.3.1/thumb/v7e-m+fp/hard/crt0.o
memset                                            C:/Users/HamzaBeder/scoop/apps/gcc-arm-none-eabi/current/bin/../lib/gcc/arm-none-eabi/13.3.1/thumb/v7e-m+fp/hard\libc_nano.a(libc_a-memset.o)
                                                  C:/Users/HamzaBeder/scoop/apps/gcc-arm-none-eabi/current/bin/../lib/gcc/arm-none-eabi/13.3.1/thumb/v7e-m+fp/hard\libc_nano.a(libc_a-findfp.o)
                                                  build/main.o
                                                  C:/Users/HamzaBeder/scoop/apps/gcc-arm-none-eabi/current/bin/../lib/gcc/arm-none-eabi/13.3.1/thumb/v7e-m+fp/hard/crt0.o
pFlash                                            build/stm32l4xx_hal_flash.o
                                                  build/stm32l4xx_hal_flash_ex.o
software_init_hook                                C:/Users/HamzaBeder/scoop/apps/gcc-arm-none-eabi/current/bin/../lib/gcc/arm-none-eabi/13.3.1/thumb/v7e-m+fp/hard/crt0.o
uwTick                                            build/stm32l4xx_hal.o
uwTickFreq                                        build/stm32l4xx_hal.o
uwTickPrio                                        build/stm32l4xx_hal.o
                                                  build/stm32l4xx_hal_rcc.o
